Component: ARM Compiler 5.06 (build 20) Tool: armlink [4d35a3]

==============================================================================

Section Cross References

    main.o(i.advertising_init) refers to memseta.o(.text) for __aeabi_memclr4
    main.o(i.advertising_init) refers to ble_advertising.o(i.ble_advertising_init) for ble_advertising_init
    main.o(i.advertising_init) refers to app_error.o(i.app_error_handler_bare) for app_error_handler_bare
    main.o(i.advertising_init) refers to ble_advertising.o(i.ble_advertising_conn_cfg_tag_set) for ble_advertising_conn_cfg_tag_set
    main.o(i.advertising_init) refers to main.o(.data) for m_adv_uuids
    main.o(i.advertising_init) refers to main.o(i.on_adv_evt) for on_adv_evt
    main.o(i.assert_nrf_callback) refers to app_error.o(i.app_error_handler) for app_error_handler
    main.o(i.ble_dfu_evt_handler) refers to nrf_log_frontend.o(i.nrf_log_frontend_std_0) for nrf_log_frontend_std_0
    main.o(i.ble_dfu_evt_handler) refers to main.o(.conststring) for .conststring
    main.o(i.ble_evt_dispatch) refers to ble_conn_params.o(i.ble_conn_params_on_ble_evt) for ble_conn_params_on_ble_evt
    main.o(i.ble_evt_dispatch) refers to nrf_ble_gatt.o(i.nrf_ble_gatt_on_ble_evt) for nrf_ble_gatt_on_ble_evt
    main.o(i.ble_evt_dispatch) refers to ble_nus.o(i.ble_nus_on_ble_evt) for ble_nus_on_ble_evt
    main.o(i.ble_evt_dispatch) refers to main.o(i.on_ble_evt) for on_ble_evt
    main.o(i.ble_evt_dispatch) refers to ble_advertising.o(i.ble_advertising_on_ble_evt) for ble_advertising_on_ble_evt
    main.o(i.ble_evt_dispatch) refers to bsp_btn_ble.o(i.bsp_btn_ble_on_ble_evt) for bsp_btn_ble_on_ble_evt
    main.o(i.ble_evt_dispatch) refers to ble_dfu.o(i.ble_dfu_on_ble_evt) for ble_dfu_on_ble_evt
    main.o(i.ble_evt_dispatch) refers to main.o(.bss) for m_gatt
    main.o(i.ble_stack_init) refers to softdevice_handler.o(i.softdevice_handler_init) for softdevice_handler_init
    main.o(i.ble_stack_init) refers to app_error.o(i.app_error_handler_bare) for app_error_handler_bare
    main.o(i.ble_stack_init) refers to softdevice_handler.o(i.softdevice_app_ram_start_get) for softdevice_app_ram_start_get
    main.o(i.ble_stack_init) refers to softdevice_handler.o(i.softdevice_enable) for softdevice_enable
    main.o(i.ble_stack_init) refers to softdevice_handler.o(i.softdevice_ble_evt_handler_set) for softdevice_ble_evt_handler_set
    main.o(i.ble_stack_init) refers to main.o(.constdata) for .constdata
    main.o(i.ble_stack_init) refers to main.o(.bss) for BLE_EVT_BUFFER
    main.o(i.ble_stack_init) refers to main.o(i.ble_evt_dispatch) for ble_evt_dispatch
    main.o(i.bsp_event_handler) refers to main.o(i.sleep_mode_enter) for sleep_mode_enter
    main.o(i.bsp_event_handler) refers to app_error.o(i.app_error_handler_bare) for app_error_handler_bare
    main.o(i.bsp_event_handler) refers to ble_advertising.o(i.ble_advertising_restart_without_whitelist) for ble_advertising_restart_without_whitelist
    main.o(i.bsp_event_handler) refers to main.o(i.mfrc630_MF_example_dump) for mfrc630_MF_example_dump
    main.o(i.bsp_event_handler) refers to main.o(i.nrf_delay_ms) for nrf_delay_ms
    main.o(i.bsp_event_handler) refers to main.o(.data) for m_conn_handle
    main.o(i.buttons_leds_init) refers to bsp.o(i.bsp_init) for bsp_init
    main.o(i.buttons_leds_init) refers to app_error.o(i.app_error_handler_bare) for app_error_handler_bare
    main.o(i.buttons_leds_init) refers to bsp_btn_ble.o(i.bsp_btn_ble_init) for bsp_btn_ble_init
    main.o(i.buttons_leds_init) refers to main.o(i.bsp_event_handler) for bsp_event_handler
    main.o(i.conn_params_error_handler) refers to app_error.o(i.app_error_handler_bare) for app_error_handler_bare
    main.o(i.conn_params_init) refers to memseta.o(.text) for __aeabi_memclr4
    main.o(i.conn_params_init) refers to ble_conn_params.o(i.ble_conn_params_init) for ble_conn_params_init
    main.o(i.conn_params_init) refers to app_error.o(i.app_error_handler_bare) for app_error_handler_bare
    main.o(i.conn_params_init) refers to main.o(i.on_conn_params_evt) for on_conn_params_evt
    main.o(i.conn_params_init) refers to main.o(i.conn_params_error_handler) for conn_params_error_handler
    main.o(i.gap_params_init) refers to app_error.o(i.app_error_handler_bare) for app_error_handler_bare
    main.o(i.gatt_evt_handler) refers to nrf_log_frontend.o(i.nrf_log_frontend_std_2) for nrf_log_frontend_std_2
    main.o(i.gatt_evt_handler) refers to main.o(.data) for m_conn_handle
    main.o(i.gatt_init) refers to nrf_ble_gatt.o(i.nrf_ble_gatt_init) for nrf_ble_gatt_init
    main.o(i.gatt_init) refers to app_error.o(i.app_error_handler_bare) for app_error_handler_bare
    main.o(i.gatt_init) refers to nrf_ble_gatt.o(i.nrf_ble_gatt_att_mtu_periph_set) for nrf_ble_gatt_att_mtu_periph_set
    main.o(i.gatt_init) refers to main.o(i.gatt_evt_handler) for gatt_evt_handler
    main.o(i.gatt_init) refers to main.o(.bss) for m_gatt
[...]
    .constdata                               0x00027964   Section       24  mfrc630.o(.constdata)
    m_twi                                    0x00027964   Data           8  mfrc630.o(.constdata)
    .constdata                               0x0002797c   Section       16  ble_dfu.o(.constdata)
    .constdata                               0x0002798c   Section        4  ble_conn_params.o(.constdata)
    m_conn_params_timer_id                   0x0002798c   Data           4  ble_conn_params.o(.constdata)
    .constdata                               0x00027990   Section       22  nrf_ble_gatt.o(.constdata)
    .constdata                               0x000279a8   Section       16  ble_nus.o(.constdata)
    .constdata                               0x000279b8   Section       71  nrf_drv_gpiote.o(.constdata)
    __func__                                 0x000279bc   Data          20  nrf_drv_gpiote.o(.constdata)
    __func__                                 0x000279d0   Data          24  nrf_drv_gpiote.o(.constdata)
    __func__                                 0x000279e8   Data          23  nrf_drv_gpiote.o(.constdata)
    .constdata                               0x00027a00   Section        8  app_button.o(.constdata)
    m_detection_delay_timer_id               0x00027a00   Data           4  app_button.o(.constdata)
    .constdata                               0x00027a08   Section       32  app_uart_fifo.o(.constdata)
    .constdata                               0x00027a28   Section       40  nrf_log_backend_serial.o(.constdata)
    m_default_color                          0x00027a28   Data           5  nrf_log_backend_serial.o(.constdata)
    .constdata                               0x00027a50   Section      129  ctype_o.o(.constdata)
    .constdata                               0x00027ad4   Section        4  ctype_o.o(.constdata)
    table                                    0x00027ad4   Data           4  ctype_o.o(.constdata)
    .conststring                             0x00027ad8   Section      213  main.o(.conststring)
    .conststring                             0x00027bb0   Section      158  mfrc630.o(.conststring)
    .conststring                             0x00027c50   Section      390  nrf_ble_gatt.o(.conststring)
    .data                                    0x200025f8   Section       13  main.o(.data)
    m_conn_handle                            0x200025f8   Data           2  main.o(.data)
    m_adv_uuids                              0x200025fa   Data           4  main.o(.data)
    m_ble_nus_max_data_len                   0x200025fe   Data           2  main.o(.data)
    reset_this_CPU                           0x20002600   Data           4  main.o(.data)
    index                                    0x20002604   Data           1  main.o(.data)
    .data                                    0x20002608   Section       21  bsp.o(.data)
    m_stable_state                           0x20002608   Data           1  bsp.o(.data)
    m_leds_clear                             0x20002609   Data           1  bsp.o(.data)
    m_indication_type                        0x2000260c   Data           4  bsp.o(.data)
    m_alert_on                               0x20002610   Data           1  bsp.o(.data)
    m_registered_callback                    0x20002614   Data           4  bsp.o(.data)
    current_long_push_pin_no                 0x20002618   Data           1  bsp.o(.data)
    release_event_at_push                    0x20002619   Data           4  bsp.o(.data)
    .data                                    0x20002620   Section        8  bsp_btn_ble.o(.data)
    m_error_handler                          0x20002620   Data           4  bsp_btn_ble.o(.data)
    m_num_connections                        0x20002624   Data           4  bsp_btn_ble.o(.data)
    .data                                    0x20002628   Section        2  hextochar.o(.data)
    .data                                    0x2000262c   Section       31  ble_advertising.o(.data)
    m_initialized                            0x2000262c   Data           1  ble_advertising.o(.data)
    m_advertising_start_pending              0x2000262d   Data           1  ble_advertising.o(.data)
    m_adv_evt                                0x2000262e   Data           1  ble_advertising.o(.data)
    m_adv_mode_current                       0x2000262f   Data           1  ble_advertising.o(.data)
    m_conn_cfg_tag                           0x20002630   Data           1  ble_advertising.o(.data)
    m_peer_address                           0x20002631   Data           7  ble_advertising.o(.data)
    m_peer_addr_reply_expected               0x20002638   Data           1  ble_advertising.o(.data)
    m_slave_conn_int                         0x2000263a   Data           4  ble_advertising.o(.data)
    m_current_slave_link_conn_handle         0x2000263e   Data           2  ble_advertising.o(.data)
    m_evt_handler                            0x20002640   Data           4  ble_advertising.o(.data)
    m_error_handler                          0x20002644   Data           4  ble_advertising.o(.data)
    m_whitelist_temporarily_disabled         0x20002648   Data           1  ble_advertising.o(.data)
    m_whitelist_reply_expected               0x20002649   Data           1  ble_advertising.o(.data)
    m_whitelist_in_use                       0x2000264a   Data           1  ble_advertising.o(.data)
    .data                                    0x2000264c   Section       21  ble_conn_params.o(.data)
    m_preferred_conn_params                  0x2000264c   Data           8  ble_conn_params.o(.data)
    m_update_count                           0x20002654   Data           1  ble_conn_params.o(.data)
    m_conn_handle                            0x20002656   Data           2  ble_conn_params.o(.data)
    m_current_conn_params                    0x20002658   Data           8  ble_conn_params.o(.data)
    m_change_param                           0x20002660   Data           1  ble_conn_params.o(.data)
    .data                                    0x20002664   Section       20  app_button.o(.data)
    mp_buttons                               0x20002664   Data           4  app_button.o(.data)
    m_button_count                           0x20002668   Data           1  app_button.o(.data)
    m_detection_delay                        0x2000266c   Data           4  app_button.o(.data)
    m_pin_state                              0x20002670   Data           4  app_button.o(.data)
    m_pin_transition                         0x20002674   Data           4  app_button.o(.data)
    .data                                    0x20002678   Section       20  app_timer.o(.data)
    mp_timer_id_head                         0x20002678   Data           4  app_timer.o(.data)
    m_ticks_latest                           0x2000267c   Data           4  app_timer.o(.data)
    m_ticks_elapsed                          0x20002680   Data           8  app_timer.o(.data)
    m_ticks_elapsed_q_read_ind               0x20002688   Data           1  app_timer.o(.data)
    m_ticks_elapsed_q_write_ind              0x20002689   Data           1  app_timer.o(.data)
    m_rtc1_running                           0x2000268a   Data           1  app_timer.o(.data)
    m_rtc1_reset                             0x2000268b   Data           1  app_timer.o(.data)
    .data                                    0x2000268c   Section       15  app_uart_fifo.o(.data)
    app_uart_inst                            0x2000268c   Data           8  app_uart_fifo.o(.data)
    m_event_handler                          0x20002694   Data           4  app_uart_fifo.o(.data)
    tx_buffer                                0x20002698   Data           1  app_uart_fifo.o(.data)
    rx_buffer                                0x20002699   Data           1  app_uart_fifo.o(.data)
    m_rx_ovf                                 0x2000269a   Data           1  app_uart_fifo.o(.data)
    .data                                    0x2000269c   Section        8  retarget.o(.data)
    .data                                    0x200026a4   Section       11  nrf_log_backend_serial.o(.data)
    m_uart                                   0x200026a4   Data           8  nrf_log_backend_serial.o(.data)
    m_initialized                            0x200026ac   Data           1  nrf_log_backend_serial.o(.data)
    m_blocking_mode                          0x200026ad   Data           1  nrf_log_backend_serial.o(.data)
    m_rx_done                                0x200026ae   Data           1  nrf_log_backend_serial.o(.data)
    .data                                    0x200026b0   Section       24  softdevice_handler.o(.data)
    m_evt_schedule_func                      0x200026b0   Data           4  softdevice_handler.o(.data)
    m_sys_evt_handler                        0x200026b4   Data           4  softdevice_handler.o(.data)
    m_softdevice_enabled                     0x200026b8   Data           1  softdevice_handler.o(.data)
    m_suspended                              0x200026b9   Data           1  softdevice_handler.o(.data)
    mp_ble_evt_buffer                        0x200026bc   Data           4  softdevice_handler.o(.data)
    m_ble_evt_buffer_size                    0x200026c0   Data           2  softdevice_handler.o(.data)
    m_ble_evt_handler                        0x200026c4   Data           4  softdevice_handler.o(.data)
    .data                                    0x200026c8   Section        4  system_nrf52.o(.data)
    __tagsym$$used                           0x200026c8   Number         0  system_nrf52.o(.data)
    .bss                                     0x200026cc   Section     1475  main.o(.bss)
    m_nus                                    0x200026cc   Data          28  main.o(.bss)
    m_dfus                                   0x200026e8   Data          24  main.o(.bss)
    m_gatt                                   0x20002700   Data          28  main.o(.bss)
    BLE_EVT_BUFFER                           0x2000271c   Data         216  main.o(.bss)
    data_array                               0x200027f4   Data         155  main.o(.bss)
    rx_buf                                   0x2000288f   Data         512  main.o(.bss)
    tx_buf                                   0x20002a8f   Data         512  main.o(.bss)
    .bss                                     0x20002c90   Section      108  bsp.o(.bss)
    m_leds_timer_id_data                     0x20002c90   Data          32  bsp.o(.bss)
    m_alert_timer_id_data                    0x20002cb0   Data          32  bsp.o(.bss)
    m_events_list                            0x20002cd0   Data          12  bsp.o(.bss)
    m_button_timer_id_data                   0x20002cdc   Data          32  bsp.o(.bss)
    .bss                                     0x20002cfc   Section       80  nrf_drv_twi.o(.bss)
    m_cb                                     0x20002cfc   Data          80  nrf_drv_twi.o(.bss)
    .bss                                     0x20002d4c   Section        9  hextochar.o(.bss)
    .bss                                     0x20002d58   Section      179  ble_advertising.o(.bss)
    m_adv_modes_config                       0x20002d58   Data          32  ble_advertising.o(.bss)
    m_advdata                                0x20002d78   Data          60  ble_advertising.o(.bss)
    m_manuf_specific_data                    0x20002db4   Data          12  ble_advertising.o(.bss)
    m_manuf_data_array                       0x20002dc0   Data          31  ble_advertising.o(.bss)
    m_service_data                           0x20002de0   Data          12  ble_advertising.o(.bss)
    m_service_data_array                     0x20002dec   Data          31  ble_advertising.o(.bss)
    .bss                                     0x20002e0c   Section       60  ble_conn_params.o(.bss)
    m_conn_params_config                     0x20002e0c   Data          28  ble_conn_params.o(.bss)
    m_conn_params_timer_id_data              0x20002e28   Data          32  ble_conn_params.o(.bss)
    .bss                                     0x20002e48   Section       20  nrf_drv_clock.o(.bss)
    m_clock_cb                               0x20002e48   Data          20  nrf_drv_clock.o(.bss)
    .bss                                     0x20002e5c   Section       88  nrf_drv_gpiote.o(.bss)
    m_cb                                     0x20002e5c   Data          88  nrf_drv_gpiote.o(.bss)
    .bss                                     0x20002eb4   Section       32  nrf_drv_uart.o(.bss)
    m_cb                                     0x20002eb4   Data          32  nrf_drv_uart.o(.bss)
    .bss                                     0x20002ed4   Section       32  app_button.o(.bss)
    m_detection_delay_timer_id_data          0x20002ed4   Data          32  app_button.o(.bss)
    .bss                                     0x20002ef4   Section      268  app_timer.o(.bss)
    m_op_queue                               0x20002ef4   Data         268  app_timer.o(.bss)
    .bss                                     0x20003000   Section       32  app_uart_fifo.o(.bss)
    m_rx_fifo                                0x20003000   Data          16  app_uart_fifo.o(.bss)
    m_tx_fifo                                0x20003010   Data          16  app_uart_fifo.o(.bss)
    .bss                                     0x20003020   Section       12  app_util_platform.o(.bss)
    .bss                                     0x2000302c   Section      104  fstorage.o(.bss)
    m_queue                                  0x2000302c   Data         104  fstorage.o(.bss)
    .bss                                     0x20003094   Section      256  nrf_log_backend_serial.o(.bss)
    m_uart_buffer                            0x20003094   Data         256  nrf_log_backend_serial.o(.bss)
    .bss                                     0x20003194   Section       28  nrf_log_frontend.o(.bss)
    m_log_data                               0x20003194   Data          28  nrf_log_frontend.o(.bss)
    .bss                                     0x200031b0   Section      648  segger_rtt.o(.bss)
    _acUpBuffer                              0x200031b0   Data         512  segger_rtt.o(.bss)
    _acDownBuffer                            0x200033b0   Data          16  segger_rtt.o(.bss)
    STACK                                    0x20003438   Section     8192  arm_startup_nrf52.o(STACK)

    Global Symbols

    Symbol Name                              Value     Ov Type        Size  Object(Section)

    BuildAttributes$$THM_ISAv4$E$P$D$K$B$S$7EM$VFPi3$EXTD16$VFPS$VFMA$PE$A:L22UL41UL21$X:L11$S22US41US21$IEEE1$IW$USESV6$~STKCKD$USESV7$~SHL$OSPACE$ROPI$EBA8$MICROLIB$REQ8$PRES8$EABIv2 0x00000000   Number         0  anon$$obj.o ABSOLUTE
    __ARM_use_no_argv                        0x00000000   Number         0  main.o ABSOLUTE
    _printf_a                                0x00000000   Number         0  stubs.o ABSOLUTE
    _printf_c                                0x00000000   Number         0  stubs.o ABSOLUTE
    _printf_charcount                        0x00000000   Number         0  stubs.o ABSOLUTE
    _printf_d                                0x00000000   Number         0  stubs.o ABSOLUTE
    _printf_e                                0x00000000   Number         0  stubs.o ABSOLUTE
    _printf_f                                0x00000000   Number         0  stubs.o ABSOLUTE
    _printf_flags                            0x00000000   Number         0  stubs.o ABSOLUTE
    _printf_fp_dec                           0x00000000   Number         0  stubs.o ABSOLUTE
    _printf_fp_hex                           0x00000000   Number         0  stubs.o ABSOLUTE
    _printf_g                                0x00000000   Number         0  stubs.o ABSOLUTE
    _printf_i                                0x00000000   Number         0  stubs.o ABSOLUTE
    _printf_int_dec                          0x00000000   Number         0  stubs.o ABSOLUTE
    _printf_l                                0x00000000   Number         0  stubs.o ABSOLUTE
    _printf_lc                               0x00000000   Number         0  stubs.o ABSOLUTE
    _printf_ll                               0x00000000   Number         0  stubs.o ABSOLUTE
    _printf_lld                              0x00000000   Number         0  stubs.o ABSOLUTE
    _printf_lli                              0x00000000   Number         0  stubs.o ABSOLUTE
    _printf_llo                              0x00000000   Number         0  stubs.o ABSOLUTE
    _printf_llu                              0x00000000   Number         0  stubs.o ABSOLUTE
    _printf_llx                              0x00000000   Number         0  stubs.o ABSOLUTE
    _printf_longlong_dec                     0x00000000   Number         0  stubs.o ABSOLUTE
    _printf_longlong_hex                     0x00000000   Number         0  stubs.o ABSOLUTE
    _printf_longlong_oct                     0x00000000   Number         0  stubs.o ABSOLUTE
    _printf_ls                               0x00000000   Number         0  stubs.o ABSOLUTE
    _printf_mbtowc                           0x00000000   Number         0  stubs.o ABSOLUTE
    _printf_n                                0x00000000   Number         0  stubs.o ABSOLUTE
    _printf_o                                0x00000000   Number         0  stubs.o ABSOLUTE
    _printf_p                                0x00000000   Number         0  stubs.o ABSOLUTE
    _printf_percent                          0x00000000   Number         0  stubs.o ABSOLUTE
    _printf_pre_padding                      0x00000000   Number         0  stubs.o ABSOLUTE
    _printf_return_value                     0x00000000   Number         0  stubs.o ABSOLUTE
    _printf_s                                0x00000000   Number         0  stubs.o ABSOLUTE
    _printf_sizespec                         0x00000000   Number         0  stubs.o ABSOLUTE
    _printf_str                              0x00000000   Number         0  stubs.o ABSOLUTE
    _printf_truncate_signed                  0x00000000   Number         0  stubs.o ABSOLUTE
    _printf_truncate_unsigned                0x00000000   Number         0  stubs.o ABSOLUTE
    _printf_u                                0x00000000   Number         0  stubs.o ABSOLUTE
    _printf_wc                               0x00000000   Number         0  stubs.o ABSOLUTE
    _printf_wctomb                           0x00000000   Number         0  stubs.o ABSOLUTE
    _printf_widthprec                        0x00000000   Number         0  stubs.o ABSOLUTE
    _printf_x                                0x00000000   Number         0  stubs.o ABSOLUTE
    __cpp_initialize__aeabi_                  - Undefined Weak Reference
    __cxa_finalize                            - Undefined Weak Reference
    __decompress                              - Undefined Weak Reference
    _clock_init                               - Undefined Weak Reference
    _microlib_exit                            - Undefined Weak Reference
    fs_data$$Base                             - Undefined Reference
    fs_data$$Limit                            - Undefined Reference
    __Vectors_Size                           0x00000200   Number         0  arm_startup_nrf52.o ABSOLUTE
    __Vectors                                0x0001f000   Data           4  arm_startup_nrf52.o(RESET)
    __Vectors_End                            0x0001f200   Data           0  arm_startup_nrf52.o(RESET)
    __main                                   0x0001f201   Thumb Code     0  entry.o(.ARM.Collect$$$$00000000)
    _main_stk                                0x0001f201   Thumb Code     0  entry2.o(.ARM.Collect$$$$00000001)
    _main_scatterload                        0x0001f205   Thumb Code     0  entry5.o(.ARM.Collect$$$$00000004)
    __main_after_scatterload                 0x0001f209   Thumb Code     0  entry5.o(.ARM.Collect$$$$00000004)
    _main_clock                              0x0001f209   Thumb Code     0  entry7b.o(.ARM.Collect$$$$00000008)
    _main_cpp_init                           0x0001f209   Thumb Code     0  entry8b.o(.ARM.Collect$$$$0000000A)
    _main_init                               0x0001f209   Thumb Code     0  entry9a.o(.ARM.Collect$$$$0000000B)
    __rt_final_cpp                           0x0001f211   Thumb Code     0  entry10a.o(.ARM.Collect$$$$0000000D)
    __rt_final_exit                          0x0001f211   Thumb Code     0  entry11a.o(.ARM.Collect$$$$0000000F)
    Reset_Handler                            0x0001f215   Thumb Code     8  arm_startup_nrf52.o(.text)
    NMI_Handler                              0x0001f21d   Thumb Code     2  arm_startup_nrf52.o(.text)
    HardFault_Handler                        0x0001f21f   Thumb Code     2  arm_startup_nrf52.o(.text)
    MemoryManagement_Handler                 0x0001f221   Thumb Code     2  arm_startup_nrf52.o(.text)
    BusFault_Handler                         0x0001f223   Thumb Code     2  arm_startup_nrf52.o(.text)
    UsageFault_Handler                       0x0001f225   Thumb Code     2  arm_startup_nrf52.o(.text)
    SVC_Handler                              0x0001f227   Thumb Code     2  arm_startup_nrf52.o(.text)
    DebugMon_Handler                         0x0001f229   Thumb Code     2  arm_startup_nrf52.o(.text)
    PendSV_Handler                           0x0001f22b   Thumb Code     2  arm_startup_nrf52.o(.text)
    SysTick_Handler                          0x0001f22d   Thumb Code     2  arm_startup_nrf52.o(.text)
    CCM_AAR_IRQHandler                       0x0001f22f   Thumb Code     0  arm_startup_nrf52.o(.text)
    COMP_LPCOMP_IRQHandler                   0x0001f22f   Thumb Code     0  arm_startup_nrf52.o(.text)
    ECB_IRQHandler                           0x0001f22f   Thumb Code     0  arm_startup_nrf52.o(.text)
    FPU_IRQHandler                           0x0001f22f   Thumb Code     0  arm_startup_nrf52.o(.text)
    I2S_IRQHandler                           0x0001f22f   Thumb Code     0  arm_startup_nrf52.o(.text)
    MWU_IRQHandler                           0x0001f22f   Thumb Code     0  arm_startup_nrf52.o(.text)
    NFCT_IRQHandler                          0x0001f22f   Thumb Code     0  arm_startup_nrf52.o(.text)
    PDM_IRQHandler                           0x0001f22f   Thumb Code     0  arm_startup_nrf52.o(.text)
    PWM0_IRQHandler                          0x0001f22f   Thumb Code     0  arm_startup_nrf52.o(.text)
    PWM1_IRQHandler                          0x0001f22f   Thumb Code     0  arm_startup_nrf52.o(.text)
    PWM2_IRQHandler                          0x0001f22f   Thumb Code     0  arm_startup_nrf52.o(.text)
    QDEC_IRQHandler                          0x0001f22f   Thumb Code     0  arm_startup_nrf52.o(.text)
    RADIO_IRQHandler                         0x0001f22f   Thumb Code     0  arm_startup_nrf52.o(.text)
    RNG_IRQHandler                           0x0001f22f   Thumb Code     0  arm_startup_nrf52.o(.text)
    RTC0_IRQHandler                          0x0001f22f   Thumb Code     0  arm_startup_nrf52.o(.text)
    RTC2_IRQHandler                          0x0001f22f   Thumb Code     0  arm_startup_nrf52.o(.text)
    SAADC_IRQHandler                         0x0001f22f   Thumb Code     0  arm_startup_nrf52.o(.text)
    SPIM2_SPIS2_SPI2_IRQHandler              0x0001f22f   Thumb Code     0  arm_startup_nrf52.o(.text)
    SWI1_EGU1_IRQHandler                     0x0001f22f   Thumb Code     0  arm_startup_nrf52.o(.text)
    SWI3_EGU3_IRQHandler                     0x0001f22f   Thumb Code     0  arm_startup_nrf52.o(.text)
    SWI4_EGU4_IRQHandler                     0x0001f22f   Thumb Code     0  arm_startup_nrf52.o(.text)
    SWI5_EGU5_IRQHandler                     0x0001f22f   Thumb Code     0  arm_startup_nrf52.o(.text)
    TEMP_IRQHandler                          0x0001f22f   Thumb Code     0  arm_startup_nrf52.o(.text)
    TIMER0_IRQHandler                        0x0001f22f   Thumb Code     0  arm_startup_nrf52.o(.text)
    TIMER1_IRQHandler                        0x0001f22f   Thumb Code     0  arm_startup_nrf52.o(.text)
    TIMER2_IRQHandler                        0x0001f22f   Thumb Code     0  arm_startup_nrf52.o(.text)
    TIMER3_IRQHandler                        0x0001f22f   Thumb Code     0  arm_startup_nrf52.o(.text)
    TIMER4_IRQHandler                        0x0001f22f   Thumb Code     0  arm_startup_nrf52.o(.text)
    WDT_IRQHandler                           0x0001f22f   Thumb Code     0  arm_startup_nrf52.o(.text)
    __aeabi_uldivmod                         0x0001f239   Thumb Code    98  uldiv.o(.text)
    __rt_ctype_table                         0x0001f29d   Thumb Code     4  ctype_o.o(.text)
    __aeabi_memcpy                           0x0001f2a5   Thumb Code    36  memcpya.o(.text)
    __aeabi_memcpy4                          0x0001f2a5   Thumb Code     0  memcpya.o(.text)
    __aeabi_memcpy8                          0x0001f2a5   Thumb Code     0  memcpya.o(.text)
    __aeabi_memset                           0x0001f2c9   Thumb Code    14  memseta.o(.text)
    __aeabi_memset4                          0x0001f2c9   Thumb Code     0  memseta.o(.text)
    __aeabi_memset8                          0x0001f2c9   Thumb Code     0  memseta.o(.text)
    __aeabi_memclr                           0x0001f2d7   Thumb Code     4  memseta.o(.text)
    __aeabi_memclr4                          0x0001f2d7   Thumb Code     0  memseta.o(.text)
    __aeabi_memclr8                          0x0001f2d7   Thumb Code     0  memseta.o(.text)
    _memset$wrapper                          0x0001f2db   Thumb Code    18  memseta.o(.text)
    strcat                                   0x0001f2ed   Thumb Code    24  strcat.o(.text)
    strlen                                   0x0001f305   Thumb Code    14  strlen.o(.text)
    strcmp                                   0x0001f313   Thumb Code    28  strcmp.o(.text)
    strcpy                                   0x0001f32f   Thumb Code    18  strcpy.o(.text)
    __aeabi_llsl                             0x0001f341   Thumb Code    30  llshl.o(.text)
    _ll_shift_l                              0x0001f341   Thumb Code     0  llshl.o(.text)
    __aeabi_llsr                             0x0001f35f   Thumb Code    32  llushr.o(.text)
    _ll_ushift_r                             0x0001f35f   Thumb Code     0  llushr.o(.text)
    __scatterload                            0x0001f381   Thumb Code    28  init.o(.text)
    __scatterload_rt2                        0x0001f381   Thumb Code     0  init.o(.text)
    GPIOTE_IRQHandler                        0x0001f3a5   Thumb Code   554  nrf_drv_gpiote.o(i.GPIOTE_IRQHandler)
    HexToChar                                0x0001f5dd   Thumb Code    22  hextochar.o(i.HexToChar)
    POWER_CLOCK_IRQHandler                   0x0001f691   Thumb Code    74  nrf_drv_clock.o(i.POWER_CLOCK_IRQHandler)
    RTC1_IRQHandler                          0x0001f6e1   Thumb Code    44  app_timer.o(i.RTC1_IRQHandler)
    SEGGER_RTT_Init                          0x0001f715   Thumb Code    18  segger_rtt.o(i.SEGGER_RTT_Init)
    SEGGER_RTT_WriteNoLock                   0x0001f72d   Thumb Code   126  segger_rtt.o(i.SEGGER_RTT_WriteNoLock)
    SPIM0_SPIS0_TWIM0_TWIS0_SPI0_TWI0_IRQHandler 0x0001f7b1   Thumb Code    12  nrf_drv_twi.o(i.SPIM0_SPIS0_TWIM0_TWIS0_SPI0_TWI0_IRQHandler)
    SPIM1_SPIS1_TWIM1_TWIS1_SPI1_TWI1_IRQHandler 0x0001f7c5   Thumb Code    14  nrf_drv_twi.o(i.SPIM1_SPIS1_TWIM1_TWIS1_SPI1_TWI1_IRQHandler)
    SWI0_EGU0_IRQHandler                     0x0001f7d9   Thumb Code     8  app_timer.o(i.SWI0_EGU0_IRQHandler)
    SWI2_EGU2_IRQHandler                     0x0001f7e1   Thumb Code    42  softdevice_handler.o(i.SWI2_EGU2_IRQHandler)
    SystemCoreClockUpdate                    0x0001f811   Thumb Code     8  system_nrf52.o(i.SystemCoreClockUpdate)
    SystemInit                               0x0001f821   Thumb Code   578  system_nrf52.o(i.SystemInit)
    UARTE0_UART0_IRQHandler                  0x0001faa5   Thumb Code    28  nrf_drv_uart.o(i.UARTE0_UART0_IRQHandler)
    __0printf$8                              0x0001fc15   Thumb Code    22  printf8.o(i.__0printf$8)
    __1printf$8                              0x0001fc15   Thumb Code     0  printf8.o(i.__0printf$8)
    __2printf                                0x0001fc15   Thumb Code     0  printf8.o(i.__0printf$8)
    __0snprintf$8                            0x0001fc35   Thumb Code    36  printf8.o(i.__0snprintf$8)
    __1snprintf$8                            0x0001fc35   Thumb Code     0  printf8.o(i.__0snprintf$8)
    __2snprintf                              0x0001fc35   Thumb Code     0  printf8.o(i.__0snprintf$8)
    __scatterload_copy                       0x0001fc5d   Thumb Code    14  handlers.o(i.__scatterload_copy)
    __scatterload_null                       0x0001fc6b   Thumb Code     2  handlers.o(i.__scatterload_null)
    __scatterload_zeroinit                   0x0001fc6d   Thumb Code    14  handlers.o(i.__scatterload_zeroinit)
    adv_data_encode                          0x00020151   Thumb Code   364  ble_advdata.o(i.adv_data_encode)
    app_button_enable                        0x0002041d   Thumb Code    34  app_button.o(i.app_button_enable)
    app_button_init                          0x00020449   Thumb Code   132  app_button.o(i.app_button_init)
    app_error_fault_handler                  0x000204f1   Thumb Code    76  app_error_weak.o(i.app_error_fault_handler)
    app_error_handler_bare                   0x00020571   Thumb Code    28  app_error.o(i.app_error_handler_bare)
    app_fifo_get                             0x0002058d   Thumb Code    30  app_fifo.o(i.app_fifo_get)
    app_fifo_init                            0x000205ab   Thumb Code    36  app_fifo.o(i.app_fifo_init)
    app_fifo_put                             0x000205cf   Thumb Code    34  app_fifo.o(i.app_fifo_put)
    app_timer_create                         0x000205f1   Thumb Code    56  app_timer.o(i.app_timer_create)
    app_timer_init                           0x0002062d   Thumb Code    70  app_timer.o(i.app_timer_init)
    app_timer_start                          0x00020689   Thumb Code    78  app_timer.o(i.app_timer_start)
    app_timer_stop                           0x000206dd   Thumb Code    44  app_timer.o(i.app_timer_stop)
    app_uart_get                             0x0002070d   Thumb Code    66  app_uart_fifo.o(i.app_uart_get)
    app_uart_init                            0x00020761   Thumb Code   200  app_uart_fifo.o(i.app_uart_init)
    app_uart_put                             0x00020849   Thumb Code    50  app_uart_fifo.o(i.app_uart_put)
    app_util_critical_region_enter           0x00020889   Thumb Code    12  app_util_platform.o(i.app_util_critical_region_enter)
    app_util_critical_region_exit            0x00020895   Thumb Code    62  app_util_platform.o(i.app_util_critical_region_exit)
    ble_advdata_set                          0x00020a15   Thumb Code   148  ble_advdata.o(i.ble_advdata_set)
    ble_advertising_conn_cfg_tag_set         0x00020aa9   Thumb Code     6  ble_advertising.o(i.ble_advertising_conn_cfg_tag_set)
    ble_advertising_init                     0x00020ab5   Thumb Code   324  ble_advertising.o(i.ble_advertising_init)
    ble_advertising_on_ble_evt               0x00020c31   Thumb Code    50  ble_advertising.o(i.ble_advertising_on_ble_evt)
    ble_advertising_restart_without_whitelist 0x00020c65   Thumb Code    68  ble_advertising.o(i.ble_advertising_restart_without_whitelist)
    ble_advertising_start                    0x00020cbd   Thumb Code   318  ble_advertising.o(i.ble_advertising_start)
    ble_conn_params_init                     0x00020e2d   Thumb Code    84  ble_conn_params.o(i.ble_conn_params_init)
    ble_conn_params_on_ble_evt               0x00020e9d   Thumb Code    62  ble_conn_params.o(i.ble_conn_params_on_ble_evt)
    ble_dfu_init                             0x00021035   Thumb Code   134  ble_dfu.o(i.ble_dfu_init)
    ble_dfu_on_ble_evt                       0x000210c1   Thumb Code   108  ble_dfu.o(i.ble_dfu_on_ble_evt)
    ble_nus_init                             0x00021171   Thumb Code   144  ble_nus.o(i.ble_nus_init)
    ble_nus_on_ble_evt                       0x00021205   Thumb Code    66  ble_nus.o(i.ble_nus_on_ble_evt)
    ble_nus_string_send                      0x00021247   Thumb Code    86  ble_nus.o(i.ble_nus_string_send)
    ble_srv_is_indication_enabled            0x0002129d   Thumb Code    18  ble_srv_common.o(i.ble_srv_is_indication_enabled)
    ble_srv_is_notification_enabled          0x000212af   Thumb Code    18  ble_srv_common.o(i.ble_srv_is_notification_enabled)
    bsp_board_button_idx_to_pin              0x00021495   Thumb Code     8  boards.o(i.bsp_board_button_idx_to_pin)
    bsp_board_button_state_get               0x000214a1   Thumb Code    44  boards.o(i.bsp_board_button_state_get)
    bsp_board_led_invert                     0x000214d1   Thumb Code    44  boards.o(i.bsp_board_led_invert)
    bsp_board_led_off                        0x00021501   Thumb Code    16  boards.o(i.bsp_board_led_off)
    bsp_board_led_on                         0x00021515   Thumb Code    16  boards.o(i.bsp_board_led_on)
    bsp_board_led_state_get                  0x00021529   Thumb Code    44  boards.o(i.bsp_board_led_state_get)
    bsp_board_leds_init                      0x00021559   Thumb Code    42  boards.o(i.bsp_board_leds_init)
    bsp_board_leds_off                       0x00021589   Thumb Code    20  boards.o(i.bsp_board_leds_off)
    bsp_board_leds_on                        0x0002159d   Thumb Code    20  boards.o(i.bsp_board_leds_on)
    bsp_board_pin_to_button_idx              0x000215b1   Thumb Code    32  boards.o(i.bsp_board_pin_to_button_idx)
    bsp_btn_ble_init                         0x000215d5   Thumb Code    36  bsp_btn_ble.o(i.bsp_btn_ble_init)
    bsp_btn_ble_on_ble_evt                   0x00021601   Thumb Code   110  bsp_btn_ble.o(i.bsp_btn_ble_on_ble_evt)
    bsp_btn_ble_sleep_mode_prepare           0x00021679   Thumb Code    50  bsp_btn_ble.o(i.bsp_btn_ble_sleep_mode_prepare)
    bsp_button_is_pressed                    0x00021771   Thumb Code    12  bsp.o(i.bsp_button_is_pressed)
    bsp_event_handler                        0x0002177d   Thumb Code   198  main.o(i.bsp_event_handler)
    bsp_event_to_button_action_assign        0x00021849   Thumb Code    86  bsp.o(i.bsp_event_to_button_action_assign)
    bsp_indication_set                       0x000218a5   Thumb Code    28  bsp.o(i.bsp_indication_set)
    bsp_init                                 0x000218c5   Thumb Code   134  bsp.o(i.bsp_init)
    bsp_wakeup_button_enable                 0x00021ced   Thumb Code    22  bsp.o(i.bsp_wakeup_button_enable)
    fputc                                    0x0002274f   Thumb Code    16  retarget.o(i.fputc)
    fs_queued_op_count_get                   0x00022761   Thumb Code    18  fstorage.o(i.fs_queued_op_count_get)
    gatt_evt_handler                         0x000227f5   Thumb Code    50  main.o(i.gatt_evt_handler)
    gatt_init                                0x00022861   Thumb Code    60  main.o(i.gatt_init)
    hex_to_char_uid                          0x00022925   Thumb Code    80  hextochar.o(i.hex_to_char_uid)
    hex_to_char_version                      0x00022979   Thumb Code    76  hextochar.o(i.hex_to_char_version)
    intern_softdevice_events_execute         0x000229c9   Thumb Code   158  softdevice_handler.o(i.intern_softdevice_events_execute)
    main                                     0x00022e05   Thumb Code   150  main.o(i.main)
    mfrc630_AN1102_recommended_registers     0x00022f23   Thumb Code    14  mfrc630.o(i.mfrc630_AN1102_recommended_registers)
    mfrc630_AN1102_recommended_registers_skip 0x00022f31   Thumb Code   158  mfrc630.o(i.mfrc630_AN1102_recommended_registers_skip)
    mfrc630_MF_example_dump                  0x00023021   Thumb Code   120  main.o(i.mfrc630_MF_example_dump)
    mfrc630_clear_irq0                       0x000230f1   Thumb Code    12  mfrc630.o(i.mfrc630_clear_irq0)
    mfrc630_clear_irq1                       0x000230fd   Thumb Code    12  mfrc630.o(i.mfrc630_clear_irq1)
    mfrc630_cmd_idle                         0x00023109   Thumb Code    12  mfrc630.o(i.mfrc630_cmd_idle)
    mfrc630_cmd_transceive                   0x00023115   Thumb Code    32  mfrc630.o(i.mfrc630_cmd_transceive)
    mfrc630_flush_fifo                       0x00023135   Thumb Code    12  mfrc630.o(i.mfrc630_flush_fifo)
    mfrc630_irq0                             0x00023141   Thumb Code    10  mfrc630.o(i.mfrc630_irq0)
    mfrc630_irq1                             0x0002314b   Thumb Code    10  mfrc630.o(i.mfrc630_irq1)
    mfrc630_iso14443a_REQA                   0x00023155   Thumb Code    10  mfrc630.o(i.mfrc630_iso14443a_REQA)
    mfrc630_iso14443a_WUPA_REQA              0x00023161   Thumb Code   240  mfrc630.o(i.mfrc630_iso14443a_WUPA_REQA)
    mfrc630_iso14443a_select                 0x0002332d   Thumb Code  1920  mfrc630.o(i.mfrc630_iso14443a_select)
    mfrc630_print_block                      0x00023afd   Thumb Code    28  mfrc630.o(i.mfrc630_print_block)
    mfrc630_read_fifo                        0x00023b21   Thumb Code    86  mfrc630.o(i.mfrc630_read_fifo)
    mfrc630_read_reg                         0x00023bb5   Thumb Code    84  mfrc630.o(i.mfrc630_read_reg)
    mfrc630_timer_set_control                0x00023c41   Thumb Code    22  mfrc630.o(i.mfrc630_timer_set_control)
    mfrc630_timer_set_reload                 0x00023c57   Thumb Code    36  mfrc630.o(i.mfrc630_timer_set_reload)
    mfrc630_timer_set_value                  0x00023c7b   Thumb Code    36  mfrc630.o(i.mfrc630_timer_set_value)
    mfrc630_twi_init                         0x00023ca1   Thumb Code    42  mfrc630.o(i.mfrc630_twi_init)
    mfrc630_write_fifo                       0x00023cd5   Thumb Code    28  mfrc630.o(i.mfrc630_write_fifo)
    mfrc630_write_reg                        0x00023cf1   Thumb Code    60  mfrc630.o(i.mfrc630_write_reg)
    mfrc630_write_regs                       0x00023d65   Thumb Code    36  mfrc630.o(i.mfrc630_write_regs)
    nrf_ble_gatt_att_mtu_periph_set          0x00023e61   Thumb Code    30  nrf_ble_gatt.o(i.nrf_ble_gatt_att_mtu_periph_set)
    nrf_ble_gatt_init                        0x00023e7f   Thumb Code    52  nrf_ble_gatt.o(i.nrf_ble_gatt_init)
    nrf_ble_gatt_on_ble_evt                  0x00023eb5   Thumb Code   180  nrf_ble_gatt.o(i.nrf_ble_gatt_on_ble_evt)
    nrf_drv_clock_init                       0x00024179   Thumb Code    94  nrf_drv_clock.o(i.nrf_drv_clock_init)
    nrf_drv_clock_on_sd_enable               0x000241e1   Thumb Code    46  nrf_drv_clock.o(i.nrf_drv_clock_on_sd_enable)
    nrf_drv_clock_on_soc_event               0x00024215   Thumb Code    14  nrf_drv_clock.o(i.nrf_drv_clock_on_soc_event)
    nrf_drv_common_irq_enable                0x00024241   Thumb Code    84  nrf_drv_common.o(i.nrf_drv_common_irq_enable)
    nrf_drv_gpiote_in_event_enable           0x000242b5   Thumb Code   164  nrf_drv_gpiote.o(i.nrf_drv_gpiote_in_event_enable)
    nrf_drv_gpiote_in_init                   0x00024361   Thumb Code   206  nrf_drv_gpiote.o(i.nrf_drv_gpiote_in_init)
    nrf_drv_gpiote_in_is_set                 0x0002443d   Thumb Code    20  nrf_drv_gpiote.o(i.nrf_drv_gpiote_in_is_set)
    nrf_drv_gpiote_init                      0x00024451   Thumb Code    90  nrf_drv_gpiote.o(i.nrf_drv_gpiote_init)
    nrf_drv_gpiote_is_init                   0x000244b1   Thumb Code    16  nrf_drv_gpiote.o(i.nrf_drv_gpiote_is_init)
    nrf_drv_twi_enable                       0x000244d9   Thumb Code    32  nrf_drv_twi.o(i.nrf_drv_twi_enable)
    nrf_drv_twi_init                         0x000244fd   Thumb Code   144  nrf_drv_twi.o(i.nrf_drv_twi_init)
    nrf_drv_twi_rx                           0x00024595   Thumb Code    40  nrf_drv_twi.o(i.nrf_drv_twi_rx)
    nrf_drv_twi_tx                           0x000245c1   Thumb Code    60  nrf_drv_twi.o(i.nrf_drv_twi_tx)
    nrf_drv_twi_xfer                         0x000245fd   Thumb Code    56  nrf_drv_twi.o(i.nrf_drv_twi_xfer)
    nrf_drv_uart_init                        0x00024639   Thumb Code   126  nrf_drv_uart.o(i.nrf_drv_uart_init)
    nrf_drv_uart_rx                          0x000246bd   Thumb Code   208  nrf_drv_uart.o(i.nrf_drv_uart_rx)
    nrf_drv_uart_rx_enable                   0x00024791   Thumb Code    46  nrf_drv_uart.o(i.nrf_drv_uart_rx_enable)
    nrf_drv_uart_tx                          0x00024959   Thumb Code    96  nrf_drv_uart.o(i.nrf_drv_uart_tx)
    nrf_drv_uart_tx_in_progress              0x00024ac5   Thumb Code    22  nrf_drv_uart.o(i.nrf_drv_uart_tx_in_progress)
    nrf_drv_uart_uninit                      0x00024ae1   Thumb Code   130  nrf_drv_uart.o(i.nrf_drv_uart_uninit)
    nrf_log_backend_hexdump_handler_get      0x00024d9d   Thumb Code     4  nrf_log_backend_serial.o(i.nrf_log_backend_hexdump_handler_get)
    nrf_log_backend_init                     0x00024da5   Thumb Code   112  nrf_log_backend_serial.o(i.nrf_log_backend_init)
    nrf_log_backend_std_handler_get          0x00025109   Thumb Code     4  nrf_log_backend_serial.o(i.nrf_log_backend_std_handler_get)
    nrf_log_frontend_init                    0x0002513d   Thumb Code    18  nrf_log_frontend.o(i.nrf_log_frontend_init)
    nrf_log_frontend_std_0                   0x0002514f   Thumb Code    20  nrf_log_frontend.o(i.nrf_log_frontend_std_0)
    nrf_log_frontend_std_1                   0x00025163   Thumb Code    24  nrf_log_frontend.o(i.nrf_log_frontend_std_1)
    nrf_log_frontend_std_2                   0x0002517b   Thumb Code    32  nrf_log_frontend.o(i.nrf_log_frontend_std_2)
    nrf_log_frontend_std_3                   0x0002519b   Thumb Code    40  nrf_log_frontend.o(i.nrf_log_frontend_std_3)
    nrf_log_handlers_set                     0x000251c5   Thumb Code     8  nrf_log_frontend.o(i.nrf_log_handlers_set)
    nrf_log_init                             0x000251d1   Thumb Code    44  nrf_log_frontend.o(i.nrf_log_init)
    softdevice_app_ram_start_get             0x00026675   Thumb Code    16  softdevice_handler.o(i.softdevice_app_ram_start_get)
    softdevice_ble_evt_handler_set           0x00026689   Thumb Code    20  softdevice_handler.o(i.softdevice_ble_evt_handler_set)
    softdevice_enable                        0x000266a1   Thumb Code    82  softdevice_handler.o(i.softdevice_enable)
    softdevice_fault_handler                 0x000267a1   Thumb Code    20  softdevice_handler.o(i.softdevice_fault_handler)
    softdevice_handler_init                  0x000267b5   Thumb Code   138  softdevice_handler.o(i.softdevice_handler_init)
    softdevice_handler_is_enabled            0x00026855   Thumb Code     6  softdevice_handler.o(i.softdevice_handler_is_enabled)
    uart_event_handle                        0x00027241   Thumb Code   150  main.o(i.uart_event_handle)
    __ctype_table                            0x00027a50   Data         129  ctype_o.o(.constdata)
    Region$$Table$$Base                      0x00027dd8   Number         0  anon$$obj.o(Region$$Table)
    Region$$Table$$Limit                     0x00027df8   Number         0  anon$$obj.o(Region$$Table)
    Image$$RW_IRAM1$$Base                    0x200025f8   Number         0  anon$$obj.o ABSOLUTE
    version_dst                              0x20002628   Data           2  hextochar.o(.data)
    __stdout                                 0x2000269c   Data           4  retarget.o(.data)
    __stdin                                  0x200026a0   Data           4  retarget.o(.data)
    SystemCoreClock                          0x200026c8   Data           4  system_nrf52.o(.data)
    uid_dst                                  0x20002d4c   Data           9  hextochar.o(.bss)
    nrf_nvic_state                           0x20003020   Data          12  app_util_platform.o(.bss)
    _SEGGER_RTT                              0x200033c0   Data         120  segger_rtt.o(.bss)
    __initial_sp                             0x20005438   Data           0  arm_startup_nrf52.o(STACK)



==============================================================================

Memory Map of the image

  Image Entry point : 0x0001f201

  Load Region LR_IROM1 (Base: 0x0001f000, Size: 0x00008ecc, Max: 0x00061000, ABSOLUTE)

    Execution Region ER_IROM1 (Base: 0x0001f000, Size: 0x00008df8, Max: 0x00061000, ABSOLUTE)

    Base Addr    Size         Type   Attr      Idx    E Section Name        Object

    0x0001f000   0x00000200   Data   RO         4163    RESET               arm_startup_nrf52.o
    0x0001f200   0x00000000   Code   RO         4254  * .ARM.Collect$$$$00000000  mc_w.l(entry.o)
    0x0001f200   0x00000004   Code   RO         4562    .ARM.Collect$$$$00000001  mc_w.l(entry2.o)
    0x0001f204   0x00000004   Code   RO         4565    .ARM.Collect$$$$00000004  mc_w.l(entry5.o)
    0x0001f208   0x00000000   Code   RO         4567    .ARM.Collect$$$$00000008  mc_w.l(entry7b.o)
    0x0001f208   0x00000000   Code   RO         4569    .ARM.Collect$$$$0000000A  mc_w.l(entry8b.o)
    0x0001f208   0x00000008   Code   RO         4570    .ARM.Collect$$$$0000000B  mc_w.l(entry9a.o)
    0x0001f210   0x00000000   Code   RO         4572    .ARM.Collect$$$$0000000D  mc_w.l(entry10a.o)
    0x0001f210   0x00000000   Code   RO         4574    .ARM.Collect$$$$0000000F  mc_w.l(entry11a.o)
    0x0001f210   0x00000004   Code   RO         4563    .ARM.Collect$$$$00002712  mc_w.l(entry2.o)
    0x0001f214   0x00000024   Code   RO         4164    .text               arm_startup_nrf52.o
    0x0001f238   0x00000062   Code   RO         4257    .text               mc_w.l(uldiv.o)
    0x0001f29a   0x00000002   PAD
    0x0001f29c   0x00000008   Code   RO         4259    .text               mc_w.l(ctype_o.o)
    0x0001f2a4   0x00000024   Code   RO         4287    .text               mc_w.l(memcpya.o)
    0x0001f2c8   0x00000024   Code   RO         4289    .text               mc_w.l(memseta.o)
    0x0001f2ec   0x00000018   Code   RO         4291    .text               mc_w.l(strcat.o)
    0x0001f304   0x0000000e   Code   RO         4293    .text               mc_w.l(strlen.o)
    0x0001f312   0x0000001c   Code   RO         4295    .text               mc_w.l(strcmp.o)
    0x0001f32e   0x00000012   Code   RO         4297    .text               mc_w.l(strcpy.o)
    0x0001f340   0x0000001e   Code   RO         4578    .text               mc_w.l(llshl.o)
    0x0001f35e   0x00000020   Code   RO         4580    .text               mc_w.l(llushr.o)
    0x0001f37e   0x00000002   PAD
    0x0001f380   0x00000024   Code   RO         4593    .text               mc_w.l(init.o)
    0x0001f3a4   0x00000238   Code   RO         2158    i.GPIOTE_IRQHandler  nrf_drv_gpiote.o
    0x0001f5dc   0x00000016   Code   RO         1317    i.HexToChar         hextochar.o
    0x0001f5f2   0x00000002   PAD
    0x0001f5f4   0x00000018   Code   RO         3019    i.NVIC_ClearPendingIRQ  app_timer.o
    0x0001f60c   0x00000018   Code   RO         4022    i.NVIC_DisableIRQ   softdevice_handler.o
    0x0001f624   0x00000016   Code   RO         3020    i.NVIC_EnableIRQ    app_timer.o
    0x0001f63a   0x00000016   Code   RO         4023    i.NVIC_EnableIRQ    softdevice_handler.o
    0x0001f650   0x00000018   Code   RO         3021    i.NVIC_SetPendingIRQ  app_timer.o
    0x0001f668   0x00000028   Code   RO         3022    i.NVIC_SetPriority  app_timer.o
    0x0001f690   0x00000050   Code   RO         1925    i.POWER_CLOCK_IRQHandler  nrf_drv_clock.o
    0x0001f6e0   0x00000034   Code   RO         3023    i.RTC1_IRQHandler   app_timer.o
    0x0001f714   0x00000018   Code   RO         3872    i.SEGGER_RTT_Init   segger_rtt.o
    0x0001f72c   0x00000084   Code   RO         3881    i.SEGGER_RTT_WriteNoLock  segger_rtt.o
    0x0001f7b0   0x00000014   Code   RO          762    i.SPIM0_SPIS0_TWIM0_TWIS0_SPI0_TWI0_IRQHandler  nrf_drv_twi.o
    0x0001f7c4   0x00000014   Code   RO          763    i.SPIM1_SPIS1_TWIM1_TWIS1_SPI1_TWI1_IRQHandler  nrf_drv_twi.o
    0x0001f7d8   0x00000008   Code   RO         3024    i.SWI0_EGU0_IRQHandler  app_timer.o
    0x0001f7e0   0x00000030   Code   RO         4024    i.SWI2_EGU2_IRQHandler  softdevice_handler.o
    0x0001f810   0x00000010   Code   RO         4171    i.SystemCoreClockUpdate  system_nrf52.o
    0x0001f820   0x00000284   Code   RO         4172    i.SystemInit        system_nrf52.o
    0x0001faa4   0x00000024   Code   RO         2448    i.UARTE0_UART0_IRQHandler  nrf_drv_uart.o
    0x0001fac8   0x00000070   Code   RO         3884    i._DoInit           segger_rtt.o
    0x0001fb38   0x0000001c   Code   RO         3885    i._GetAvailWriteSpace  segger_rtt.o
    0x0001fb54   0x00000072   Code   RO         3887    i._WriteBlocking    segger_rtt.o
    0x0001fbc6   0x0000004c   Code   RO         3888    i._WriteNoCheck     segger_rtt.o
    0x0001fc12   0x00000002   PAD
    0x0001fc14   0x00000020   Code   RO         4508    i.__0printf$8       mc_w.l(printf8.o)
    0x0001fc34   0x00000028   Code   RO         4509    i.__0snprintf$8     mc_w.l(printf8.o)
    0x0001fc5c   0x0000000e   Code   RO         4601    i.__scatterload_copy  mc_w.l(handlers.o)
    0x0001fc6a   0x00000002   Code   RO         4602    i.__scatterload_null  mc_w.l(handlers.o)
    0x0001fc6c   0x0000000e   Code   RO         4603    i.__scatterload_zeroinit  mc_w.l(handlers.o)
    0x0001fc7a   0x00000002   PAD
    0x0001fc7c   0x00000038   Code   RO         4025    i.__sd_nvic_app_accessible_irq  softdevice_handler.o
    0x0001fcb4   0x0000000c   Code   RO         3311    i.__sd_nvic_irq_disable  app_util_platform.o
    0x0001fcc0   0x00000410   Code   RO         4515    i._printf_core      mc_w.l(printf8.o)
    0x000200d0   0x00000024   Code   RO         4516    i._printf_post_padding  mc_w.l(printf8.o)
    0x000200f4   0x0000002e   Code   RO         4517    i._printf_pre_padding  mc_w.l(printf8.o)
    0x00020122   0x00000016   Code   RO         4518    i._snputc           mc_w.l(printf8.o)
    0x00020138   0x00000018   Code   RO         1455    i.addr_is_valid     ble_advertising.o
    0x00020150   0x0000016c   Code   RO         1348    i.adv_data_encode   ble_advdata.o
    0x000202bc   0x00000060   Code   RO         1456    i.adv_mode_next_avail_get  ble_advertising.o
    0x0002031c   0x00000012   Code   RO         1457    i.adv_mode_next_get  ble_advertising.o
    0x0002032e   0x00000012   Code   RO         1349    i.advdata_check     ble_advdata.o
    0x00020340   0x00000054   Code   RO          649    i.advertising_buttons_configure  bsp_btn_ble.o
    0x00020394   0x0000007c   Code   RO            4    i.advertising_init  main.o
    0x00020410   0x0000000c   Code   RO          532    i.alert_timer_handler  bsp.o
    0x0002041c   0x0000002c   Code   RO         2757    i.app_button_enable  app_button.o
    0x00020448   0x000000a8   Code   RO         2758    i.app_button_init   app_button.o
    0x000204f0   0x00000080   Code   RO         2852    i.app_error_fault_handler  app_error_weak.o
    0x00020570   0x0000001c   Code   RO         2813    i.app_error_handler_bare  app_error.o
    0x0002058c   0x0000001e   Code   RO         2881    i.app_fifo_get      app_fifo.o
    0x000205aa   0x00000024   Code   RO         2882    i.app_fifo_init     app_fifo.o
    0x000205ce   0x00000022   Code   RO         2884    i.app_fifo_put      app_fifo.o
    0x000205f0   0x0000003c   Code   RO         3027    i.app_timer_create  app_timer.o
    0x0002062c   0x0000005c   Code   RO         3028    i.app_timer_init    app_timer.o
    0x00020688   0x00000054   Code   RO         3031    i.app_timer_start   app_timer.o
    0x000206dc   0x00000030   Code   RO         3032    i.app_timer_stop    app_timer.o
    0x0002070c   0x00000054   Code   RO         3242    i.app_uart_get      app_uart_fifo.o
    0x00020760   0x000000e8   Code   RO         3243    i.app_uart_init     app_uart_fifo.o
    0x00020848   0x00000040   Code   RO         3244    i.app_uart_put      app_uart_fifo.o
    0x00020888   0x0000000c   Code   RO         3312    i.app_util_critical_region_enter  app_util_platform.o
    0x00020894   0x00000048   Code   RO         3313    i.app_util_critical_region_exit  app_util_platform.o
    0x000208dc   0x00000052   Code   RO         1350    i.appearance_encode  ble_advdata.o
    0x0002092e   0x00000002   PAD
    0x00020930   0x000000e4   Code   RO         2449    i.apply_config      nrf_drv_uart.o
    0x00020a14   0x00000094   Code   RO         1351    i.ble_advdata_set   ble_advdata.o
    0x00020aa8   0x0000000c   Code   RO         1458    i.ble_advertising_conn_cfg_tag_set  ble_advertising.o
    0x00020ab4   0x0000017c   Code   RO         1459    i.ble_advertising_init  ble_advertising.o
    0x00020c30   0x00000032   Code   RO         1460    i.ble_advertising_on_ble_evt  ble_advertising.o
    0x00020c62   0x00000002   PAD
    0x00020c64   0x00000058   Code   RO         1463    i.ble_advertising_restart_without_whitelist  ble_advertising.o
    0x00020cbc   0x00000170   Code   RO         1464    i.ble_advertising_start  ble_advertising.o
    0x00020e2c   0x00000070   Code   RO         1591    i.ble_conn_params_init  ble_conn_params.o
    0x00020e9c   0x0000003e   Code   RO         1592    i.ble_conn_params_on_ble_evt  ble_conn_params.o
    0x00020eda   0x00000076   Code   RO         1352    i.ble_device_addr_encode  ble_advdata.o
    0x00020f50   0x000000e4   Code   RO            6    i.ble_dfu_evt_handler  main.o
    0x00021034   0x0000008c   Code   RO         1227    i.ble_dfu_init      ble_dfu.o
    0x000210c0   0x0000006c   Code   RO         1228    i.ble_dfu_on_ble_evt  ble_dfu.o
    0x0002112c   0x00000044   Code   RO            7    i.ble_evt_dispatch  main.o
    0x00021170   0x00000094   Code   RO         1863    i.ble_nus_init      ble_nus.o
    0x00021204   0x00000042   Code   RO         1864    i.ble_nus_on_ble_evt  ble_nus.o
    0x00021246   0x00000056   Code   RO         1865    i.ble_nus_string_send  ble_nus.o
    0x0002129c   0x00000012   Code   RO         1679    i.ble_srv_is_indication_enabled  ble_srv_common.o
    0x000212ae   0x00000012   Code   RO         1680    i.ble_srv_is_notification_enabled  ble_srv_common.o
    0x000212c0   0x0000012c   Code   RO            8    i.ble_stack_init    main.o
    0x000213ec   0x000000a8   Code   RO         1229    i.bootloader_start  ble_dfu.o
    0x00021494   0x0000000c   Code   RO          414    i.bsp_board_button_idx_to_pin  boards.o
    0x000214a0   0x00000030   Code   RO          415    i.bsp_board_button_state_get  boards.o
    0x000214d0   0x00000030   Code   RO          418    i.bsp_board_led_invert  boards.o
    0x00021500   0x00000014   Code   RO          419    i.bsp_board_led_off  boards.o
    0x00021514   0x00000014   Code   RO          420    i.bsp_board_led_on  boards.o
    0x00021528   0x00000030   Code   RO          421    i.bsp_board_led_state_get  boards.o
    0x00021558   0x00000030   Code   RO          422    i.bsp_board_leds_init  boards.o
    0x00021588   0x00000014   Code   RO          423    i.bsp_board_leds_off  boards.o
    0x0002159c   0x00000014   Code   RO          424    i.bsp_board_leds_on  boards.o
    0x000215b0   0x00000024   Code   RO          425    i.bsp_board_pin_to_button_idx  boards.o
    0x000215d4   0x0000002c   Code   RO          650    i.bsp_btn_ble_init  bsp_btn_ble.o
    0x00021600   0x00000078   Code   RO          651    i.bsp_btn_ble_on_ble_evt  bsp_btn_ble.o
    0x00021678   0x00000032   Code   RO          652    i.bsp_btn_ble_sleep_mode_prepare  bsp_btn_ble.o
    0x000216aa   0x00000002   PAD
    0x000216ac   0x000000c4   Code   RO          533    i.bsp_button_event_handler  bsp.o
    0x00021770   0x0000000c   Code   RO          534    i.bsp_button_is_pressed  bsp.o
    0x0002177c   0x000000cc   Code   RO            9    i.bsp_event_handler  main.o
    0x00021848   0x0000005c   Code   RO          537    i.bsp_event_to_button_action_assign  bsp.o
    0x000218a4   0x00000020   Code   RO          538    i.bsp_indication_set  bsp.o
    0x000218c4   0x000000ac   Code   RO          539    i.bsp_init          bsp.o
    0x00021970   0x0000037c   Code   RO          540    i.bsp_led_indication  bsp.o
    0x00021cec   0x00000016   Code   RO          542    i.bsp_wakeup_button_enable  bsp.o
    0x00021d02   0x00000014   Code   RO         3632    i.buf_len_update    nrf_log_backend_serial.o
    0x00021d16   0x0000000e   Code   RO          543    i.button_timer_handler  bsp.o
    0x00021d24   0x00000146   Code   RO         1230    i.buttonless_char_pt_add  ble_dfu.o
    0x00021e6a   0x00000002   PAD
    0x00021e6c   0x00000054   Code   RO           10    i.buttons_leds_init  main.o
    0x00021ec0   0x00000032   Code   RO         3633    i.byte2hex          nrf_log_backend_serial.o
    0x00021ef2   0x00000002   PAD
    0x00021ef4   0x00000020   Code   RO         2159    i.channel_free      nrf_drv_gpiote.o
    0x00021f14   0x00000010   Code   RO         2160    i.channel_handler_get  nrf_drv_gpiote.o
    0x00021f24   0x00000080   Code   RO         2161    i.channel_port_alloc  nrf_drv_gpiote.o
    0x00021fa4   0x0000000c   Code   RO         2162    i.channel_port_get  nrf_drv_gpiote.o
    0x00021fb0   0x00000030   Code   RO         1926    i.clock_clk_started_notify  nrf_drv_clock.o
    0x00021fe0   0x00000090   Code   RO         3034    i.compare_reg_update  app_timer.o
    0x00022070   0x0000005a   Code   RO         1353    i.conn_int_check    ble_advdata.o
    0x000220ca   0x00000068   Code   RO         1354    i.conn_int_encode   ble_advdata.o
    0x00022132   0x00000010   Code   RO           11    i.conn_params_error_handler  main.o
    0x00022142   0x00000002   PAD
    0x00022144   0x0000005c   Code   RO           12    i.conn_params_init  main.o
    0x000221a0   0x00000084   Code   RO         1594    i.conn_params_negotiation  ble_conn_params.o
    0x00022224   0x00000054   Code   RO          653    i.connection_buttons_configure  bsp_btn_ble.o
    0x00022278   0x00000044   Code   RO         1746    i.data_length_update  nrf_ble_gatt.o
    0x000222bc   0x0000008c   Code   RO         2760    i.detection_delay_timeout_handler  app_button.o
    0x00022348   0x00000064   Code   RO         3035    i.elapsed_ticks_acquire  app_timer.o
    0x000223ac   0x0000001c   Code   RO         1231    i.enter_bootloader  ble_dfu.o
    0x000223c8   0x00000054   Code   RO         4173    i.errata_108        system_nrf52.o
    0x0002241c   0x00000054   Code   RO         4174    i.errata_12         system_nrf52.o
    0x00022470   0x00000054   Code   RO         4175    i.errata_136        system_nrf52.o
    0x000224c4   0x00000030   Code   RO         4176    i.errata_16         system_nrf52.o
    0x000224f4   0x00000054   Code   RO         4177    i.errata_31         system_nrf52.o
    0x00022548   0x00000030   Code   RO         4178    i.errata_32         system_nrf52.o
    0x00022578   0x00000054   Code   RO         4179    i.errata_36         system_nrf52.o
    0x000225cc   0x00000030   Code   RO         4180    i.errata_37         system_nrf52.o
    0x000225fc   0x00000030   Code   RO         4181    i.errata_57         system_nrf52.o
    0x0002262c   0x00000030   Code   RO         4182    i.errata_66         system_nrf52.o
    0x0002265c   0x00000058   Code   RO         3036    i.expired_timers_handler  app_timer.o
    0x000226b4   0x00000018   Code   RO         2887    i.fifo_get          app_fifo.o
    0x000226cc   0x0000000a   Code   RO         2888    i.fifo_length       app_fifo.o
    0x000226d6   0x0000000a   Code   RO         3245    i.fifo_length       app_uart_fifo.o
    0x000226e0   0x00000012   Code   RO         2889    i.fifo_peek         app_fifo.o
    0x000226f2   0x00000012   Code   RO         2890    i.fifo_put          app_fifo.o
    0x00022704   0x00000036   Code   RO         1355    i.flags_encode      ble_advdata.o
    0x0002273a   0x00000014   Code   RO         1466    i.flash_access_in_progress  ble_advertising.o
    0x0002274e   0x00000010   Code   RO         3596    i.fputc             retarget.o
    0x0002275e   0x00000002   PAD
    0x00022760   0x00000018   Code   RO         3397    i.fs_queued_op_count_get  fstorage.o
    0x00022778   0x0000007c   Code   RO           13    i.gap_params_init   main.o
    0x000227f4   0x0000006c   Code   RO           14    i.gatt_evt_handler  main.o
    0x00022860   0x00000044   Code   RO           15    i.gatt_init         main.o
    0x000228a4   0x00000080   Code   RO         2761    i.gpiote_event_handler  app_button.o
    0x00022924   0x00000054   Code   RO         1318    i.hex_to_char_uid   hextochar.o
    0x00022978   0x00000050   Code   RO         1319    i.hex_to_char_version  hextochar.o
    0x000229c8   0x000000b8   Code   RO         4026    i.intern_softdevice_events_execute  softdevice_handler.o
    0x00022a80   0x00000038   Code   RO         1232    i.interrupts_disable  ble_dfu.o
    0x00022ab8   0x0000008c   Code   RO         2450    i.interrupts_enable  nrf_drv_uart.o
    0x00022b44   0x000000d4   Code   RO          764    i.irq_handler_twi   nrf_drv_twi.o
    0x00022c18   0x00000024   Code   RO         1595    i.is_conn_params_ok  ble_conn_params.o
    0x00022c3c   0x0000000c   Code   RO         1929    i.item_dequeue      nrf_drv_clock.o
    0x00022c48   0x00000028   Code   RO          544    i.leds_off          bsp.o
    0x00022c70   0x00000020   Code   RO          545    i.leds_timer_handler  bsp.o
    0x00022c90   0x00000018   Code   RO         1747    i.link_init         nrf_ble_gatt.o
    0x00022ca8   0x0000013c   Code   RO         3037    i.list_insertions_handler  app_timer.o
    0x00022de4   0x0000001e   Code   RO           16    i.log_init          main.o
    0x00022e02   0x00000002   PAD
    0x00022e04   0x000000a8   Code   RO           17    i.main              main.o
    0x00022eac   0x00000076   Code   RO         1356    i.manuf_specific_data_encode  ble_advdata.o
    0x00022f22   0x0000000e   Code   RO         1053    i.mfrc630_AN1102_recommended_registers  mfrc630.o
    0x00022f30   0x000000f0   Code   RO         1054    i.mfrc630_AN1102_recommended_registers_skip  mfrc630.o
    0x00023020   0x000000d0   Code   RO           18    i.mfrc630_MF_example_dump  main.o
    0x000230f0   0x0000000c   Code   RO         1055    i.mfrc630_clear_irq0  mfrc630.o
    0x000230fc   0x0000000c   Code   RO         1056    i.mfrc630_clear_irq1  mfrc630.o
    0x00023108   0x0000000c   Code   RO         1057    i.mfrc630_cmd_idle  mfrc630.o
    0x00023114   0x00000020   Code   RO         1059    i.mfrc630_cmd_transceive  mfrc630.o
    0x00023134   0x0000000c   Code   RO         1060    i.mfrc630_flush_fifo  mfrc630.o
    0x00023140   0x0000000a   Code   RO         1061    i.mfrc630_irq0      mfrc630.o
    0x0002314a   0x0000000a   Code   RO         1062    i.mfrc630_irq1      mfrc630.o
    0x00023154   0x0000000a   Code   RO         1063    i.mfrc630_iso14443a_REQA  mfrc630.o
    0x0002315e   0x00000002   PAD
    0x00023160   0x000001cc   Code   RO         1064    i.mfrc630_iso14443a_WUPA_REQA  mfrc630.o
    0x0002332c   0x000007d0   Code   RO         1065    i.mfrc630_iso14443a_select  mfrc630.o
    0x00023afc   0x00000024   Code   RO         1066    i.mfrc630_print_block  mfrc630.o
    0x00023b20   0x00000094   Code   RO         1067    i.mfrc630_read_fifo  mfrc630.o
    0x00023bb4   0x0000008c   Code   RO         1068    i.mfrc630_read_reg  mfrc630.o
    0x00023c40   0x00000016   Code   RO         1070    i.mfrc630_timer_set_control  mfrc630.o
    0x00023c56   0x00000024   Code   RO         1071    i.mfrc630_timer_set_reload  mfrc630.o
    0x00023c7a   0x00000024   Code   RO         1072    i.mfrc630_timer_set_value  mfrc630.o
    0x00023c9e   0x00000002   PAD
    0x00023ca0   0x00000034   Code   RO         1073    i.mfrc630_twi_init  mfrc630.o
    0x00023cd4   0x0000001c   Code   RO         1074    i.mfrc630_write_fifo  mfrc630.o
    0x00023cf0   0x00000074   Code   RO         1075    i.mfrc630_write_reg  mfrc630.o
    0x00023d64   0x00000024   Code   RO         1076    i.mfrc630_write_regs  mfrc630.o
    0x00023d88   0x000000c2   Code   RO         1357    i.name_encode       ble_advdata.o
    0x00023e4a   0x00000016   Code   RO         2163    i.nrf_bitmask_bit_is_set  nrf_drv_gpiote.o
    0x00023e60   0x0000001e   Code   RO         1749    i.nrf_ble_gatt_att_mtu_periph_set  nrf_ble_gatt.o
    0x00023e7e   0x00000034   Code   RO         1753    i.nrf_ble_gatt_init  nrf_ble_gatt.o
    0x00023eb2   0x00000002   PAD
    0x00023eb4   0x000000b8   Code   RO         1754    i.nrf_ble_gatt_on_ble_evt  nrf_ble_gatt.o
    0x00023f6c   0x00000012   Code   RO         1933    i.nrf_clock_event_check  nrf_drv_clock.o
    0x00023f7e   0x00000012   Code   RO         1934    i.nrf_clock_event_clear  nrf_drv_clock.o
    0x00023f90   0x0000000c   Code   RO         1936    i.nrf_clock_int_disable  nrf_drv_clock.o
    0x00023f9c   0x00000012   Code   RO           19    i.nrf_delay_ms      main.o
    0x00023fae   0x00000002   PAD
    0x00023fb0   0x00000098   Code   RO           20    i.nrf_delay_us      main.o
    0x00024048   0x00000098   Code   RO          765    i.nrf_delay_us      nrf_drv_twi.o
    0x000240e0   0x00000098   Code   RO         3038    i.nrf_delay_us      app_timer.o
    0x00024178   0x00000068   Code   RO         1945    i.nrf_drv_clock_init  nrf_drv_clock.o
    0x000241e0   0x00000034   Code   RO         1952    i.nrf_drv_clock_on_sd_enable  nrf_drv_clock.o
    0x00024214   0x0000000e   Code   RO         1953    i.nrf_drv_clock_on_soc_event  nrf_drv_clock.o
    0x00024222   0x00000002   PAD
    0x00024224   0x0000001c   Code   RO         2451    i.nrf_drv_common_irq_disable  nrf_drv_uart.o
    0x00024240   0x00000060   Code   RO         2122    i.nrf_drv_common_irq_enable  nrf_drv_common.o
    0x000242a0   0x0000000a   Code   RO          766    i.nrf_drv_get_IRQn  nrf_drv_twi.o
    0x000242aa   0x0000000a   Code   RO         2452    i.nrf_drv_get_IRQn  nrf_drv_uart.o
    0x000242b4   0x000000ac   Code   RO         2168    i.nrf_drv_gpiote_in_event_enable  nrf_drv_gpiote.o
    0x00024360   0x000000dc   Code   RO         2169    i.nrf_drv_gpiote_in_init  nrf_drv_gpiote.o
    0x0002443c   0x00000014   Code   RO         2170    i.nrf_drv_gpiote_in_is_set  nrf_drv_gpiote.o
    0x00024450   0x00000060   Code   RO         2172    i.nrf_drv_gpiote_init  nrf_drv_gpiote.o
    0x000244b0   0x00000014   Code   RO         2173    i.nrf_drv_gpiote_is_init  nrf_drv_gpiote.o
    0x000244c4   0x00000014   Code   RO         2453    i.nrf_drv_is_in_RAM  nrf_drv_uart.o
    0x000244d8   0x00000024   Code   RO          769    i.nrf_drv_twi_enable  nrf_drv_twi.o
    0x000244fc   0x00000098   Code   RO          770    i.nrf_drv_twi_init  nrf_drv_twi.o
    0x00024594   0x0000002c   Code   RO          772    i.nrf_drv_twi_rx    nrf_drv_twi.o
    0x000245c0   0x0000003c   Code   RO          775    i.nrf_drv_twi_tx    nrf_drv_twi.o
    0x000245fc   0x0000003c   Code   RO          777    i.nrf_drv_twi_xfer  nrf_drv_twi.o
    0x00024638   0x00000084   Code   RO         2455    i.nrf_drv_uart_init  nrf_drv_uart.o
    0x000246bc   0x000000d4   Code   RO         2456    i.nrf_drv_uart_rx   nrf_drv_uart.o
    0x00024790   0x00000034   Code   RO         2459    i.nrf_drv_uart_rx_enable  nrf_drv_uart.o
    0x000247c4   0x000000cc   Code   RO         2460    i.nrf_drv_uart_rx_for_uart  nrf_drv_uart.o
    0x00024890   0x000000c8   Code   RO         2461    i.nrf_drv_uart_rx_for_uarte  nrf_drv_uart.o
    0x00024958   0x00000064   Code   RO         2463    i.nrf_drv_uart_tx   nrf_drv_uart.o
    0x000249bc   0x0000008c   Code   RO         2465    i.nrf_drv_uart_tx_for_uart  nrf_drv_uart.o
    0x00024a48   0x0000007c   Code   RO         2466    i.nrf_drv_uart_tx_for_uarte  nrf_drv_uart.o
    0x00024ac4   0x0000001c   Code   RO         2467    i.nrf_drv_uart_tx_in_progress  nrf_drv_uart.o
    0x00024ae0   0x0000008c   Code   RO         2468    i.nrf_drv_uart_uninit  nrf_drv_uart.o
    0x00024b6c   0x00000028   Code   RO          427    i.nrf_gpio_cfg      boards.o
    0x00024b94   0x00000028   Code   RO         2187    i.nrf_gpio_cfg      nrf_drv_gpiote.o
    0x00024bbc   0x00000028   Code   RO         2469    i.nrf_gpio_cfg      nrf_drv_uart.o
    0x00024be4   0x00000018   Code   RO         2470    i.nrf_gpio_cfg_default  nrf_drv_uart.o
    0x00024bfc   0x0000001a   Code   RO         2471    i.nrf_gpio_cfg_input  nrf_drv_uart.o
    0x00024c16   0x00000018   Code   RO         2472    i.nrf_gpio_cfg_output  nrf_drv_uart.o
    0x00024c2e   0x00000032   Code   RO          546    i.nrf_gpio_cfg_sense_set  bsp.o
    0x00024c60   0x00000032   Code   RO         2189    i.nrf_gpio_cfg_sense_set  nrf_drv_gpiote.o
    0x00024c92   0x00000016   Code   RO          778    i.nrf_gpio_pin_clear  nrf_drv_twi.o
    0x00024ca8   0x00000018   Code   RO         2191    i.nrf_gpio_pin_read  nrf_drv_gpiote.o
    0x00024cc0   0x00000016   Code   RO          779    i.nrf_gpio_pin_set  nrf_drv_twi.o
    0x00024cd6   0x00000016   Code   RO         2473    i.nrf_gpio_pin_set  nrf_drv_uart.o
    0x00024cec   0x0000003a   Code   RO          428    i.nrf_gpio_pin_write  boards.o
    0x00024d26   0x00000002   PAD
    0x00024d28   0x00000028   Code   RO         2193    i.nrf_gpio_ports_read  nrf_drv_gpiote.o
    0x00024d50   0x0000000c   Code   RO         2194    i.nrf_gpiote_event_addr_get  nrf_drv_gpiote.o
    0x00024d5c   0x0000001c   Code   RO         2195    i.nrf_gpiote_event_clear  nrf_drv_gpiote.o
    0x00024d78   0x00000016   Code   RO         2196    i.nrf_gpiote_event_is_set  nrf_drv_gpiote.o
    0x00024d8e   0x00000002   PAD
    0x00024d90   0x0000000c   Code   RO         2197    i.nrf_gpiote_int_enable  nrf_drv_gpiote.o
    0x00024d9c   0x00000008   Code   RO         3635    i.nrf_log_backend_hexdump_handler_get  nrf_log_backend_serial.o
    0x00024da4   0x00000084   Code   RO         3636    i.nrf_log_backend_init  nrf_log_backend_serial.o
    0x00024e28   0x0000015e   Code   RO         3637    i.nrf_log_backend_serial_hexdump_handler  nrf_log_backend_serial.o
    0x00024f86   0x00000182   Code   RO         3638    i.nrf_log_backend_serial_std_handler  nrf_log_backend_serial.o
    0x00025108   0x00000008   Code   RO         3639    i.nrf_log_backend_std_handler_get  nrf_log_backend_serial.o
    0x00025110   0x0000002c   Code   RO         3745    i.nrf_log_direct_feed  nrf_log_frontend.o
    0x0002513c   0x00000012   Code   RO         3748    i.nrf_log_frontend_init  nrf_log_frontend.o
    0x0002514e   0x00000014   Code   RO         3749    i.nrf_log_frontend_std_0  nrf_log_frontend.o
    0x00025162   0x00000018   Code   RO         3750    i.nrf_log_frontend_std_1  nrf_log_frontend.o
    0x0002517a   0x00000020   Code   RO         3751    i.nrf_log_frontend_std_2  nrf_log_frontend.o
    0x0002519a   0x00000028   Code   RO         3752    i.nrf_log_frontend_std_3  nrf_log_frontend.o
    0x000251c2   0x00000002   PAD
    0x000251c4   0x0000000c   Code   RO         3757    i.nrf_log_handlers_set  nrf_log_frontend.o
    0x000251d0   0x0000002c   Code   RO         3758    i.nrf_log_init      nrf_log_frontend.o
    0x000251fc   0x0000000c   Code   RO          780    i.nrf_twi_errorsrc_get_and_clear  nrf_drv_twi.o
    0x00025208   0x0000000e   Code   RO          781    i.nrf_twi_event_check  nrf_drv_twi.o
    0x00025216   0x0000000e   Code   RO          782    i.nrf_twi_event_clear  nrf_drv_twi.o
    0x00025224   0x00000006   Code   RO          783    i.nrf_twi_int_disable  nrf_drv_twi.o
    0x0002522a   0x00000006   Code   RO          784    i.nrf_twi_int_enable  nrf_drv_twi.o
    0x00025230   0x00000006   Code   RO          785    i.nrf_twi_shorts_set  nrf_drv_twi.o
    0x00025236   0x00000006   Code   RO          786    i.nrf_twi_task_trigger  nrf_drv_twi.o
    0x0002523c   0x0000000c   Code   RO         2474    i.nrf_uart_errorsrc_get_and_clear  nrf_drv_uart.o
    0x00025248   0x0000000e   Code   RO         2475    i.nrf_uart_event_check  nrf_drv_uart.o
    0x00025256   0x0000000e   Code   RO         2476    i.nrf_uart_event_clear  nrf_drv_uart.o
    0x00025264   0x0000000a   Code   RO         2477    i.nrf_uart_hwfc_pins_set  nrf_drv_uart.o
    0x0002526e   0x00000006   Code   RO         2478    i.nrf_uart_int_disable  nrf_drv_uart.o
    0x00025274   0x00000006   Code   RO         2479    i.nrf_uart_int_enable  nrf_drv_uart.o
    0x0002527a   0x00000012   Code   RO         2480    i.nrf_uart_int_enable_check  nrf_drv_uart.o
    0x0002528c   0x00000006   Code   RO         2481    i.nrf_uart_task_trigger  nrf_drv_uart.o
    0x00025292   0x0000000a   Code   RO         2482    i.nrf_uart_txrx_pins_set  nrf_drv_uart.o
    0x0002529c   0x0000000c   Code   RO         2483    i.nrf_uarte_errorsrc_get_and_clear  nrf_drv_uart.o
    0x000252a8   0x0000000e   Code   RO         2484    i.nrf_uarte_event_check  nrf_drv_uart.o
    0x000252b6   0x0000000e   Code   RO         2485    i.nrf_uarte_event_clear  nrf_drv_uart.o
    0x000252c4   0x0000000c   Code   RO         2486    i.nrf_uarte_hwfc_pins_set  nrf_drv_uart.o
    0x000252d0   0x00000006   Code   RO         2487    i.nrf_uarte_int_disable  nrf_drv_uart.o
    0x000252d6   0x00000006   Code   RO         2488    i.nrf_uarte_int_enable  nrf_drv_uart.o
    0x000252dc   0x0000000a   Code   RO         2489    i.nrf_uarte_rx_amount_get  nrf_drv_uart.o
    0x000252e6   0x00000006   Code   RO         2490    i.nrf_uarte_task_trigger  nrf_drv_uart.o
    0x000252ec   0x0000000e   Code   RO         2491    i.nrf_uarte_txrx_pins_set  nrf_drv_uart.o
    0x000252fa   0x00000002   PAD
    0x000252fc   0x000000c0   Code   RO           21    i.nus_data_handler  main.o
    0x000253bc   0x00000032   Code   RO           22    i.on_adv_evt        main.o
    0x000253ee   0x00000002   PAD
    0x000253f0   0x000001fc   Code   RO           23    i.on_ble_evt        main.o
    0x000255ec   0x0000002c   Code   RO           24    i.on_conn_params_evt  main.o
    0x00025618   0x00000018   Code   RO         1596    i.on_conn_params_update  ble_conn_params.o
    0x00025630   0x00000006   Code   RO         1233    i.on_connect        ble_dfu.o
    0x00025636   0x00000002   PAD
    0x00025638   0x00000038   Code   RO         1597    i.on_connect        ble_conn_params.o
    0x00025670   0x00000006   Code   RO         1866    i.on_connect        ble_nus.o
    0x00025676   0x00000002   PAD
    0x00025678   0x00000014   Code   RO         1467    i.on_connected      ble_advertising.o
    0x0002568c   0x00000078   Code   RO         1755    i.on_connected_evt  nrf_ble_gatt.o
    0x00025704   0x000000ac   Code   RO         1234    i.on_ctrlpt_write   ble_dfu.o
    0x000257b0   0x00000054   Code   RO         1756    i.on_data_length_update_evt  nrf_ble_gatt.o
    0x00025804   0x00000054   Code   RO         1757    i.on_data_length_update_request_evt  nrf_ble_gatt.o
    0x00025858   0x00000014   Code   RO         1235    i.on_disconnect     ble_dfu.o
    0x0002586c   0x00000040   Code   RO         1598    i.on_disconnect     ble_conn_params.o
    0x000258ac   0x00000008   Code   RO         1867    i.on_disconnect     ble_nus.o
    0x000258b4   0x0000003c   Code   RO         1468    i.on_disconnected   ble_advertising.o
    0x000258f0   0x00000014   Code   RO         1758    i.on_disconnected_evt  nrf_ble_gatt.o
    0x00025904   0x00000080   Code   RO         1759    i.on_exchange_mtu_request_evt  nrf_ble_gatt.o
    0x00025984   0x00000064   Code   RO         1760    i.on_exchange_mtu_rsp_evt  nrf_ble_gatt.o
    0x000259e8   0x0000001a   Code   RO         1236    i.on_hvc            ble_dfu.o
    0x00025a02   0x0000003e   Code   RO         1237    i.on_rw_authorize_req  ble_dfu.o
    0x00025a40   0x00000038   Code   RO         1469    i.on_timeout        ble_advertising.o
    0x00025a78   0x00000094   Code   RO         1238    i.on_write          ble_dfu.o
    0x00025b0c   0x0000004c   Code   RO         1599    i.on_write          ble_conn_params.o
    0x00025b58   0x00000046   Code   RO         1868    i.on_write          ble_nus.o
    0x00025b9e   0x00000002   PAD
    0x00025ba0   0x0000001c   Code   RO         2200    i.pin_in_use_by_gpiote  nrf_drv_gpiote.o
    0x00025bbc   0x00000018   Code   RO         2201    i.pin_in_use_by_port  nrf_drv_gpiote.o
    0x00025bd4   0x00000020   Code   RO         2202    i.pin_in_use_by_te  nrf_drv_gpiote.o
    0x00025bf4   0x0000000c   Code   RO         2203    i.pin_in_use_clear  nrf_drv_gpiote.o
    0x00025c00   0x000000d4   Code   RO         2492    i.pins_to_default   nrf_drv_uart.o
    0x00025cd4   0x00000350   Code   RO           26    i.receive_data_from_android  main.o
    0x00026024   0x0000004c   Code   RO         1239    i.resp_send         ble_dfu.o
    0x00026070   0x0000000c   Code   RO         3039    i.rtc1_compare0_set  app_timer.o
    0x0002607c   0x0000000c   Code   RO         3040    i.rtc1_counter_get  app_timer.o
    0x00026088   0x00000018   Code   RO         3041    i.rtc1_init         app_timer.o
    0x000260a0   0x0000003c   Code   RO         3042    i.rtc1_start        app_timer.o
    0x000260dc   0x00000058   Code   RO         3043    i.rtc1_stop         app_timer.o
    0x00026134   0x0000003e   Code   RO         2493    i.rx_byte           nrf_drv_uart.o
    0x00026172   0x000000ee   Code   RO         1869    i.rx_char_add       ble_nus.o
    0x00026260   0x0000001e   Code   RO         2494    i.rx_done_event     nrf_drv_uart.o
    0x0002627e   0x00000022   Code   RO         2495    i.rx_enable         nrf_drv_uart.o
    0x000262a0   0x0000008c   Code   RO         4027    i.sd_nvic_EnableIRQ  softdevice_handler.o
    0x0002632c   0x00000068   Code   RO         3318    i.sd_nvic_critical_region_enter  app_util_platform.o
    0x00026394   0x00000014   Code   RO         3641    i.serial_is_busy    nrf_log_backend_serial.o
    0x000263a8   0x0000006c   Code   RO         3642    i.serial_tx         nrf_log_backend_serial.o
    0x00026414   0x00000096   Code   RO         1358    i.service_data_encode  ble_advdata.o
    0x000264aa   0x00000002   PAD
    0x000264ac   0x00000070   Code   RO           27    i.services_init     main.o
    0x0002651c   0x00000020   Code   RO         1470    i.set_adv_mode_directed  ble_advertising.o
    0x0002653c   0x0000002c   Code   RO         1471    i.set_adv_mode_directed_slow  ble_advertising.o
    0x00026568   0x00000060   Code   RO         1472    i.set_adv_mode_fast  ble_advertising.o
    0x000265c8   0x00000060   Code   RO         1473    i.set_adv_mode_slow  ble_advertising.o
    0x00026628   0x0000004c   Code   RO           28    i.sleep_mode_enter  main.o
    0x00026674   0x00000014   Code   RO         4028    i.softdevice_app_ram_start_get  softdevice_handler.o
    0x00026688   0x00000018   Code   RO         4029    i.softdevice_ble_evt_handler_set  softdevice_handler.o
    0x000266a0   0x00000100   Code   RO         4030    i.softdevice_enable  softdevice_handler.o
    0x000267a0   0x00000014   Code   RO         4031    i.softdevice_fault_handler  softdevice_handler.o
    0x000267b4   0x000000a0   Code   RO         4032    i.softdevice_handler_init  softdevice_handler.o
    0x00026854   0x0000000c   Code   RO         4033    i.softdevice_handler_is_enabled  softdevice_handler.o
    0x00026860   0x0000000e   Code   RO         1359    i.srdata_check      ble_advdata.o
    0x0002686e   0x00000026   Code   RO          654    i.startup_event_extract  bsp_btn_ble.o
    0x00026894   0x0000000a   Code   RO         3044    i.ticks_diff_get    app_timer.o
    0x0002689e   0x0000000c   Code   RO         3045    i.timeout_handler_exec  app_timer.o
    0x000268aa   0x00000002   PAD
    0x000268ac   0x00000050   Code   RO         3046    i.timer_list_handler  app_timer.o
    0x000268fc   0x0000000a   Code   RO         3047    i.timer_list_handler_sched  app_timer.o
    0x00026906   0x00000002   PAD
    0x00026908   0x00000068   Code   RO         3048    i.timer_list_insert  app_timer.o
    0x00026970   0x00000088   Code   RO         3049    i.timer_list_remove  app_timer.o
    0x000269f8   0x0000005e   Code   RO         3050    i.timer_start_op_schedule  app_timer.o
    0x00026a56   0x00000042   Code   RO         3051    i.timer_stop_op_schedule  app_timer.o
    0x00026a98   0x00000098   Code   RO         3052    i.timer_timeouts_check  app_timer.o
    0x00026b30   0x0000000a   Code   RO         3053    i.timer_timeouts_check_sched  app_timer.o
    0x00026b3a   0x00000002   PAD
    0x00026b3c   0x00000040   Code   RO         3643    i.timestamp_process  nrf_log_backend_serial.o
    0x00026b7c   0x00000098   Code   RO          787    i.twi_clear_bus     nrf_drv_twi.o
    0x00026c14   0x00000024   Code   RO          788    i.twi_process_error  nrf_drv_twi.o
    0x00026c38   0x0000004c   Code   RO          789    i.twi_receive_byte  nrf_drv_twi.o
    0x00026c84   0x000000ea   Code   RO          790    i.twi_rx_start_transfer  nrf_drv_twi.o
    0x00026d6e   0x00000048   Code   RO          791    i.twi_send_byte     nrf_drv_twi.o
    0x00026db6   0x00000126   Code   RO          792    i.twi_transfer      nrf_drv_twi.o
    0x00026edc   0x000000f0   Code   RO          793    i.twi_tx_start_transfer  nrf_drv_twi.o
    0x00026fcc   0x000000c0   Code   RO          794    i.twi_xfer          nrf_drv_twi.o
    0x0002708c   0x00000026   Code   RO         2496    i.tx_byte           nrf_drv_uart.o
    0x000270b2   0x00000134   Code   RO         1870    i.tx_char_add       ble_nus.o
    0x000271e6   0x00000022   Code   RO         2497    i.tx_done_event     nrf_drv_uart.o
    0x00027208   0x00000036   Code   RO         1360    i.tx_power_level_encode  ble_advdata.o
    0x0002723e   0x00000002   PAD
    0x00027240   0x000000a8   Code   RO           29    i.uart_event_handle  main.o
    0x000272e8   0x000000d4   Code   RO         3246    i.uart_event_handler  app_uart_fifo.o
    0x000273bc   0x00000010   Code   RO         3644    i.uart_event_handler  nrf_log_backend_serial.o
    0x000273cc   0x0000005c   Code   RO           30    i.uart_init         main.o
    0x00027428   0x00000142   Code   RO         2498    i.uart_irq_handler  nrf_drv_uart.o
    0x0002756a   0x0000010c   Code   RO         2499    i.uarte_irq_handler  nrf_drv_uart.o
    0x00027676   0x0000000c   Code   RO         1685    i.uint16_decode     ble_srv_common.o
    0x00027682   0x0000000c   Code   RO         1361    i.uint16_encode     ble_advdata.o
    0x0002768e   0x00000002   PAD
    0x00027690   0x00000090   Code   RO         1600    i.update_timeout_handler  ble_conn_params.o
    0x00027720   0x0000003c   Code   RO         3054    i.user_op_alloc     app_timer.o
    0x0002775c   0x0000000c   Code   RO         3055    i.user_op_enque     app_timer.o
    0x00027768   0x0000004e   Code   RO         1362    i.uuid_list_encode  ble_advdata.o
    0x000277b6   0x000000dc   Code   RO         1363    i.uuid_list_sized_encode  ble_advdata.o
    0x00027892   0x00000002   PAD
    0x00027894   0x0000000c   Code   RO         1474    i.whitelist_has_entries  ble_advertising.o
    0x000278a0   0x00000058   Data   RO           32    .constdata          main.o
    0x000278f8   0x00000008   Data   RO          429    .constdata          boards.o
    0x00027900   0x0000002c   Data   RO          548    .constdata          bsp.o
    0x0002792c   0x00000038   Data   RO          796    .constdata          nrf_drv_twi.o
    0x00027964   0x00000018   Data   RO         1078    .constdata          mfrc630.o
    0x0002797c   0x00000010   Data   RO         1240    .constdata          ble_dfu.o
    0x0002798c   0x00000004   Data   RO         1602    .constdata          ble_conn_params.o
    0x00027990   0x00000016   Data   RO         1761    .constdata          nrf_ble_gatt.o
    0x000279a6   0x00000002   PAD
    0x000279a8   0x00000010   Data   RO         1871    .constdata          ble_nus.o
    0x000279b8   0x00000047   Data   RO         2205    .constdata          nrf_drv_gpiote.o
    0x000279ff   0x00000001   PAD
    0x00027a00   0x00000008   Data   RO         2763    .constdata          app_button.o
    0x00027a08   0x00000020   Data   RO         3248    .constdata          app_uart_fifo.o
    0x00027a28   0x00000028   Data   RO         3646    .constdata          nrf_log_backend_serial.o
    0x00027a50   0x00000081   Data   RO         4260    .constdata          mc_w.l(ctype_o.o)
    0x00027ad1   0x00000003   PAD
    0x00027ad4   0x00000004   Data   RO         4261    .constdata          mc_w.l(ctype_o.o)
    0x00027ad8   0x000000d5   Data   RO           33    .conststring        main.o
    0x00027bad   0x00000003   PAD
    0x00027bb0   0x0000009e   Data   RO         1079    .conststring        mfrc630.o
    0x00027c4e   0x00000002   PAD
    0x00027c50   0x00000186   Data   RO         1762    .conststring        nrf_ble_gatt.o
    0x00027dd6   0x00000002   PAD
    0x00027dd8   0x00000020   Data   RO         4599    Region$$Table       anon$$obj.o


    Execution Region RW_IRAM1 (Base: 0x200025f8, Size: 0x00002e40, Max: 0x0000da08, ABSOLUTE)

    Base Addr    Size         Type   Attr      Idx    E Section Name        Object

    0x200025f8   0x0000000d   Data   RW           34    .data               main.o
    0x20002605   0x00000003   PAD
    0x20002608   0x00000015   Data   RW          549    .data               bsp.o
    0x2000261d   0x00000003   PAD
    0x20002620   0x00000008   Data   RW          655    .data               bsp_btn_ble.o
    0x20002628   0x00000002   Data   RW         1321    .data               hextochar.o
    0x2000262a   0x00000002   PAD
    0x2000262c   0x0000001f   Data   RW         1476    .data               ble_advertising.o
    0x2000264b   0x00000001   PAD
    0x2000264c   0x00000015   Data   RW         1603    .data               ble_conn_params.o
    0x20002661   0x00000003   PAD
    0x20002664   0x00000014   Data   RW         2764    .data               app_button.o
    0x20002678   0x00000014   Data   RW         3057    .data               app_timer.o
    0x2000268c   0x0000000f   Data   RW         3249    .data               app_uart_fifo.o
    0x2000269b   0x00000001   PAD
    0x2000269c   0x00000008   Data   RW         3597    .data               retarget.o
    0x200026a4   0x0000000b   Data   RW         3647    .data               nrf_log_backend_serial.o
    0x200026af   0x00000001   PAD
    0x200026b0   0x00000018   Data   RW         4039    .data               softdevice_handler.o
    0x200026c8   0x00000004   Data   RW         4183    .data               system_nrf52.o
    0x200026cc   0x000005c3   Zero   RW           31    .bss                main.o
    0x20002c8f   0x00000001   PAD
    0x20002c90   0x0000006c   Zero   RW          547    .bss                bsp.o
    0x20002cfc   0x00000050   Zero   RW          795    .bss                nrf_drv_twi.o
    0x20002d4c   0x00000009   Zero   RW         1320    .bss                hextochar.o
    0x20002d55   0x00000003   PAD
    0x20002d58   0x000000b3   Zero   RW         1475    .bss                ble_advertising.o
    0x20002e0b   0x00000001   PAD
    0x20002e0c   0x0000003c   Zero   RW         1601    .bss                ble_conn_params.o
    0x20002e48   0x00000014   Zero   RW         1955    .bss                nrf_drv_clock.o
    0x20002e5c   0x00000058   Zero   RW         2204    .bss                nrf_drv_gpiote.o
    0x20002eb4   0x00000020   Zero   RW         2500    .bss                nrf_drv_uart.o
    0x20002ed4   0x00000020   Zero   RW         2762    .bss                app_button.o
    0x20002ef4   0x0000010c   Zero   RW         3056    .bss                app_timer.o
    0x20003000   0x00000020   Zero   RW         3247    .bss                app_uart_fifo.o
    0x20003020   0x0000000c   Zero   RW         3319    .bss                app_util_platform.o
    0x2000302c   0x00000068   Zero   RW         3408    .bss                fstorage.o
    0x20003094   0x00000100   Zero   RW         3645    .bss                nrf_log_backend_serial.o
    0x20003194   0x0000001c   Zero   RW         3760    .bss                nrf_log_frontend.o
    0x200031b0   0x00000288   Zero   RW         3889    .bss                segger_rtt.o
    0x20003438   0x00002000   Zero   RW         4161    STACK               arm_startup_nrf52.o


==============================================================================

Image component sizes


      Code (inc. data)   RO Data    RW Data    ZI Data      Debug   Object Name

       480         80          8         20         32       4534   app_button.o
        28          0          0          0          0       2205   app_error.o
       128         52          0          0          0      27429   app_error_weak.o
       170          0          0          0          0       5882   app_fifo.o
         0          0          0          0          0      20736   app_scheduler.o
      2196        248          0         20        268      52179   app_timer.o
       602         92         32         15         32      11086   app_uart_fifo.o
       200         24          0          0         12      10174   app_util_platform.o
        36          8        512          0       8192        896   arm_startup_nrf52.o
      1818          0          0          0          0      38492   ble_advdata.o
      1472        240          0         31        179      15771   ble_advertising.o
       706        120          4         21         60       7736   ble_conn_params.o
      1336        128         16          0          0      37847   ble_dfu.o
       930          4         16          0          0       7426   ble_nus.o
        48          0          0          0          0      23482   ble_srv_common.o
       418         34          8          0          0      13260   boards.o
      1566        124         44         21        108      15043   bsp.o
       420         18          0          8          0       5989   bsp_btn_ble.o
        24          6          0          0        104       3292   fstorage.o
       186          8          0          2          9       2974   hextochar.o
      4082        950        301         13       1475     159576   main.o
      3474       1252        182          0          0      18521   mfrc630.o
       894         42        412          0          0      34436   nrf_ble_gatt.o
       358         34          0          0         20      13216   nrf_drv_clock.o
        96         12          0          0          0      27635   nrf_drv_common.o
      1630        104         71          0         88      34178   nrf_drv_gpiote.o
      2170         50         56          0         80      62722   nrf_drv_twi.o
      3120         94          0          0         32      53199   nrf_drv_uart.o
      1162         60         40         11        256      11395   nrf_log_backend_serial.o
       234          8          0          0         28       9014   nrf_log_frontend.o
        16          0          0          8          0       2806   retarget.o
       486         50          0          0        648       7877   segger_rtt.o
       966        266          0         24          0      42443   softdevice_handler.o
      1320        134          0          4          0       7603   system_nrf52.o

    ----------------------------------------------------------------------
     32832       4242       1744        212      11628     791054   Object Totals
         0          0         32          0          0          0   (incl. Generated)
        60          0         10         14          5          0   (incl. Padding)

    ----------------------------------------------------------------------

      Code (inc. data)   RO Data    RW Data    ZI Data      Debug   Library Member Name

         8          4        133          0          0         68   ctype_o.o
         0          0          0          0          0          0   entry.o
         0          0          0          0          0          0   entry10a.o
         0          0          0          0          0          0   entry11a.o
         8          4          0          0          0          0   entry2.o
         4          0          0          0          0          0   entry5.o
         0          0          0          0          0          0   entry7b.o
         0          0          0          0          0          0   entry8b.o
         8          4          0          0          0          0   entry9a.o
        30          0          0          0          0          0   handlers.o
        36          8          0          0          0         68   init.o
        30          0          0          0          0         68   llshl.o
        32          0          0          0          0         68   llushr.o
        36          0          0          0          0         68   memcpya.o
        36          0          0          0          0        108   memseta.o
      1216         58          0          0          0        504   printf8.o
        24          0          0          0          0         68   strcat.o
        28          0          0          0          0         76   strcmp.o
        18          0          0          0          0         68   strcpy.o
        14          0          0          0          0         68   strlen.o
        98          0          0          0          0         92   uldiv.o

    ----------------------------------------------------------------------
      1632         78        136          0          0       1324   Library Totals
         6          0          3          0          0          0   (incl. Padding)

    ----------------------------------------------------------------------

      Code (inc. data)   RO Data    RW Data    ZI Data      Debug   Library Name

      1626         78        133          0          0       1324   mc_w.l

    ----------------------------------------------------------------------
      1632         78        136          0          0       1324   Library Totals

    ----------------------------------------------------------------------

==============================================================================


      Code (inc. data)   RO Data    RW Data    ZI Data      Debug   

     34464       4320       1880        212      11628     755558   Grand Totals
     34464       4320       1880        212      11628     755558   ELF Image Totals
     34464       4320       1880        212          0          0   ROM Totals

==============================================================================

    Total RO  Size (Code + RO Data)                36344 (  35.49kB)
    Total RW  Size (RW Data + ZI Data)             11840 (  11.56kB)
    Total ROM Size (Code + RO Data + RW Data)      36556 (  35.70kB)

==============================================================================

