<html>
<body>
<pre>
<h1>µVision Build Log</h1>
<h2>Tool Versions:</h2>
IDE-Version: ¦ÌVision V5.16a
Copyright (C) 2015 ARM Ltd and ARM Germany GmbH. All rights reserved.
License Information: hello Microsoft, Microsoft, LIC=NHY74-FJSHT-ZC5JY-I5T99-R17VL-BNPCR
 
Tool Versions:
Toolchain:       MDK-ARM Professional  Version: 5.16a
Toolchain Path:  C:\Keil_v5\ARM\ARMCC\Bin
C Compiler:      Armcc.exe V5.06 (build 20)
Assembler:       Armasm.exe V5.06 (build 20)
Linker/Locator:  ArmLink.exe V5.06 (build 20)
Library Manager: ArmAr.exe V5.06 (build 20)
Hex Converter:   FromElf.exe V5.06 (build 20)
CPU DLL:         
Dialog DLL:      
Target DLL:      Segger\JL2CM3.dll V2.99.15.2
Dialog DLL:      TCM.DLL V1.14.5.0
 
<h2>Project:</h2>
E:\Mag-nfc-reader\examples\ble_peripheral\ble_app_my_mrfc630_right\pca10040\s132\arm5_no_packs\ble_app_uart_pca10040_s132.uvprojx
Project File Date:  04/25/2018

<h2>Output:</h2>
*** Using Compiler 'V5.06 (build 20)', folder: 'C:\Keil_v5\ARM\ARMCC\Bin'
Build target 'nrf52832_xxaa'
compiling main.c...
..\..\..\main.c(94): warning:  #167-D: argument of type "void (*)()" is incompatible with parameter of type "app_timer_timeout_handler_t"
                                  close_connect);
..\..\..\main.c(230): warning:  #167-D: argument of type "uint8_t *" is incompatible with parameter of type "const char *"
        status = strcmp(at_data[0], "AT");
..\..\..\main.c(234): warning:  #167-D: argument of type "uint8_t *" is incompatible with parameter of type "const char *"
                status = strcmp(at_data[1], "auth");
..\..\..\main.c(238): warning:  #167-D: argument of type "uint8_t *" is incompatible with parameter of type "const char *"
                        auth_status = strcmp(at_data[2],"auth");
..\..\..\main.c(244): warning:  #167-D: argument of type "uint8_t *" is incompatible with parameter of type "const char *"
                                ble_nus_string_send(&m_nus, re, strlen(re));
..\..\..\main.c(252): warning:  #167-D: argument of type "uint8_t *" is incompatible with parameter of type "const char *"
                                ble_nus_string_send(&m_nus, re, strlen(re));                                            
..\..\..\main.c(259): warning:  #167-D: argument of type "uint8_t *" is incompatible with parameter of type "const char *"
                        status = strcmp(at_data[1], "version");
..\..\..\main.c(269): warning:  #167-D: argument of type "uint8_t *" is incompatible with parameter of type "char *restrict"
                                strcat(re_str, version_p);
..\..\..\main.c(269): warning:  #167-D: argument of type "uint8_t *" is incompatible with parameter of type "const char *restrict"
                                strcat(re_str, version_p);
..\..\..\main.c(271): warning:  #167-D: argument of type "uint8_t *" is incompatible with parameter of type "const char *"
                                ble_nus_string_send(&m_nus, re_str, strlen(re_str));                    
..\..\..\main.c(276): warning:  #167-D: argument of type "uint8_t *" is incompatible with parameter of type "const char *"
                                status = strcmp(at_data[1], "uid");
..\..\..\main.c(288): warning:  #167-D: argument of type "uint8_t *" is incompatible with parameter of type "const char *"
                                        status = strcmp(at_data[1], "reset");
..\..\..\main.c(292): warning:  #167-D: argument of type "uint8_t *" is incompatible with parameter of type "const char *"
                                                ble_nus_string_send(&m_nus, re, strlen(re));                                            
..\..\..\main.c(295): warning:  #167-D: argument of type "uint8_t *" is incompatible with parameter of type "const char *"
                                                ble_nus_string_send(&m_nus, re, strlen(re));
..\..\..\main.c(304): warning:  #167-D: argument of type "uint8_t *" is incompatible with parameter of type "const char *"
                        ble_nus_string_send(&m_nus, re, strlen(re));
..\..\..\main.c(679): warning:  #177-D: variable "stat" was declared but never referenced
        uint8_t stat;
..\..\..\main.c(894): warning:  #167-D: argument of type "uint8_t *" is incompatible with parameter of type "char *restrict"
                        strcat(re_str, uid_str_p);
..\..\..\main.c(894): warning:  #167-D: argument of type "uint8_t *" is incompatible with parameter of type "const char *restrict"
                        strcat(re_str, uid_str_p);
..\..\..\main.c(907): warning:  #940-D: missing return statement at end of non-void function "mfrc630_MF_example_dump"
  }
..\..\..\main.c(879): warning:  #177-D: variable "i" was declared but never referenced
        uint8_t i;
..\..\..\main.c(980): warning:  #940-D: missing return statement at end of non-void function "mfrc630_MF_dump"
  }
..\..\..\main.c(1016): warning:  #187-D: use of "=" where "==" may have been intended
                                        if(j = 3)
..\..\..\main.c(1031): warning:  #167-D: argument of type "uint8_t *" is incompatible with parameter of type "char *restrict"
                        strcat(re_str, uid_str_p);
..\..\..\main.c(1031): warning:  #167-D: argument of type "uint8_t *" is incompatible with parameter of type "const char *restrict"
                        strcat(re_str, uid_str_p);
..\..\..\main.c(1047): warning:  #187-D: use of "=" where "==" may have been intended
                                        if(j = 3)
..\..\..\main.c(1062): warning:  #167-D: argument of type "uint8_t *" is incompatible with parameter of type "char *restrict"
                        strcat(re_str, uid_str_p);
..\..\..\main.c(1062): warning:  #167-D: argument of type "uint8_t *" is incompatible with parameter of type "const char *restrict"
                        strcat(re_str, uid_str_p);
..\..\..\main.c(1071): warning:  #940-D: missing return statement at end of non-void function "read_rifd"
  }
..\..\..\main.c(863): warning:  #177-D: function "power_manage" was declared but never referenced
  static void power_manage(void)
..\..\..\main.c: 29 warnings, 0 errors
linking...
Program Size: Code=35356 RO-data=1668 RW-data=212 ZI-data=11700  
FromELF: creating hex file...
".\_build\nrf52832_xxaa.axf" - 0 Error(s), 29 Warning(s).

<h2>Software Packages used:</h2>

Package Vendor: ARM
                http://www.keil.com/pack/ARM.CMSIS.4.5.0.pack
                ARM::CMSIS:CORE:4.3.0
                CMSIS (Cortex Microcontroller Software Interface Standard)
   * Component: CORE Version: 4.3.0

Package Vendor: NordicSemiconductor
                http://developer.nordicsemi.com/nRF5_SDK/pieces/nRF_DeviceFamilyPack/NordicSemiconductor.nRF_DeviceFamilyPack.8.12.0.pack
                NordicSemiconductor::Device:Startup:8.12.0
                Nordic Semiconductor nRF ARM devices Device Family Pack.
   * Component: Startup Version: 8.12.0

<h2>Collection of Component include folders:</h2>
  E:\Mag-nfc-reader\examples\ble_peripheral\ble_app_my_mrfc630_right\pca10040\s132\arm5_no_packs\RTE
  C:\Keil_v5\ARM\PACK\ARM\CMSIS\4.5.0\CMSIS\Include
  C:\Keil_v5\ARM\PACK\NordicSemiconductor\nRF_DeviceFamilyPack\8.12.0\Device\Include
  C:\Keil_v5\ARM\PACK\NordicSemiconductor\nRF_DeviceFamilyPack\8.13.0\Device\Include

<h2>Collection of Component Files used:</h2>

   * Component: ARM::CMSIS:CORE:4.3.0

   * Component: NordicSemiconductor::Device:Startup:8.12.0
      Source file:   Device\Source\arm\arm_startup_nrf52.s
      Source file:   Device\Source\system_nrf52.c
      Include file:  Device\Include\system_nrf52.h
Build Time Elapsed:  00:00:04
</pre>
</body>
</html>
