Component: ARM Compiler 5.06 (build 20) Tool: armlink [4d35a3]

==============================================================================

Section Cross References

    main.o(i.advertising_init) refers to memseta.o(.text) for __aeabi_memclr4
    main.o(i.advertising_init) refers to ble_advertising.o(i.ble_advertising_init) for ble_advertising_init
    main.o(i.advertising_init) refers to app_error.o(i.app_error_handler_bare) for app_error_handler_bare
    main.o(i.advertising_init) refers to ble_advertising.o(i.ble_advertising_conn_cfg_tag_set) for ble_advertising_conn_cfg_tag_set
    main.o(i.advertising_init) refers to main.o(.data) for m_adv_uuids
    main.o(i.advertising_init) refers to main.o(i.on_adv_evt) for on_adv_evt
    main.o(i.assert_nrf_callback) refers to app_error.o(i.app_error_handler) for app_error_handler
    main.o(i.ble_evt_dispatch) refers to ble_conn_params.o(i.ble_conn_params_on_ble_evt) for ble_conn_params_on_ble_evt
    main.o(i.ble_evt_dispatch) refers to nrf_ble_gatt.o(i.nrf_ble_gatt_on_ble_evt) for nrf_ble_gatt_on_ble_evt
    main.o(i.ble_evt_dispatch) refers to ble_nus.o(i.ble_nus_on_ble_evt) for ble_nus_on_ble_evt
    main.o(i.ble_evt_dispatch) refers to main.o(i.on_ble_evt) for on_ble_evt
    main.o(i.ble_evt_dispatch) refers to ble_advertising.o(i.ble_advertising_on_ble_evt) for ble_advertising_on_ble_evt
    main.o(i.ble_evt_dispatch) refers to bsp_btn_ble.o(i.bsp_btn_ble_on_ble_evt) for bsp_btn_ble_on_ble_evt
    main.o(i.ble_evt_dispatch) refers to main.o(.bss) for m_gatt
    main.o(i.ble_stack_init) refers to softdevice_handler.o(i.softdevice_handler_init) for softdevice_handler_init
    main.o(i.ble_stack_init) refers to app_error.o(i.app_error_handler_bare) for app_error_handler_bare
    main.o(i.ble_stack_init) refers to softdevice_handler.o(i.softdevice_app_ram_start_get) for softdevice_app_ram_start_get
    main.o(i.ble_stack_init) refers to softdevice_handler.o(i.softdevice_enable) for softdevice_enable
    main.o(i.ble_stack_init) refers to softdevice_handler.o(i.softdevice_ble_evt_handler_set) for softdevice_ble_evt_handler_set
    main.o(i.ble_stack_init) refers to main.o(.constdata) for .constdata
    main.o(i.ble_stack_init) refers to main.o(.bss) for BLE_EVT_BUFFER
    main.o(i.ble_stack_init) refers to main.o(i.ble_evt_dispatch) for ble_evt_dispatch
    main.o(i.bsp_event_handler) refers to main.o(i.sleep_mode_enter) for sleep_mode_enter
    main.o(i.bsp_event_handler) refers to app_error.o(i.app_error_handler_bare) for app_error_handler_bare
    main.o(i.bsp_event_handler) refers to ble_advertising.o(i.ble_advertising_restart_without_whitelist) for ble_advertising_restart_without_whitelist
    main.o(i.bsp_event_handler) refers to main.o(i.mfrc630_MF_example_dump) for mfrc630_MF_example_dump
    main.o(i.bsp_event_handler) refers to main.o(.data) for m_conn_handle
    main.o(i.buttons_leds_init) refers to bsp.o(i.bsp_init) for bsp_init
    main.o(i.buttons_leds_init) refers to app_error.o(i.app_error_handler_bare) for app_error_handler_bare
    main.o(i.buttons_leds_init) refers to bsp_btn_ble.o(i.bsp_btn_ble_init) for bsp_btn_ble_init
    main.o(i.buttons_leds_init) refers to main.o(i.bsp_event_handler) for bsp_event_handler
    main.o(i.conn_params_error_handler) refers to app_error.o(i.app_error_handler_bare) for app_error_handler_bare
    main.o(i.conn_params_init) refers to memseta.o(.text) for __aeabi_memclr4
    main.o(i.conn_params_init) refers to ble_conn_params.o(i.ble_conn_params_init) for ble_conn_params_init
    main.o(i.conn_params_init) refers to app_error.o(i.app_error_handler_bare) for app_error_handler_bare
    main.o(i.conn_params_init) refers to main.o(i.on_conn_params_evt) for on_conn_params_evt
    main.o(i.conn_params_init) refers to main.o(i.conn_params_error_handler) for conn_params_error_handler
    main.o(i.gap_params_init) refers to app_error.o(i.app_error_handler_bare) for app_error_handler_bare
    main.o(i.gatt_evt_handler) refers to nrf_log_frontend.o(i.nrf_log_frontend_std_2) for nrf_log_frontend_std_2
    main.o(i.gatt_evt_handler) refers to main.o(.data) for m_conn_handle
    main.o(i.gatt_init) refers to nrf_ble_gatt.o(i.nrf_ble_gatt_init) for nrf_ble_gatt_init
    main.o(i.gatt_init) refers to app_error.o(i.app_error_handler_bare) for app_error_handler_bare
    main.o(i.gatt_init) refers to nrf_ble_gatt.o(i.nrf_ble_gatt_att_mtu_periph_set) for nrf_ble_gatt_att_mtu_periph_set
    main.o(i.gatt_init) refers to main.o(i.gatt_evt_handler) for gatt_evt_handler
    main.o(i.gatt_init) refers to main.o(.bss) for m_gatt
    main.o(i.log_init) refers to nrf_log_frontend.o(i.nrf_log_init) for nrf_log_init
    main.o(i.log_init) refers to app_error.o(i.app_error_handler_bare) for app_error_handler_bare
    main.o(i.main) refers to app_timer.o(i.app_timer_init) for app_timer_init
    main.o(i.main) refers to app_error.o(i.app_error_handler_bare) for app_error_handler_bare
[...]
    i.update_timeout_handler                 0x00027010   Section        0  ble_conn_params.o(i.update_timeout_handler)
    update_timeout_handler                   0x00027011   Thumb Code   126  ble_conn_params.o(i.update_timeout_handler)
    i.user_op_alloc                          0x000270a0   Section        0  app_timer.o(i.user_op_alloc)
    user_op_alloc                            0x000270a1   Thumb Code    56  app_timer.o(i.user_op_alloc)
    i.user_op_enque                          0x000270dc   Section        0  app_timer.o(i.user_op_enque)
    user_op_enque                            0x000270dd   Thumb Code     6  app_timer.o(i.user_op_enque)
    i.uuid_list_encode                       0x000270e8   Section        0  ble_advdata.o(i.uuid_list_encode)
    uuid_list_encode                         0x000270e9   Thumb Code    78  ble_advdata.o(i.uuid_list_encode)
    i.uuid_list_sized_encode                 0x00027136   Section        0  ble_advdata.o(i.uuid_list_sized_encode)
    uuid_list_sized_encode                   0x00027137   Thumb Code   220  ble_advdata.o(i.uuid_list_sized_encode)
    i.whitelist_has_entries                  0x00027214   Section        0  ble_advertising.o(i.whitelist_has_entries)
    whitelist_has_entries                    0x00027215   Thumb Code     6  ble_advertising.o(i.whitelist_has_entries)
    .constdata                               0x00027220   Section       28  main.o(.constdata)
    .constdata                               0x0002723c   Section        8  boards.o(.constdata)
    m_board_led_list                         0x0002723c   Data           4  boards.o(.constdata)
    m_board_btn_list                         0x00027240   Data           4  boards.o(.constdata)
    .constdata                               0x00027244   Section       44  bsp.o(.constdata)
    m_leds_timer_id                          0x00027244   Data           4  bsp.o(.constdata)
    m_alert_timer_id                         0x00027248   Data           4  bsp.o(.constdata)
    m_button_timer_id                        0x0002724c   Data           4  bsp.o(.constdata)
    app_buttons                              0x00027250   Data          32  bsp.o(.constdata)
    .constdata                               0x00027270   Section       56  nrf_drv_twi.o(.constdata)
    __func__                                 0x00027270   Data          17  nrf_drv_twi.o(.constdata)
    __func__                                 0x00027281   Data           9  nrf_drv_twi.o(.constdata)
    __func__                                 0x0002728a   Data          17  nrf_drv_twi.o(.constdata)
    .constdata                               0x000272a8   Section       24  mfrc630.o(.constdata)
    m_twi                                    0x000272a8   Data           8  mfrc630.o(.constdata)
    .constdata                               0x000272c0   Section        4  ble_conn_params.o(.constdata)
    m_conn_params_timer_id                   0x000272c0   Data           4  ble_conn_params.o(.constdata)
    .constdata                               0x000272c4   Section       22  nrf_ble_gatt.o(.constdata)
    .constdata                               0x000272dc   Section       16  ble_nus.o(.constdata)
    .constdata                               0x000272ec   Section       71  nrf_drv_gpiote.o(.constdata)
    __func__                                 0x000272f0   Data          20  nrf_drv_gpiote.o(.constdata)
    __func__                                 0x00027304   Data          24  nrf_drv_gpiote.o(.constdata)
    __func__                                 0x0002731c   Data          23  nrf_drv_gpiote.o(.constdata)
    .constdata                               0x00027334   Section        8  app_button.o(.constdata)
    m_detection_delay_timer_id               0x00027334   Data           4  app_button.o(.constdata)
    .constdata                               0x0002733c   Section       32  app_uart_fifo.o(.constdata)
    .constdata                               0x0002735c   Section      129  ctype_o.o(.constdata)
    .constdata                               0x000273e0   Section        4  ctype_o.o(.constdata)
    table                                    0x000273e0   Data           4  ctype_o.o(.constdata)
    .conststring                             0x000273e4   Section      390  nrf_ble_gatt.o(.conststring)
    .data                                    0x200025f8   Section       16  main.o(.data)
    m_conn_handle                            0x200025f8   Data           2  main.o(.data)
    m_adv_uuids                              0x200025fa   Data           4  main.o(.data)
    m_ble_nus_max_data_len                   0x200025fe   Data           2  main.o(.data)
    index                                    0x20002600   Data           1  main.o(.data)
    reset_this_CPU                           0x20002604   Data           4  main.o(.data)
    .data                                    0x20002608   Section       21  bsp.o(.data)
    m_stable_state                           0x20002608   Data           1  bsp.o(.data)
    m_leds_clear                             0x20002609   Data           1  bsp.o(.data)
    m_indication_type                        0x2000260c   Data           4  bsp.o(.data)
    m_alert_on                               0x20002610   Data           1  bsp.o(.data)
    m_registered_callback                    0x20002614   Data           4  bsp.o(.data)
    current_long_push_pin_no                 0x20002618   Data           1  bsp.o(.data)
    release_event_at_push                    0x20002619   Data           4  bsp.o(.data)
    .data                                    0x20002620   Section        8  bsp_btn_ble.o(.data)
    m_error_handler                          0x20002620   Data           4  bsp_btn_ble.o(.data)
    m_num_connections                        0x20002624   Data           4  bsp_btn_ble.o(.data)
    .data                                    0x20002628   Section       31  ble_advertising.o(.data)
    m_initialized                            0x20002628   Data           1  ble_advertising.o(.data)
    m_advertising_start_pending              0x20002629   Data           1  ble_advertising.o(.data)
    m_adv_evt                                0x2000262a   Data           1  ble_advertising.o(.data)
    m_adv_mode_current                       0x2000262b   Data           1  ble_advertising.o(.data)
    m_conn_cfg_tag                           0x2000262c   Data           1  ble_advertising.o(.data)
    m_peer_address                           0x2000262d   Data           7  ble_advertising.o(.data)
    m_peer_addr_reply_expected               0x20002634   Data           1  ble_advertising.o(.data)
    m_slave_conn_int                         0x20002636   Data           4  ble_advertising.o(.data)
    m_current_slave_link_conn_handle         0x2000263a   Data           2  ble_advertising.o(.data)
    m_evt_handler                            0x2000263c   Data           4  ble_advertising.o(.data)
    m_error_handler                          0x20002640   Data           4  ble_advertising.o(.data)
    m_whitelist_temporarily_disabled         0x20002644   Data           1  ble_advertising.o(.data)
    m_whitelist_reply_expected               0x20002645   Data           1  ble_advertising.o(.data)
    m_whitelist_in_use                       0x20002646   Data           1  ble_advertising.o(.data)
    .data                                    0x20002648   Section       21  ble_conn_params.o(.data)
    m_preferred_conn_params                  0x20002648   Data           8  ble_conn_params.o(.data)
    m_update_count                           0x20002650   Data           1  ble_conn_params.o(.data)
    m_conn_handle                            0x20002652   Data           2  ble_conn_params.o(.data)
    m_current_conn_params                    0x20002654   Data           8  ble_conn_params.o(.data)
    m_change_param                           0x2000265c   Data           1  ble_conn_params.o(.data)
    .data                                    0x20002660   Section       20  app_button.o(.data)
    mp_buttons                               0x20002660   Data           4  app_button.o(.data)
    m_button_count                           0x20002664   Data           1  app_button.o(.data)
    m_detection_delay                        0x20002668   Data           4  app_button.o(.data)
    m_pin_state                              0x2000266c   Data           4  app_button.o(.data)
    m_pin_transition                         0x20002670   Data           4  app_button.o(.data)
    .data                                    0x20002674   Section       20  app_timer.o(.data)
    mp_timer_id_head                         0x20002674   Data           4  app_timer.o(.data)
    m_ticks_latest                           0x20002678   Data           4  app_timer.o(.data)
    m_ticks_elapsed                          0x2000267c   Data           8  app_timer.o(.data)
    m_ticks_elapsed_q_read_ind               0x20002684   Data           1  app_timer.o(.data)
    m_ticks_elapsed_q_write_ind              0x20002685   Data           1  app_timer.o(.data)
    m_rtc1_running                           0x20002686   Data           1  app_timer.o(.data)
    m_rtc1_reset                             0x20002687   Data           1  app_timer.o(.data)
    .data                                    0x20002688   Section       15  app_uart_fifo.o(.data)
    app_uart_inst                            0x20002688   Data           8  app_uart_fifo.o(.data)
    m_event_handler                          0x20002690   Data           4  app_uart_fifo.o(.data)
    tx_buffer                                0x20002694   Data           1  app_uart_fifo.o(.data)
    rx_buffer                                0x20002695   Data           1  app_uart_fifo.o(.data)
    m_rx_ovf                                 0x20002696   Data           1  app_uart_fifo.o(.data)
    .data                                    0x20002698   Section        8  retarget.o(.data)
    .data                                    0x200026a0   Section        2  nrf_log_backend_serial.o(.data)
    m_initialized                            0x200026a0   Data           1  nrf_log_backend_serial.o(.data)
    m_blocking_mode                          0x200026a1   Data           1  nrf_log_backend_serial.o(.data)
    .data                                    0x200026a4   Section       24  softdevice_handler.o(.data)
    m_evt_schedule_func                      0x200026a4   Data           4  softdevice_handler.o(.data)
    m_sys_evt_handler                        0x200026a8   Data           4  softdevice_handler.o(.data)
    m_softdevice_enabled                     0x200026ac   Data           1  softdevice_handler.o(.data)
    m_suspended                              0x200026ad   Data           1  softdevice_handler.o(.data)
    mp_ble_evt_buffer                        0x200026b0   Data           4  softdevice_handler.o(.data)
    m_ble_evt_buffer_size                    0x200026b4   Data           2  softdevice_handler.o(.data)
    m_ble_evt_handler                        0x200026b8   Data           4  softdevice_handler.o(.data)
    .data                                    0x200026bc   Section        4  system_nrf52.o(.data)
    __tagsym$$used                           0x200026bc   Number         0  system_nrf52.o(.data)
    .bss                                     0x200026c0   Section     1451  main.o(.bss)
    m_nus                                    0x200026c0   Data          28  main.o(.bss)
    m_gatt                                   0x200026dc   Data          28  main.o(.bss)
    BLE_EVT_BUFFER                           0x200026f8   Data         216  main.o(.bss)
    data_array                               0x200027d0   Data         155  main.o(.bss)
    rx_buf                                   0x2000286b   Data         512  main.o(.bss)
    tx_buf                                   0x20002a6b   Data         512  main.o(.bss)
    .bss                                     0x20002c6c   Section      108  bsp.o(.bss)
    m_leds_timer_id_data                     0x20002c6c   Data          32  bsp.o(.bss)
    m_alert_timer_id_data                    0x20002c8c   Data          32  bsp.o(.bss)
    m_events_list                            0x20002cac   Data          12  bsp.o(.bss)
    m_button_timer_id_data                   0x20002cb8   Data          32  bsp.o(.bss)
    .bss                                     0x20002cd8   Section       80  nrf_drv_twi.o(.bss)
    m_cb                                     0x20002cd8   Data          80  nrf_drv_twi.o(.bss)
    .bss                                     0x20002d28   Section      179  ble_advertising.o(.bss)
    m_adv_modes_config                       0x20002d28   Data          32  ble_advertising.o(.bss)
    m_advdata                                0x20002d48   Data          60  ble_advertising.o(.bss)
    m_manuf_specific_data                    0x20002d84   Data          12  ble_advertising.o(.bss)
    m_manuf_data_array                       0x20002d90   Data          31  ble_advertising.o(.bss)
    m_service_data                           0x20002db0   Data          12  ble_advertising.o(.bss)
    m_service_data_array                     0x20002dbc   Data          31  ble_advertising.o(.bss)
    .bss                                     0x20002ddc   Section       60  ble_conn_params.o(.bss)
    m_conn_params_config                     0x20002ddc   Data          28  ble_conn_params.o(.bss)
    m_conn_params_timer_id_data              0x20002df8   Data          32  ble_conn_params.o(.bss)
    .bss                                     0x20002e18   Section       20  nrf_drv_clock.o(.bss)
    m_clock_cb                               0x20002e18   Data          20  nrf_drv_clock.o(.bss)
    .bss                                     0x20002e2c   Section       88  nrf_drv_gpiote.o(.bss)
    m_cb                                     0x20002e2c   Data          88  nrf_drv_gpiote.o(.bss)
    .bss                                     0x20002e84   Section       32  nrf_drv_uart.o(.bss)
    m_cb                                     0x20002e84   Data          32  nrf_drv_uart.o(.bss)
    .bss                                     0x20002ea4   Section       32  app_button.o(.bss)
    m_detection_delay_timer_id_data          0x20002ea4   Data          32  app_button.o(.bss)
    .bss                                     0x20002ec4   Section      268  app_timer.o(.bss)
    m_op_queue                               0x20002ec4   Data         268  app_timer.o(.bss)
    .bss                                     0x20002fd0   Section       32  app_uart_fifo.o(.bss)
    m_rx_fifo                                0x20002fd0   Data          16  app_uart_fifo.o(.bss)
    m_tx_fifo                                0x20002fe0   Data          16  app_uart_fifo.o(.bss)
    .bss                                     0x20002ff0   Section       12  app_util_platform.o(.bss)
    .bss                                     0x20002ffc   Section      104  fstorage.o(.bss)
    m_queue                                  0x20002ffc   Data         104  fstorage.o(.bss)
    .bss                                     0x20003064   Section       28  nrf_log_frontend.o(.bss)
    m_log_data                               0x20003064   Data          28  nrf_log_frontend.o(.bss)
    .bss                                     0x20003080   Section      648  segger_rtt.o(.bss)
    _acUpBuffer                              0x20003080   Data         512  segger_rtt.o(.bss)
    _acDownBuffer                            0x20003280   Data          16  segger_rtt.o(.bss)
    STACK                                    0x20003308   Section     8192  arm_startup_nrf52.o(STACK)

    Global Symbols

    Symbol Name                              Value     Ov Type        Size  Object(Section)

    BuildAttributes$$THM_ISAv4$E$P$D$K$B$S$7EM$VFPi3$EXTD16$VFPS$VFMA$PE$A:L22UL41UL21$X:L11$S22US41US21$IEEE1$IW$USESV6$~STKCKD$USESV7$~SHL$OTIME$ROPI$IEEEX$EBA8$MICROLIB$REQ8$PRES8$EABIv2 0x00000000   Number         0  anon$$obj.o ABSOLUTE
    __ARM_use_no_argv                        0x00000000   Number         0  main.o ABSOLUTE
    _printf_a                                0x00000000   Number         0  stubs.o ABSOLUTE
    _printf_c                                0x00000000   Number         0  stubs.o ABSOLUTE
    _printf_charcount                        0x00000000   Number         0  stubs.o ABSOLUTE
    _printf_d                                0x00000000   Number         0  stubs.o ABSOLUTE
    _printf_e                                0x00000000   Number         0  stubs.o ABSOLUTE
    _printf_f                                0x00000000   Number         0  stubs.o ABSOLUTE
    _printf_flags                            0x00000000   Number         0  stubs.o ABSOLUTE
    _printf_fp_dec                           0x00000000   Number         0  stubs.o ABSOLUTE
    _printf_fp_hex                           0x00000000   Number         0  stubs.o ABSOLUTE
    _printf_g                                0x00000000   Number         0  stubs.o ABSOLUTE
    _printf_i                                0x00000000   Number         0  stubs.o ABSOLUTE
    _printf_int_dec                          0x00000000   Number         0  stubs.o ABSOLUTE
    _printf_l                                0x00000000   Number         0  stubs.o ABSOLUTE
    _printf_lc                               0x00000000   Number         0  stubs.o ABSOLUTE
    _printf_ll                               0x00000000   Number         0  stubs.o ABSOLUTE
    _printf_lld                              0x00000000   Number         0  stubs.o ABSOLUTE
    _printf_lli                              0x00000000   Number         0  stubs.o ABSOLUTE
    _printf_llo                              0x00000000   Number         0  stubs.o ABSOLUTE
    _printf_llu                              0x00000000   Number         0  stubs.o ABSOLUTE
    _printf_llx                              0x00000000   Number         0  stubs.o ABSOLUTE
    _printf_longlong_dec                     0x00000000   Number         0  stubs.o ABSOLUTE
    _printf_longlong_hex                     0x00000000   Number         0  stubs.o ABSOLUTE
    _printf_longlong_oct                     0x00000000   Number         0  stubs.o ABSOLUTE
    _printf_ls                               0x00000000   Number         0  stubs.o ABSOLUTE
    _printf_mbtowc                           0x00000000   Number         0  stubs.o ABSOLUTE
    _printf_n                                0x00000000   Number         0  stubs.o ABSOLUTE
    _printf_o                                0x00000000   Number         0  stubs.o ABSOLUTE
    _printf_p                                0x00000000   Number         0  stubs.o ABSOLUTE
    _printf_percent                          0x00000000   Number         0  stubs.o ABSOLUTE
    _printf_pre_padding                      0x00000000   Number         0  stubs.o ABSOLUTE
    _printf_return_value                     0x00000000   Number         0  stubs.o ABSOLUTE
    _printf_s                                0x00000000   Number         0  stubs.o ABSOLUTE
    _printf_sizespec                         0x00000000   Number         0  stubs.o ABSOLUTE
    _printf_str                              0x00000000   Number         0  stubs.o ABSOLUTE
    _printf_truncate_signed                  0x00000000   Number         0  stubs.o ABSOLUTE
    _printf_truncate_unsigned                0x00000000   Number         0  stubs.o ABSOLUTE
    _printf_u                                0x00000000   Number         0  stubs.o ABSOLUTE
    _printf_wc                               0x00000000   Number         0  stubs.o ABSOLUTE
    _printf_wctomb                           0x00000000   Number         0  stubs.o ABSOLUTE
    _printf_widthprec                        0x00000000   Number         0  stubs.o ABSOLUTE
    _printf_x                                0x00000000   Number         0  stubs.o ABSOLUTE
    __cpp_initialize__aeabi_                  - Undefined Weak Reference
    __cxa_finalize                            - Undefined Weak Reference
    __decompress                              - Undefined Weak Reference
    _clock_init                               - Undefined Weak Reference
    _microlib_exit                            - Undefined Weak Reference
    _scanf_longlong                           - Undefined Weak Reference
    _scanf_real                               - Undefined Weak Reference
    _scanf_string                             - Undefined Weak Reference
    fs_data$$Base                             - Undefined Reference
    fs_data$$Limit                            - Undefined Reference
    __Vectors_Size                           0x00000200   Number         0  arm_startup_nrf52.o ABSOLUTE
    __Vectors                                0x0001f000   Data           4  arm_startup_nrf52.o(RESET)
    __Vectors_End                            0x0001f200   Data           0  arm_startup_nrf52.o(RESET)
    __main                                   0x0001f201   Thumb Code     0  entry.o(.ARM.Collect$$$$00000000)
    _main_stk                                0x0001f201   Thumb Code     0  entry2.o(.ARM.Collect$$$$00000001)
    _main_scatterload                        0x0001f205   Thumb Code     0  entry5.o(.ARM.Collect$$$$00000004)
    __main_after_scatterload                 0x0001f209   Thumb Code     0  entry5.o(.ARM.Collect$$$$00000004)
    _main_clock                              0x0001f209   Thumb Code     0  entry7b.o(.ARM.Collect$$$$00000008)
    _main_cpp_init                           0x0001f209   Thumb Code     0  entry8b.o(.ARM.Collect$$$$0000000A)
    _main_init                               0x0001f209   Thumb Code     0  entry9a.o(.ARM.Collect$$$$0000000B)
    __rt_final_cpp                           0x0001f211   Thumb Code     0  entry10a.o(.ARM.Collect$$$$0000000D)
    __rt_final_exit                          0x0001f211   Thumb Code     0  entry11a.o(.ARM.Collect$$$$0000000F)
    Reset_Handler                            0x0001f215   Thumb Code     8  arm_startup_nrf52.o(.text)
    NMI_Handler                              0x0001f21d   Thumb Code     2  arm_startup_nrf52.o(.text)
    HardFault_Handler                        0x0001f21f   Thumb Code     2  arm_startup_nrf52.o(.text)
    MemoryManagement_Handler                 0x0001f221   Thumb Code     2  arm_startup_nrf52.o(.text)
    BusFault_Handler                         0x0001f223   Thumb Code     2  arm_startup_nrf52.o(.text)
    UsageFault_Handler                       0x0001f225   Thumb Code     2  arm_startup_nrf52.o(.text)
    SVC_Handler                              0x0001f227   Thumb Code     2  arm_startup_nrf52.o(.text)
    DebugMon_Handler                         0x0001f229   Thumb Code     2  arm_startup_nrf52.o(.text)
    PendSV_Handler                           0x0001f22b   Thumb Code     2  arm_startup_nrf52.o(.text)
    SysTick_Handler                          0x0001f22d   Thumb Code     2  arm_startup_nrf52.o(.text)
    CCM_AAR_IRQHandler                       0x0001f22f   Thumb Code     0  arm_startup_nrf52.o(.text)
    COMP_LPCOMP_IRQHandler                   0x0001f22f   Thumb Code     0  arm_startup_nrf52.o(.text)
    ECB_IRQHandler                           0x0001f22f   Thumb Code     0  arm_startup_nrf52.o(.text)
    FPU_IRQHandler                           0x0001f22f   Thumb Code     0  arm_startup_nrf52.o(.text)
    I2S_IRQHandler                           0x0001f22f   Thumb Code     0  arm_startup_nrf52.o(.text)
    MWU_IRQHandler                           0x0001f22f   Thumb Code     0  arm_startup_nrf52.o(.text)
    NFCT_IRQHandler                          0x0001f22f   Thumb Code     0  arm_startup_nrf52.o(.text)
    PDM_IRQHandler                           0x0001f22f   Thumb Code     0  arm_startup_nrf52.o(.text)
    PWM0_IRQHandler                          0x0001f22f   Thumb Code     0  arm_startup_nrf52.o(.text)
    PWM1_IRQHandler                          0x0001f22f   Thumb Code     0  arm_startup_nrf52.o(.text)
    PWM2_IRQHandler                          0x0001f22f   Thumb Code     0  arm_startup_nrf52.o(.text)
    QDEC_IRQHandler                          0x0001f22f   Thumb Code     0  arm_startup_nrf52.o(.text)
    RADIO_IRQHandler                         0x0001f22f   Thumb Code     0  arm_startup_nrf52.o(.text)
    RNG_IRQHandler                           0x0001f22f   Thumb Code     0  arm_startup_nrf52.o(.text)
    RTC0_IRQHandler                          0x0001f22f   Thumb Code     0  arm_startup_nrf52.o(.text)
    RTC2_IRQHandler                          0x0001f22f   Thumb Code     0  arm_startup_nrf52.o(.text)
    SAADC_IRQHandler                         0x0001f22f   Thumb Code     0  arm_startup_nrf52.o(.text)
    SPIM2_SPIS2_SPI2_IRQHandler              0x0001f22f   Thumb Code     0  arm_startup_nrf52.o(.text)
    SWI1_EGU1_IRQHandler                     0x0001f22f   Thumb Code     0  arm_startup_nrf52.o(.text)
    SWI3_EGU3_IRQHandler                     0x0001f22f   Thumb Code     0  arm_startup_nrf52.o(.text)
    SWI4_EGU4_IRQHandler                     0x0001f22f   Thumb Code     0  arm_startup_nrf52.o(.text)
    SWI5_EGU5_IRQHandler                     0x0001f22f   Thumb Code     0  arm_startup_nrf52.o(.text)
    TEMP_IRQHandler                          0x0001f22f   Thumb Code     0  arm_startup_nrf52.o(.text)
    TIMER0_IRQHandler                        0x0001f22f   Thumb Code     0  arm_startup_nrf52.o(.text)
    TIMER1_IRQHandler                        0x0001f22f   Thumb Code     0  arm_startup_nrf52.o(.text)
    TIMER2_IRQHandler                        0x0001f22f   Thumb Code     0  arm_startup_nrf52.o(.text)
    TIMER3_IRQHandler                        0x0001f22f   Thumb Code     0  arm_startup_nrf52.o(.text)
    TIMER4_IRQHandler                        0x0001f22f   Thumb Code     0  arm_startup_nrf52.o(.text)
    WDT_IRQHandler                           0x0001f22f   Thumb Code     0  arm_startup_nrf52.o(.text)
    __aeabi_uldivmod                         0x0001f239   Thumb Code    98  uldiv.o(.text)
    __rt_ctype_table                         0x0001f29d   Thumb Code     4  ctype_o.o(.text)
    __aeabi_memcpy                           0x0001f2a5   Thumb Code    36  memcpya.o(.text)
    __aeabi_memcpy4                          0x0001f2a5   Thumb Code     0  memcpya.o(.text)
    __aeabi_memcpy8                          0x0001f2a5   Thumb Code     0  memcpya.o(.text)
    __aeabi_memset                           0x0001f2c9   Thumb Code    14  memseta.o(.text)
    __aeabi_memset4                          0x0001f2c9   Thumb Code     0  memseta.o(.text)
    __aeabi_memset8                          0x0001f2c9   Thumb Code     0  memseta.o(.text)
    __aeabi_memclr                           0x0001f2d7   Thumb Code     4  memseta.o(.text)
    __aeabi_memclr4                          0x0001f2d7   Thumb Code     0  memseta.o(.text)
    __aeabi_memclr8                          0x0001f2d7   Thumb Code     0  memseta.o(.text)
    _memset$wrapper                          0x0001f2db   Thumb Code    18  memseta.o(.text)
    strlen                                   0x0001f2ed   Thumb Code    14  strlen.o(.text)
    strcpy                                   0x0001f2fb   Thumb Code    18  strcpy.o(.text)
    __aeabi_dadd                             0x0001f30d   Thumb Code   322  dadd.o(.text)
    __aeabi_dsub                             0x0001f44f   Thumb Code     6  dadd.o(.text)
    __aeabi_drsub                            0x0001f455   Thumb Code     6  dadd.o(.text)
    __aeabi_dmul                             0x0001f45b   Thumb Code   228  dmul.o(.text)
    __aeabi_cdrcmple                         0x0001f541   Thumb Code    48  cdrcmple.o(.text)
    __aeabi_uidiv                            0x0001f571   Thumb Code     0  uidiv.o(.text)
    __aeabi_uidivmod                         0x0001f571   Thumb Code    44  uidiv.o(.text)
    __aeabi_llsl                             0x0001f59d   Thumb Code    30  llshl.o(.text)
    _ll_shift_l                              0x0001f59d   Thumb Code     0  llshl.o(.text)
    __aeabi_llsr                             0x0001f5bb   Thumb Code    32  llushr.o(.text)
    _ll_ushift_r                             0x0001f5bb   Thumb Code     0  llushr.o(.text)
    __aeabi_lasr                             0x0001f5db   Thumb Code    36  llsshr.o(.text)
    _ll_sshift_r                             0x0001f5db   Thumb Code     0  llsshr.o(.text)
    __I$use$fp                               0x0001f5ff   Thumb Code     0  iusefp.o(.text)
    _double_round                            0x0001f5ff   Thumb Code    30  depilogue.o(.text)
    _double_epilogue                         0x0001f61d   Thumb Code   156  depilogue.o(.text)
    __aeabi_ddiv                             0x0001f6b9   Thumb Code   222  ddiv.o(.text)
    __aeabi_d2ulz                            0x0001f797   Thumb Code    48  dfixul.o(.text)
    __scatterload                            0x0001f7c9   Thumb Code    28  init.o(.text)
    __scatterload_rt2                        0x0001f7c9   Thumb Code     0  init.o(.text)
    GPIOTE_IRQHandler                        0x0001f7ed   Thumb Code   554  nrf_drv_gpiote.o(i.GPIOTE_IRQHandler)
    POWER_CLOCK_IRQHandler                   0x0001fac1   Thumb Code    74  nrf_drv_clock.o(i.POWER_CLOCK_IRQHandler)
    RTC1_IRQHandler                          0x0001fb11   Thumb Code    44  app_timer.o(i.RTC1_IRQHandler)
    SEGGER_RTT_Init                          0x0001fb45   Thumb Code    18  segger_rtt.o(i.SEGGER_RTT_Init)
    SEGGER_RTT_WriteNoLock                   0x0001fb5d   Thumb Code   126  segger_rtt.o(i.SEGGER_RTT_WriteNoLock)
    SPIM0_SPIS0_TWIM0_TWIS0_SPI0_TWI0_IRQHandler 0x0001fbe1   Thumb Code    12  nrf_drv_twi.o(i.SPIM0_SPIS0_TWIM0_TWIS0_SPI0_TWI0_IRQHandler)
    SPIM1_SPIS1_TWIM1_TWIS1_SPI1_TWI1_IRQHandler 0x0001fbf5   Thumb Code    14  nrf_drv_twi.o(i.SPIM1_SPIS1_TWIM1_TWIS1_SPI1_TWI1_IRQHandler)
    SWI0_EGU0_IRQHandler                     0x0001fc09   Thumb Code     8  app_timer.o(i.SWI0_EGU0_IRQHandler)
    SWI2_EGU2_IRQHandler                     0x0001fc11   Thumb Code    42  softdevice_handler.o(i.SWI2_EGU2_IRQHandler)
    SystemCoreClockUpdate                    0x0001fc41   Thumb Code     8  system_nrf52.o(i.SystemCoreClockUpdate)
    SystemInit                               0x0001fc51   Thumb Code   578  system_nrf52.o(i.SystemInit)
    UARTE0_UART0_IRQHandler                  0x0001fed5   Thumb Code    28  nrf_drv_uart.o(i.UARTE0_UART0_IRQHandler)
    __0printf                                0x00020045   Thumb Code    22  printfa.o(i.__0printf)
    __1printf                                0x00020045   Thumb Code     0  printfa.o(i.__0printf)
    __2printf                                0x00020045   Thumb Code     0  printfa.o(i.__0printf)
    __c89printf                              0x00020045   Thumb Code     0  printfa.o(i.__0printf)
    printf                                   0x00020045   Thumb Code     0  printfa.o(i.__0printf)
    __0snprintf                              0x00020065   Thumb Code    36  printfa.o(i.__0snprintf)
    __1snprintf                              0x00020065   Thumb Code     0  printfa.o(i.__0snprintf)
    __2snprintf                              0x00020065   Thumb Code     0  printfa.o(i.__0snprintf)
    __c89snprintf                            0x00020065   Thumb Code     0  printfa.o(i.__0snprintf)
    snprintf                                 0x00020065   Thumb Code     0  printfa.o(i.__0snprintf)
    __scatterload_copy                       0x0002008d   Thumb Code    14  handlers.o(i.__scatterload_copy)
    __scatterload_null                       0x0002009b   Thumb Code     2  handlers.o(i.__scatterload_null)
    __scatterload_zeroinit                   0x0002009d   Thumb Code    14  handlers.o(i.__scatterload_zeroinit)
    adv_data_encode                          0x000209b1   Thumb Code   364  ble_advdata.o(i.adv_data_encode)
    app_button_enable                        0x00020c7d   Thumb Code    34  app_button.o(i.app_button_enable)
    app_button_init                          0x00020ca9   Thumb Code   132  app_button.o(i.app_button_init)
    app_error_fault_handler                  0x00020d51   Thumb Code    76  app_error_weak.o(i.app_error_fault_handler)
    app_error_handler_bare                   0x00020dd1   Thumb Code    28  app_error.o(i.app_error_handler_bare)
    app_fifo_get                             0x00020ded   Thumb Code    30  app_fifo.o(i.app_fifo_get)
    app_fifo_init                            0x00020e0b   Thumb Code    36  app_fifo.o(i.app_fifo_init)
    app_fifo_put                             0x00020e2f   Thumb Code    34  app_fifo.o(i.app_fifo_put)
    app_timer_create                         0x00020e51   Thumb Code    56  app_timer.o(i.app_timer_create)
    app_timer_init                           0x00020e8d   Thumb Code    70  app_timer.o(i.app_timer_init)
    app_timer_start                          0x00020ee9   Thumb Code    78  app_timer.o(i.app_timer_start)
    app_timer_stop                           0x00020f3d   Thumb Code    44  app_timer.o(i.app_timer_stop)
    app_uart_get                             0x00020f6d   Thumb Code    66  app_uart_fifo.o(i.app_uart_get)
    app_uart_init                            0x00020fc1   Thumb Code   200  app_uart_fifo.o(i.app_uart_init)
    app_uart_put                             0x000210a9   Thumb Code    50  app_uart_fifo.o(i.app_uart_put)
    app_util_critical_region_enter           0x000210e9   Thumb Code    12  app_util_platform.o(i.app_util_critical_region_enter)
    app_util_critical_region_exit            0x000210f5   Thumb Code    62  app_util_platform.o(i.app_util_critical_region_exit)
    ble_advdata_set                          0x00021275   Thumb Code   148  ble_advdata.o(i.ble_advdata_set)
    ble_advertising_conn_cfg_tag_set         0x00021309   Thumb Code     6  ble_advertising.o(i.ble_advertising_conn_cfg_tag_set)
    ble_advertising_init                     0x00021315   Thumb Code   324  ble_advertising.o(i.ble_advertising_init)
    ble_advertising_on_ble_evt               0x00021491   Thumb Code    50  ble_advertising.o(i.ble_advertising_on_ble_evt)
    ble_advertising_restart_without_whitelist 0x000214c5   Thumb Code    68  ble_advertising.o(i.ble_advertising_restart_without_whitelist)
    ble_advertising_start                    0x0002151d   Thumb Code   318  ble_advertising.o(i.ble_advertising_start)
    ble_conn_params_init                     0x0002168d   Thumb Code    84  ble_conn_params.o(i.ble_conn_params_init)
    ble_conn_params_on_ble_evt               0x000216fd   Thumb Code    62  ble_conn_params.o(i.ble_conn_params_on_ble_evt)
    ble_nus_init                             0x000217e9   Thumb Code   144  ble_nus.o(i.ble_nus_init)
    ble_nus_on_ble_evt                       0x0002187d   Thumb Code    66  ble_nus.o(i.ble_nus_on_ble_evt)
    ble_nus_string_send                      0x000218bf   Thumb Code    86  ble_nus.o(i.ble_nus_string_send)
    ble_srv_is_notification_enabled          0x00021915   Thumb Code    18  ble_srv_common.o(i.ble_srv_is_notification_enabled)
    bsp_board_button_idx_to_pin              0x00021a55   Thumb Code     8  boards.o(i.bsp_board_button_idx_to_pin)
    bsp_board_button_state_get               0x00021a61   Thumb Code    44  boards.o(i.bsp_board_button_state_get)
    bsp_board_led_invert                     0x00021a91   Thumb Code    44  boards.o(i.bsp_board_led_invert)
    bsp_board_led_off                        0x00021ac1   Thumb Code    16  boards.o(i.bsp_board_led_off)
    bsp_board_led_on                         0x00021ad5   Thumb Code    16  boards.o(i.bsp_board_led_on)
    bsp_board_led_state_get                  0x00021ae9   Thumb Code    44  boards.o(i.bsp_board_led_state_get)
    bsp_board_leds_init                      0x00021b19   Thumb Code    42  boards.o(i.bsp_board_leds_init)
    bsp_board_leds_off                       0x00021b49   Thumb Code    20  boards.o(i.bsp_board_leds_off)
    bsp_board_leds_on                        0x00021b5d   Thumb Code    20  boards.o(i.bsp_board_leds_on)
    bsp_board_pin_to_button_idx              0x00021b71   Thumb Code    32  boards.o(i.bsp_board_pin_to_button_idx)
    bsp_btn_ble_init                         0x00021b95   Thumb Code    36  bsp_btn_ble.o(i.bsp_btn_ble_init)
    bsp_btn_ble_on_ble_evt                   0x00021bc1   Thumb Code   110  bsp_btn_ble.o(i.bsp_btn_ble_on_ble_evt)
    bsp_btn_ble_sleep_mode_prepare           0x00021c39   Thumb Code    50  bsp_btn_ble.o(i.bsp_btn_ble_sleep_mode_prepare)
    bsp_button_is_pressed                    0x00021d31   Thumb Code    12  bsp.o(i.bsp_button_is_pressed)
    bsp_event_handler                        0x00021d3d   Thumb Code   130  main.o(i.bsp_event_handler)
    bsp_event_to_button_action_assign        0x00021dc5   Thumb Code    86  bsp.o(i.bsp_event_to_button_action_assign)
    bsp_indication_set                       0x00021e21   Thumb Code    28  bsp.o(i.bsp_indication_set)
    bsp_init                                 0x00021e41   Thumb Code   134  bsp.o(i.bsp_init)
    bsp_wakeup_button_enable                 0x00022269   Thumb Code    22  bsp.o(i.bsp_wakeup_button_enable)
    fputc                                    0x00022b67   Thumb Code    16  retarget.o(i.fputc)
    fs_queued_op_count_get                   0x00022b79   Thumb Code    18  fstorage.o(i.fs_queued_op_count_get)
    gatt_evt_handler                         0x00022c0d   Thumb Code    50  main.o(i.gatt_evt_handler)
    gatt_init                                0x00022c79   Thumb Code    60  main.o(i.gatt_init)
    intern_softdevice_events_execute         0x00022d3d   Thumb Code   158  softdevice_handler.o(i.intern_softdevice_events_execute)
    main                                     0x00023141   Thumb Code   138  main.o(i.main)
    mfrc630_AN1102_recommended_registers     0x00023253   Thumb Code    14  mfrc630.o(i.mfrc630_AN1102_recommended_registers)
    mfrc630_AN1102_recommended_registers_skip 0x00023261   Thumb Code   158  mfrc630.o(i.mfrc630_AN1102_recommended_registers_skip)
    mfrc630_MF_example_dump                  0x00023351   Thumb Code   130  main.o(i.mfrc630_MF_example_dump)
    mfrc630_clear_irq0                       0x000234a5   Thumb Code    12  mfrc630.o(i.mfrc630_clear_irq0)
    mfrc630_clear_irq1                       0x000234b1   Thumb Code    12  mfrc630.o(i.mfrc630_clear_irq1)
    mfrc630_cmd_idle                         0x000234bd   Thumb Code    12  mfrc630.o(i.mfrc630_cmd_idle)
    mfrc630_cmd_transceive                   0x000234c9   Thumb Code    32  mfrc630.o(i.mfrc630_cmd_transceive)
    mfrc630_flush_fifo                       0x000234e9   Thumb Code    12  mfrc630.o(i.mfrc630_flush_fifo)
    mfrc630_irq0                             0x000234f5   Thumb Code    10  mfrc630.o(i.mfrc630_irq0)
    mfrc630_irq1                             0x000234ff   Thumb Code    10  mfrc630.o(i.mfrc630_irq1)
    mfrc630_iso14443a_REQA                   0x00023509   Thumb Code    10  mfrc630.o(i.mfrc630_iso14443a_REQA)
    mfrc630_iso14443a_WUPA_REQA              0x00023515   Thumb Code   234  mfrc630.o(i.mfrc630_iso14443a_WUPA_REQA)
    mfrc630_iso14443a_select                 0x00023675   Thumb Code  1816  mfrc630.o(i.mfrc630_iso14443a_select)
    mfrc630_print_block                      0x00023db9   Thumb Code    28  mfrc630.o(i.mfrc630_print_block)
    mfrc630_read_fifo                        0x00023ddd   Thumb Code    78  mfrc630.o(i.mfrc630_read_fifo)
    mfrc630_read_reg                         0x00023e45   Thumb Code    76  mfrc630.o(i.mfrc630_read_reg)
    mfrc630_timer_set_control                0x00023ea5   Thumb Code    22  mfrc630.o(i.mfrc630_timer_set_control)
    mfrc630_timer_set_reload                 0x00023ebb   Thumb Code    36  mfrc630.o(i.mfrc630_timer_set_reload)
    mfrc630_timer_set_value                  0x00023edf   Thumb Code    36  mfrc630.o(i.mfrc630_timer_set_value)
    mfrc630_twi_init                         0x00023f05   Thumb Code    42  mfrc630.o(i.mfrc630_twi_init)
    mfrc630_write_fifo                       0x00023f39   Thumb Code    28  mfrc630.o(i.mfrc630_write_fifo)
    mfrc630_write_reg                        0x00023f55   Thumb Code    56  mfrc630.o(i.mfrc630_write_reg)
    mfrc630_write_regs                       0x00023fa1   Thumb Code    36  mfrc630.o(i.mfrc630_write_regs)
    nrf_ble_gatt_att_mtu_periph_set          0x0002409d   Thumb Code    30  nrf_ble_gatt.o(i.nrf_ble_gatt_att_mtu_periph_set)
    nrf_ble_gatt_init                        0x000240bb   Thumb Code    52  nrf_ble_gatt.o(i.nrf_ble_gatt_init)
    nrf_ble_gatt_on_ble_evt                  0x000240f1   Thumb Code   180  nrf_ble_gatt.o(i.nrf_ble_gatt_on_ble_evt)
    nrf_drv_clock_init                       0x000243a1   Thumb Code    94  nrf_drv_clock.o(i.nrf_drv_clock_init)
    nrf_drv_clock_on_sd_enable               0x00024409   Thumb Code    46  nrf_drv_clock.o(i.nrf_drv_clock_on_sd_enable)
    nrf_drv_clock_on_soc_event               0x0002443d   Thumb Code    14  nrf_drv_clock.o(i.nrf_drv_clock_on_soc_event)
    nrf_drv_common_irq_enable                0x0002444d   Thumb Code    84  nrf_drv_common.o(i.nrf_drv_common_irq_enable)
    nrf_drv_gpiote_in_event_enable           0x000244c1   Thumb Code   164  nrf_drv_gpiote.o(i.nrf_drv_gpiote_in_event_enable)
    nrf_drv_gpiote_in_init                   0x0002456d   Thumb Code   206  nrf_drv_gpiote.o(i.nrf_drv_gpiote_in_init)
    nrf_drv_gpiote_in_is_set                 0x00024649   Thumb Code    20  nrf_drv_gpiote.o(i.nrf_drv_gpiote_in_is_set)
    nrf_drv_gpiote_init                      0x0002465d   Thumb Code    90  nrf_drv_gpiote.o(i.nrf_drv_gpiote_init)
    nrf_drv_gpiote_is_init                   0x000246bd   Thumb Code    16  nrf_drv_gpiote.o(i.nrf_drv_gpiote_is_init)
    nrf_drv_twi_enable                       0x000246e5   Thumb Code    32  nrf_drv_twi.o(i.nrf_drv_twi_enable)
    nrf_drv_twi_init                         0x00024709   Thumb Code   144  nrf_drv_twi.o(i.nrf_drv_twi_init)
    nrf_drv_twi_rx                           0x000247a1   Thumb Code    40  nrf_drv_twi.o(i.nrf_drv_twi_rx)
    nrf_drv_twi_tx                           0x000247cd   Thumb Code    60  nrf_drv_twi.o(i.nrf_drv_twi_tx)
    nrf_drv_twi_xfer                         0x00024809   Thumb Code    56  nrf_drv_twi.o(i.nrf_drv_twi_xfer)
    nrf_drv_uart_init                        0x00024845   Thumb Code   126  nrf_drv_uart.o(i.nrf_drv_uart_init)
    nrf_drv_uart_rx                          0x000248c9   Thumb Code   208  nrf_drv_uart.o(i.nrf_drv_uart_rx)
    nrf_drv_uart_rx_enable                   0x0002499d   Thumb Code    46  nrf_drv_uart.o(i.nrf_drv_uart_rx_enable)
    nrf_drv_uart_tx                          0x00024b65   Thumb Code    96  nrf_drv_uart.o(i.nrf_drv_uart_tx)
    nrf_drv_uart_tx_in_progress              0x00024cd1   Thumb Code    22  nrf_drv_uart.o(i.nrf_drv_uart_tx_in_progress)
    nrf_log_backend_hexdump_handler_get      0x00024f05   Thumb Code     4  nrf_log_backend_serial.o(i.nrf_log_backend_hexdump_handler_get)
    nrf_log_backend_init                     0x00024f0d   Thumb Code    40  nrf_log_backend_serial.o(i.nrf_log_backend_init)
    nrf_log_backend_std_handler_get          0x0002521d   Thumb Code     4  nrf_log_backend_serial.o(i.nrf_log_backend_std_handler_get)
    nrf_log_frontend_init                    0x00025251   Thumb Code    18  nrf_log_frontend.o(i.nrf_log_frontend_init)
    nrf_log_frontend_std_0                   0x00025263   Thumb Code    20  nrf_log_frontend.o(i.nrf_log_frontend_std_0)
    nrf_log_frontend_std_1                   0x00025277   Thumb Code    24  nrf_log_frontend.o(i.nrf_log_frontend_std_1)
    nrf_log_frontend_std_2                   0x0002528f   Thumb Code    32  nrf_log_frontend.o(i.nrf_log_frontend_std_2)
    nrf_log_handlers_set                     0x000252b1   Thumb Code     8  nrf_log_frontend.o(i.nrf_log_handlers_set)
    nrf_log_init                             0x000252bd   Thumb Code    44  nrf_log_frontend.o(i.nrf_log_init)
    softdevice_app_ram_start_get             0x00026005   Thumb Code    16  softdevice_handler.o(i.softdevice_app_ram_start_get)
    softdevice_ble_evt_handler_set           0x00026019   Thumb Code    20  softdevice_handler.o(i.softdevice_ble_evt_handler_set)
    softdevice_enable                        0x00026031   Thumb Code    82  softdevice_handler.o(i.softdevice_enable)
    softdevice_fault_handler                 0x00026131   Thumb Code    20  softdevice_handler.o(i.softdevice_fault_handler)
    softdevice_handler_init                  0x00026145   Thumb Code   138  softdevice_handler.o(i.softdevice_handler_init)
    softdevice_handler_is_enabled            0x000261e5   Thumb Code     6  softdevice_handler.o(i.softdevice_handler_is_enabled)
    uart_event_handle                        0x00026bd1   Thumb Code   150  main.o(i.uart_event_handle)
    __ctype_table                            0x0002735c   Data         129  ctype_o.o(.constdata)
    Region$$Table$$Base                      0x0002756c   Number         0  anon$$obj.o(Region$$Table)
    Region$$Table$$Limit                     0x0002758c   Number         0  anon$$obj.o(Region$$Table)
    Image$$RW_IRAM1$$Base                    0x200025f8   Number         0  anon$$obj.o ABSOLUTE
    __stdout                                 0x20002698   Data           4  retarget.o(.data)
    __stdin                                  0x2000269c   Data           4  retarget.o(.data)
    SystemCoreClock                          0x200026bc   Data           4  system_nrf52.o(.data)
    nrf_nvic_state                           0x20002ff0   Data          12  app_util_platform.o(.bss)
    _SEGGER_RTT                              0x20003290   Data         120  segger_rtt.o(.bss)
    __initial_sp                             0x20005308   Data           0  arm_startup_nrf52.o(STACK)



==============================================================================

Memory Map of the image

  Image Entry point : 0x0001f201

  Load Region LR_IROM1 (Base: 0x0001f000, Size: 0x00008654, Max: 0x00061000, ABSOLUTE)

    Execution Region ER_IROM1 (Base: 0x0001f000, Size: 0x0000858c, Max: 0x00061000, ABSOLUTE)

    Base Addr    Size         Type   Attr      Idx    E Section Name        Object

    0x0001f000   0x00000200   Data   RO         4326    RESET               arm_startup_nrf52.o
    0x0001f200   0x00000000   Code   RO         4443  * .ARM.Collect$$$$00000000  mc_w.l(entry.o)
    0x0001f200   0x00000004   Code   RO         4830    .ARM.Collect$$$$00000001  mc_w.l(entry2.o)
    0x0001f204   0x00000004   Code   RO         4833    .ARM.Collect$$$$00000004  mc_w.l(entry5.o)
    0x0001f208   0x00000000   Code   RO         4835    .ARM.Collect$$$$00000008  mc_w.l(entry7b.o)
    0x0001f208   0x00000000   Code   RO         4837    .ARM.Collect$$$$0000000A  mc_w.l(entry8b.o)
    0x0001f208   0x00000008   Code   RO         4838    .ARM.Collect$$$$0000000B  mc_w.l(entry9a.o)
    0x0001f210   0x00000000   Code   RO         4840    .ARM.Collect$$$$0000000D  mc_w.l(entry10a.o)
    0x0001f210   0x00000000   Code   RO         4842    .ARM.Collect$$$$0000000F  mc_w.l(entry11a.o)
    0x0001f210   0x00000004   Code   RO         4831    .ARM.Collect$$$$00002712  mc_w.l(entry2.o)
    0x0001f214   0x00000024   Code   RO         4327    .text               arm_startup_nrf52.o
    0x0001f238   0x00000062   Code   RO         4446    .text               mc_w.l(uldiv.o)
    0x0001f29a   0x00000002   PAD
    0x0001f29c   0x00000008   Code   RO         4448    .text               mc_w.l(ctype_o.o)
    0x0001f2a4   0x00000024   Code   RO         4478    .text               mc_w.l(memcpya.o)
    0x0001f2c8   0x00000024   Code   RO         4480    .text               mc_w.l(memseta.o)
    0x0001f2ec   0x0000000e   Code   RO         4484    .text               mc_w.l(strlen.o)
    0x0001f2fa   0x00000012   Code   RO         4486    .text               mc_w.l(strcpy.o)
    0x0001f30c   0x0000014e   Code   RO         4785    .text               mf_w.l(dadd.o)
    0x0001f45a   0x000000e4   Code   RO         4787    .text               mf_w.l(dmul.o)
    0x0001f53e   0x00000002   PAD
    0x0001f540   0x00000030   Code   RO         4797    .text               mf_w.l(cdrcmple.o)
    0x0001f570   0x0000002c   Code   RO         4844    .text               mc_w.l(uidiv.o)
    0x0001f59c   0x0000001e   Code   RO         4846    .text               mc_w.l(llshl.o)
    0x0001f5ba   0x00000020   Code   RO         4848    .text               mc_w.l(llushr.o)
    0x0001f5da   0x00000024   Code   RO         4850    .text               mc_w.l(llsshr.o)
    0x0001f5fe   0x00000000   Code   RO         4867    .text               mc_w.l(iusefp.o)
    0x0001f5fe   0x000000ba   Code   RO         4868    .text               mf_w.l(depilogue.o)
    0x0001f6b8   0x000000de   Code   RO         4870    .text               mf_w.l(ddiv.o)
    0x0001f796   0x00000030   Code   RO         4876    .text               mf_w.l(dfixul.o)
    0x0001f7c6   0x00000002   PAD
    0x0001f7c8   0x00000024   Code   RO         4878    .text               mc_w.l(init.o)
    0x0001f7ec   0x00000238   Code   RO         2330    i.GPIOTE_IRQHandler  nrf_drv_gpiote.o
    0x0001fa24   0x00000018   Code   RO         3191    i.NVIC_ClearPendingIRQ  app_timer.o
    0x0001fa3c   0x00000018   Code   RO         4185    i.NVIC_DisableIRQ   softdevice_handler.o
    0x0001fa54   0x00000016   Code   RO         3192    i.NVIC_EnableIRQ    app_timer.o
    0x0001fa6a   0x00000016   Code   RO         4186    i.NVIC_EnableIRQ    softdevice_handler.o
    0x0001fa80   0x00000018   Code   RO         3193    i.NVIC_SetPendingIRQ  app_timer.o
    0x0001fa98   0x00000028   Code   RO         3194    i.NVIC_SetPriority  app_timer.o
    0x0001fac0   0x00000050   Code   RO         2097    i.POWER_CLOCK_IRQHandler  nrf_drv_clock.o
    0x0001fb10   0x00000034   Code   RO         3195    i.RTC1_IRQHandler   app_timer.o
    0x0001fb44   0x00000018   Code   RO         4035    i.SEGGER_RTT_Init   segger_rtt.o
    0x0001fb5c   0x00000084   Code   RO         4044    i.SEGGER_RTT_WriteNoLock  segger_rtt.o
    0x0001fbe0   0x00000014   Code   RO          748    i.SPIM0_SPIS0_TWIM0_TWIS0_SPI0_TWI0_IRQHandler  nrf_drv_twi.o
    0x0001fbf4   0x00000014   Code   RO          749    i.SPIM1_SPIS1_TWIM1_TWIS1_SPI1_TWI1_IRQHandler  nrf_drv_twi.o
    0x0001fc08   0x00000008   Code   RO         3196    i.SWI0_EGU0_IRQHandler  app_timer.o
    0x0001fc10   0x00000030   Code   RO         4187    i.SWI2_EGU2_IRQHandler  softdevice_handler.o
    0x0001fc40   0x00000010   Code   RO         4334    i.SystemCoreClockUpdate  system_nrf52.o
    0x0001fc50   0x00000284   Code   RO         4335    i.SystemInit        system_nrf52.o
    0x0001fed4   0x00000024   Code   RO         2620    i.UARTE0_UART0_IRQHandler  nrf_drv_uart.o
    0x0001fef8   0x00000070   Code   RO         4047    i._DoInit           segger_rtt.o
    0x0001ff68   0x0000001c   Code   RO         4048    i._GetAvailWriteSpace  segger_rtt.o
    0x0001ff84   0x00000072   Code   RO         4050    i._WriteBlocking    segger_rtt.o
    0x0001fff6   0x0000004c   Code   RO         4051    i._WriteNoCheck     segger_rtt.o
    0x00020042   0x00000002   PAD
    0x00020044   0x00000020   Code   RO         4725    i.__0printf         mc_w.l(printfa.o)
    0x00020064   0x00000028   Code   RO         4726    i.__0snprintf       mc_w.l(printfa.o)
    0x0002008c   0x0000000e   Code   RO         4891    i.__scatterload_copy  mc_w.l(handlers.o)
    0x0002009a   0x00000002   Code   RO         4892    i.__scatterload_null  mc_w.l(handlers.o)
    0x0002009c   0x0000000e   Code   RO         4893    i.__scatterload_zeroinit  mc_w.l(handlers.o)
    0x000200aa   0x00000002   PAD
    0x000200ac   0x00000038   Code   RO         4188    i.__sd_nvic_app_accessible_irq  softdevice_handler.o
    0x000200e4   0x0000000c   Code   RO         3483    i.__sd_nvic_irq_disable  app_util_platform.o
    0x000200f0   0x00000164   Code   RO         4732    i._fp_digits        mc_w.l(printfa.o)
    0x00020254   0x000006dc   Code   RO         4733    i._printf_core      mc_w.l(printfa.o)
    0x00020930   0x00000024   Code   RO         4734    i._printf_post_padding  mc_w.l(printfa.o)
    0x00020954   0x0000002e   Code   RO         4735    i._printf_pre_padding  mc_w.l(printfa.o)
    0x00020982   0x00000016   Code   RO         4736    i._snputc           mc_w.l(printfa.o)
    0x00020998   0x00000018   Code   RO         1624    i.addr_is_valid     ble_advertising.o
    0x000209b0   0x0000016c   Code   RO         1517    i.adv_data_encode   ble_advdata.o
    0x00020b1c   0x00000060   Code   RO         1625    i.adv_mode_next_avail_get  ble_advertising.o
    0x00020b7c   0x00000012   Code   RO         1626    i.adv_mode_next_get  ble_advertising.o
    0x00020b8e   0x00000012   Code   RO         1518    i.advdata_check     ble_advdata.o
    0x00020ba0   0x00000054   Code   RO          635    i.advertising_buttons_configure  bsp_btn_ble.o
    0x00020bf4   0x0000007c   Code   RO            4    i.advertising_init  main.o
    0x00020c70   0x0000000c   Code   RO          518    i.alert_timer_handler  bsp.o
    0x00020c7c   0x0000002c   Code   RO         2929    i.app_button_enable  app_button.o
    0x00020ca8   0x000000a8   Code   RO         2930    i.app_button_init   app_button.o
    0x00020d50   0x00000080   Code   RO         3024    i.app_error_fault_handler  app_error_weak.o
    0x00020dd0   0x0000001c   Code   RO         2985    i.app_error_handler_bare  app_error.o
    0x00020dec   0x0000001e   Code   RO         3053    i.app_fifo_get      app_fifo.o
    0x00020e0a   0x00000024   Code   RO         3054    i.app_fifo_init     app_fifo.o
    0x00020e2e   0x00000022   Code   RO         3056    i.app_fifo_put      app_fifo.o
    0x00020e50   0x0000003c   Code   RO         3199    i.app_timer_create  app_timer.o
    0x00020e8c   0x0000005c   Code   RO         3200    i.app_timer_init    app_timer.o
    0x00020ee8   0x00000054   Code   RO         3203    i.app_timer_start   app_timer.o
    0x00020f3c   0x00000030   Code   RO         3204    i.app_timer_stop    app_timer.o
    0x00020f6c   0x00000054   Code   RO         3414    i.app_uart_get      app_uart_fifo.o
    0x00020fc0   0x000000e8   Code   RO         3415    i.app_uart_init     app_uart_fifo.o
    0x000210a8   0x00000040   Code   RO         3416    i.app_uart_put      app_uart_fifo.o
    0x000210e8   0x0000000c   Code   RO         3484    i.app_util_critical_region_enter  app_util_platform.o
    0x000210f4   0x00000048   Code   RO         3485    i.app_util_critical_region_exit  app_util_platform.o
    0x0002113c   0x00000052   Code   RO         1519    i.appearance_encode  ble_advdata.o
    0x0002118e   0x00000002   PAD
    0x00021190   0x000000e4   Code   RO         2621    i.apply_config      nrf_drv_uart.o
    0x00021274   0x00000094   Code   RO         1520    i.ble_advdata_set   ble_advdata.o
    0x00021308   0x0000000c   Code   RO         1627    i.ble_advertising_conn_cfg_tag_set  ble_advertising.o
    0x00021314   0x0000017c   Code   RO         1628    i.ble_advertising_init  ble_advertising.o
    0x00021490   0x00000032   Code   RO         1629    i.ble_advertising_on_ble_evt  ble_advertising.o
    0x000214c2   0x00000002   PAD
    0x000214c4   0x00000058   Code   RO         1632    i.ble_advertising_restart_without_whitelist  ble_advertising.o
    0x0002151c   0x00000170   Code   RO         1633    i.ble_advertising_start  ble_advertising.o
    0x0002168c   0x00000070   Code   RO         1763    i.ble_conn_params_init  ble_conn_params.o
    0x000216fc   0x0000003e   Code   RO         1764    i.ble_conn_params_on_ble_evt  ble_conn_params.o
    0x0002173a   0x00000076   Code   RO         1521    i.ble_device_addr_encode  ble_advdata.o
    0x000217b0   0x00000038   Code   RO            6    i.ble_evt_dispatch  main.o
    0x000217e8   0x00000094   Code   RO         2035    i.ble_nus_init      ble_nus.o
    0x0002187c   0x00000042   Code   RO         2036    i.ble_nus_on_ble_evt  ble_nus.o
    0x000218be   0x00000056   Code   RO         2037    i.ble_nus_string_send  ble_nus.o
    0x00021914   0x00000012   Code   RO         1852    i.ble_srv_is_notification_enabled  ble_srv_common.o
    0x00021926   0x00000002   PAD
    0x00021928   0x0000012c   Code   RO            7    i.ble_stack_init    main.o
    0x00021a54   0x0000000c   Code   RO          400    i.bsp_board_button_idx_to_pin  boards.o
    0x00021a60   0x00000030   Code   RO          401    i.bsp_board_button_state_get  boards.o
    0x00021a90   0x00000030   Code   RO          404    i.bsp_board_led_invert  boards.o
    0x00021ac0   0x00000014   Code   RO          405    i.bsp_board_led_off  boards.o
    0x00021ad4   0x00000014   Code   RO          406    i.bsp_board_led_on  boards.o
    0x00021ae8   0x00000030   Code   RO          407    i.bsp_board_led_state_get  boards.o
    0x00021b18   0x00000030   Code   RO          408    i.bsp_board_leds_init  boards.o
    0x00021b48   0x00000014   Code   RO          409    i.bsp_board_leds_off  boards.o
    0x00021b5c   0x00000014   Code   RO          410    i.bsp_board_leds_on  boards.o
    0x00021b70   0x00000024   Code   RO          411    i.bsp_board_pin_to_button_idx  boards.o
    0x00021b94   0x0000002c   Code   RO          636    i.bsp_btn_ble_init  bsp_btn_ble.o
    0x00021bc0   0x00000078   Code   RO          637    i.bsp_btn_ble_on_ble_evt  bsp_btn_ble.o
    0x00021c38   0x00000032   Code   RO          638    i.bsp_btn_ble_sleep_mode_prepare  bsp_btn_ble.o
    0x00021c6a   0x00000002   PAD
    0x00021c6c   0x000000c4   Code   RO          519    i.bsp_button_event_handler  bsp.o
    0x00021d30   0x0000000c   Code   RO          520    i.bsp_button_is_pressed  bsp.o
    0x00021d3c   0x00000088   Code   RO            8    i.bsp_event_handler  main.o
    0x00021dc4   0x0000005c   Code   RO          523    i.bsp_event_to_button_action_assign  bsp.o
    0x00021e20   0x00000020   Code   RO          524    i.bsp_indication_set  bsp.o
    0x00021e40   0x000000ac   Code   RO          525    i.bsp_init          bsp.o
    0x00021eec   0x0000037c   Code   RO          526    i.bsp_led_indication  bsp.o
    0x00022268   0x00000016   Code   RO          528    i.bsp_wakeup_button_enable  bsp.o
    0x0002227e   0x00000014   Code   RO         3804    i.buf_len_update    nrf_log_backend_serial.o
    0x00022292   0x0000000e   Code   RO          529    i.button_timer_handler  bsp.o
    0x000222a0   0x00000054   Code   RO            9    i.buttons_leds_init  main.o
    0x000222f4   0x00000032   Code   RO         3805    i.byte2hex          nrf_log_backend_serial.o
    0x00022326   0x00000002   PAD
    0x00022328   0x00000020   Code   RO         2331    i.channel_free      nrf_drv_gpiote.o
    0x00022348   0x00000010   Code   RO         2332    i.channel_handler_get  nrf_drv_gpiote.o
    0x00022358   0x00000080   Code   RO         2333    i.channel_port_alloc  nrf_drv_gpiote.o
    0x000223d8   0x0000000c   Code   RO         2334    i.channel_port_get  nrf_drv_gpiote.o
    0x000223e4   0x00000030   Code   RO         2098    i.clock_clk_started_notify  nrf_drv_clock.o
    0x00022414   0x00000090   Code   RO         3206    i.compare_reg_update  app_timer.o
    0x000224a4   0x0000005a   Code   RO         1522    i.conn_int_check    ble_advdata.o
    0x000224fe   0x00000068   Code   RO         1523    i.conn_int_encode   ble_advdata.o
    0x00022566   0x00000010   Code   RO           10    i.conn_params_error_handler  main.o
    0x00022576   0x00000002   PAD
    0x00022578   0x0000005c   Code   RO           11    i.conn_params_init  main.o
    0x000225d4   0x00000084   Code   RO         1766    i.conn_params_negotiation  ble_conn_params.o
    0x00022658   0x00000054   Code   RO          639    i.connection_buttons_configure  bsp_btn_ble.o
    0x000226ac   0x00000044   Code   RO         1918    i.data_length_update  nrf_ble_gatt.o
    0x000226f0   0x0000008c   Code   RO         2932    i.detection_delay_timeout_handler  app_button.o
    0x0002277c   0x00000064   Code   RO         3207    i.elapsed_ticks_acquire  app_timer.o
    0x000227e0   0x00000054   Code   RO         4336    i.errata_108        system_nrf52.o
    0x00022834   0x00000054   Code   RO         4337    i.errata_12         system_nrf52.o
    0x00022888   0x00000054   Code   RO         4338    i.errata_136        system_nrf52.o
    0x000228dc   0x00000030   Code   RO         4339    i.errata_16         system_nrf52.o
    0x0002290c   0x00000054   Code   RO         4340    i.errata_31         system_nrf52.o
    0x00022960   0x00000030   Code   RO         4341    i.errata_32         system_nrf52.o
    0x00022990   0x00000054   Code   RO         4342    i.errata_36         system_nrf52.o
    0x000229e4   0x00000030   Code   RO         4343    i.errata_37         system_nrf52.o
    0x00022a14   0x00000030   Code   RO         4344    i.errata_57         system_nrf52.o
    0x00022a44   0x00000030   Code   RO         4345    i.errata_66         system_nrf52.o
    0x00022a74   0x00000058   Code   RO         3208    i.expired_timers_handler  app_timer.o
    0x00022acc   0x00000018   Code   RO         3059    i.fifo_get          app_fifo.o
    0x00022ae4   0x0000000a   Code   RO         3060    i.fifo_length       app_fifo.o
    0x00022aee   0x0000000a   Code   RO         3417    i.fifo_length       app_uart_fifo.o
    0x00022af8   0x00000012   Code   RO         3061    i.fifo_peek         app_fifo.o
    0x00022b0a   0x00000012   Code   RO         3062    i.fifo_put          app_fifo.o
    0x00022b1c   0x00000036   Code   RO         1524    i.flags_encode      ble_advdata.o
    0x00022b52   0x00000014   Code   RO         1635    i.flash_access_in_progress  ble_advertising.o
    0x00022b66   0x00000010   Code   RO         3768    i.fputc             retarget.o
    0x00022b76   0x00000002   PAD
    0x00022b78   0x00000018   Code   RO         3569    i.fs_queued_op_count_get  fstorage.o
    0x00022b90   0x0000007c   Code   RO           12    i.gap_params_init   main.o
    0x00022c0c   0x0000006c   Code   RO           13    i.gatt_evt_handler  main.o
    0x00022c78   0x00000044   Code   RO           14    i.gatt_init         main.o
    0x00022cbc   0x00000080   Code   RO         2933    i.gpiote_event_handler  app_button.o
    0x00022d3c   0x000000b8   Code   RO         4189    i.intern_softdevice_events_execute  softdevice_handler.o
    0x00022df4   0x0000008c   Code   RO         2622    i.interrupts_enable  nrf_drv_uart.o
    0x00022e80   0x000000d4   Code   RO          750    i.irq_handler_twi   nrf_drv_twi.o
    0x00022f54   0x00000024   Code   RO         1767    i.is_conn_params_ok  ble_conn_params.o
    0x00022f78   0x0000000c   Code   RO         2101    i.item_dequeue      nrf_drv_clock.o
    0x00022f84   0x00000028   Code   RO          530    i.leds_off          bsp.o
    0x00022fac   0x00000020   Code   RO          531    i.leds_timer_handler  bsp.o
    0x00022fcc   0x00000018   Code   RO         1919    i.link_init         nrf_ble_gatt.o
    0x00022fe4   0x0000013c   Code   RO         3209    i.list_insertions_handler  app_timer.o
    0x00023120   0x0000001e   Code   RO           15    i.log_init          main.o
    0x0002313e   0x00000002   PAD
    0x00023140   0x0000009c   Code   RO           16    i.main              main.o
    0x000231dc   0x00000076   Code   RO         1525    i.manuf_specific_data_encode  ble_advdata.o
    0x00023252   0x0000000e   Code   RO         1039    i.mfrc630_AN1102_recommended_registers  mfrc630.o
    0x00023260   0x000000f0   Code   RO         1040    i.mfrc630_AN1102_recommended_registers_skip  mfrc630.o
    0x00023350   0x00000154   Code   RO           17    i.mfrc630_MF_example_dump  main.o
    0x000234a4   0x0000000c   Code   RO         1041    i.mfrc630_clear_irq0  mfrc630.o
    0x000234b0   0x0000000c   Code   RO         1042    i.mfrc630_clear_irq1  mfrc630.o
    0x000234bc   0x0000000c   Code   RO         1043    i.mfrc630_cmd_idle  mfrc630.o
    0x000234c8   0x00000020   Code   RO         1045    i.mfrc630_cmd_transceive  mfrc630.o
    0x000234e8   0x0000000c   Code   RO         1046    i.mfrc630_flush_fifo  mfrc630.o
    0x000234f4   0x0000000a   Code   RO         1047    i.mfrc630_irq0      mfrc630.o
    0x000234fe   0x0000000a   Code   RO         1048    i.mfrc630_irq1      mfrc630.o
    0x00023508   0x0000000a   Code   RO         1049    i.mfrc630_iso14443a_REQA  mfrc630.o
    0x00023512   0x00000002   PAD
    0x00023514   0x00000160   Code   RO         1050    i.mfrc630_iso14443a_WUPA_REQA  mfrc630.o
    0x00023674   0x00000744   Code   RO         1051    i.mfrc630_iso14443a_select  mfrc630.o
    0x00023db8   0x00000024   Code   RO         1052    i.mfrc630_print_block  mfrc630.o
    0x00023ddc   0x00000068   Code   RO         1053    i.mfrc630_read_fifo  mfrc630.o
    0x00023e44   0x00000060   Code   RO         1054    i.mfrc630_read_reg  mfrc630.o
    0x00023ea4   0x00000016   Code   RO         1056    i.mfrc630_timer_set_control  mfrc630.o
    0x00023eba   0x00000024   Code   RO         1057    i.mfrc630_timer_set_reload  mfrc630.o
    0x00023ede   0x00000024   Code   RO         1058    i.mfrc630_timer_set_value  mfrc630.o
    0x00023f02   0x00000002   PAD
    0x00023f04   0x00000034   Code   RO         1059    i.mfrc630_twi_init  mfrc630.o
    0x00023f38   0x0000001c   Code   RO         1060    i.mfrc630_write_fifo  mfrc630.o
    0x00023f54   0x0000004c   Code   RO         1061    i.mfrc630_write_reg  mfrc630.o
    0x00023fa0   0x00000024   Code   RO         1062    i.mfrc630_write_regs  mfrc630.o
    0x00023fc4   0x000000c2   Code   RO         1526    i.name_encode       ble_advdata.o
    0x00024086   0x00000016   Code   RO         2335    i.nrf_bitmask_bit_is_set  nrf_drv_gpiote.o
    0x0002409c   0x0000001e   Code   RO         1921    i.nrf_ble_gatt_att_mtu_periph_set  nrf_ble_gatt.o
    0x000240ba   0x00000034   Code   RO         1925    i.nrf_ble_gatt_init  nrf_ble_gatt.o
    0x000240ee   0x00000002   PAD
    0x000240f0   0x000000b8   Code   RO         1926    i.nrf_ble_gatt_on_ble_evt  nrf_ble_gatt.o
    0x000241a8   0x00000012   Code   RO         2105    i.nrf_clock_event_check  nrf_drv_clock.o
    0x000241ba   0x00000012   Code   RO         2106    i.nrf_clock_event_clear  nrf_drv_clock.o
    0x000241cc   0x0000000c   Code   RO         2108    i.nrf_clock_int_disable  nrf_drv_clock.o
    0x000241d8   0x00000098   Code   RO           18    i.nrf_delay_us      main.o
    0x00024270   0x00000098   Code   RO          751    i.nrf_delay_us      nrf_drv_twi.o
    0x00024308   0x00000098   Code   RO         3210    i.nrf_delay_us      app_timer.o
    0x000243a0   0x00000068   Code   RO         2117    i.nrf_drv_clock_init  nrf_drv_clock.o
    0x00024408   0x00000034   Code   RO         2124    i.nrf_drv_clock_on_sd_enable  nrf_drv_clock.o
    0x0002443c   0x0000000e   Code   RO         2125    i.nrf_drv_clock_on_soc_event  nrf_drv_clock.o
    0x0002444a   0x00000002   PAD
    0x0002444c   0x00000060   Code   RO         2294    i.nrf_drv_common_irq_enable  nrf_drv_common.o
    0x000244ac   0x0000000a   Code   RO          752    i.nrf_drv_get_IRQn  nrf_drv_twi.o
    0x000244b6   0x0000000a   Code   RO         2624    i.nrf_drv_get_IRQn  nrf_drv_uart.o
    0x000244c0   0x000000ac   Code   RO         2340    i.nrf_drv_gpiote_in_event_enable  nrf_drv_gpiote.o
    0x0002456c   0x000000dc   Code   RO         2341    i.nrf_drv_gpiote_in_init  nrf_drv_gpiote.o
    0x00024648   0x00000014   Code   RO         2342    i.nrf_drv_gpiote_in_is_set  nrf_drv_gpiote.o
    0x0002465c   0x00000060   Code   RO         2344    i.nrf_drv_gpiote_init  nrf_drv_gpiote.o
    0x000246bc   0x00000014   Code   RO         2345    i.nrf_drv_gpiote_is_init  nrf_drv_gpiote.o
    0x000246d0   0x00000014   Code   RO         2625    i.nrf_drv_is_in_RAM  nrf_drv_uart.o
    0x000246e4   0x00000024   Code   RO          755    i.nrf_drv_twi_enable  nrf_drv_twi.o
    0x00024708   0x00000098   Code   RO          756    i.nrf_drv_twi_init  nrf_drv_twi.o
    0x000247a0   0x0000002c   Code   RO          758    i.nrf_drv_twi_rx    nrf_drv_twi.o
    0x000247cc   0x0000003c   Code   RO          761    i.nrf_drv_twi_tx    nrf_drv_twi.o
    0x00024808   0x0000003c   Code   RO          763    i.nrf_drv_twi_xfer  nrf_drv_twi.o
    0x00024844   0x00000084   Code   RO         2627    i.nrf_drv_uart_init  nrf_drv_uart.o
    0x000248c8   0x000000d4   Code   RO         2628    i.nrf_drv_uart_rx   nrf_drv_uart.o
    0x0002499c   0x00000034   Code   RO         2631    i.nrf_drv_uart_rx_enable  nrf_drv_uart.o
    0x000249d0   0x000000cc   Code   RO         2632    i.nrf_drv_uart_rx_for_uart  nrf_drv_uart.o
    0x00024a9c   0x000000c8   Code   RO         2633    i.nrf_drv_uart_rx_for_uarte  nrf_drv_uart.o
    0x00024b64   0x00000064   Code   RO         2635    i.nrf_drv_uart_tx   nrf_drv_uart.o
    0x00024bc8   0x0000008c   Code   RO         2637    i.nrf_drv_uart_tx_for_uart  nrf_drv_uart.o
    0x00024c54   0x0000007c   Code   RO         2638    i.nrf_drv_uart_tx_for_uarte  nrf_drv_uart.o
    0x00024cd0   0x0000001c   Code   RO         2639    i.nrf_drv_uart_tx_in_progress  nrf_drv_uart.o
    0x00024cec   0x00000028   Code   RO          413    i.nrf_gpio_cfg      boards.o
    0x00024d14   0x00000028   Code   RO         2359    i.nrf_gpio_cfg      nrf_drv_gpiote.o
    0x00024d3c   0x00000028   Code   RO         2641    i.nrf_gpio_cfg      nrf_drv_uart.o
    0x00024d64   0x0000001a   Code   RO         2643    i.nrf_gpio_cfg_input  nrf_drv_uart.o
    0x00024d7e   0x00000018   Code   RO         2644    i.nrf_gpio_cfg_output  nrf_drv_uart.o
    0x00024d96   0x00000032   Code   RO          532    i.nrf_gpio_cfg_sense_set  bsp.o
    0x00024dc8   0x00000032   Code   RO         2361    i.nrf_gpio_cfg_sense_set  nrf_drv_gpiote.o
    0x00024dfa   0x00000016   Code   RO          764    i.nrf_gpio_pin_clear  nrf_drv_twi.o
    0x00024e10   0x00000018   Code   RO         2363    i.nrf_gpio_pin_read  nrf_drv_gpiote.o
    0x00024e28   0x00000016   Code   RO          765    i.nrf_gpio_pin_set  nrf_drv_twi.o
    0x00024e3e   0x00000016   Code   RO         2645    i.nrf_gpio_pin_set  nrf_drv_uart.o
    0x00024e54   0x0000003a   Code   RO          414    i.nrf_gpio_pin_write  boards.o
    0x00024e8e   0x00000002   PAD
    0x00024e90   0x00000028   Code   RO         2365    i.nrf_gpio_ports_read  nrf_drv_gpiote.o
    0x00024eb8   0x0000000c   Code   RO         2366    i.nrf_gpiote_event_addr_get  nrf_drv_gpiote.o
    0x00024ec4   0x0000001c   Code   RO         2367    i.nrf_gpiote_event_clear  nrf_drv_gpiote.o
    0x00024ee0   0x00000016   Code   RO         2368    i.nrf_gpiote_event_is_set  nrf_drv_gpiote.o
    0x00024ef6   0x00000002   PAD
    0x00024ef8   0x0000000c   Code   RO         2369    i.nrf_gpiote_int_enable  nrf_drv_gpiote.o
    0x00024f04   0x00000008   Code   RO         3807    i.nrf_log_backend_hexdump_handler_get  nrf_log_backend_serial.o
    0x00024f0c   0x00000030   Code   RO         3808    i.nrf_log_backend_init  nrf_log_backend_serial.o
    0x00024f3c   0x0000015e   Code   RO         3809    i.nrf_log_backend_serial_hexdump_handler  nrf_log_backend_serial.o
    0x0002509a   0x00000182   Code   RO         3810    i.nrf_log_backend_serial_std_handler  nrf_log_backend_serial.o
    0x0002521c   0x00000008   Code   RO         3811    i.nrf_log_backend_std_handler_get  nrf_log_backend_serial.o
    0x00025224   0x0000002c   Code   RO         3908    i.nrf_log_direct_feed  nrf_log_frontend.o
    0x00025250   0x00000012   Code   RO         3911    i.nrf_log_frontend_init  nrf_log_frontend.o
    0x00025262   0x00000014   Code   RO         3912    i.nrf_log_frontend_std_0  nrf_log_frontend.o
    0x00025276   0x00000018   Code   RO         3913    i.nrf_log_frontend_std_1  nrf_log_frontend.o
    0x0002528e   0x00000020   Code   RO         3914    i.nrf_log_frontend_std_2  nrf_log_frontend.o
    0x000252ae   0x00000002   PAD
    0x000252b0   0x0000000c   Code   RO         3920    i.nrf_log_handlers_set  nrf_log_frontend.o
    0x000252bc   0x0000002c   Code   RO         3921    i.nrf_log_init      nrf_log_frontend.o
    0x000252e8   0x0000000c   Code   RO          766    i.nrf_twi_errorsrc_get_and_clear  nrf_drv_twi.o
    0x000252f4   0x0000000e   Code   RO          767    i.nrf_twi_event_check  nrf_drv_twi.o
    0x00025302   0x0000000e   Code   RO          768    i.nrf_twi_event_clear  nrf_drv_twi.o
    0x00025310   0x00000006   Code   RO          769    i.nrf_twi_int_disable  nrf_drv_twi.o
    0x00025316   0x00000006   Code   RO          770    i.nrf_twi_int_enable  nrf_drv_twi.o
    0x0002531c   0x00000006   Code   RO          771    i.nrf_twi_shorts_set  nrf_drv_twi.o
    0x00025322   0x00000006   Code   RO          772    i.nrf_twi_task_trigger  nrf_drv_twi.o
    0x00025328   0x0000000c   Code   RO         2646    i.nrf_uart_errorsrc_get_and_clear  nrf_drv_uart.o
    0x00025334   0x0000000e   Code   RO         2647    i.nrf_uart_event_check  nrf_drv_uart.o
    0x00025342   0x0000000e   Code   RO         2648    i.nrf_uart_event_clear  nrf_drv_uart.o
    0x00025350   0x0000000a   Code   RO         2649    i.nrf_uart_hwfc_pins_set  nrf_drv_uart.o
    0x0002535a   0x00000006   Code   RO         2650    i.nrf_uart_int_disable  nrf_drv_uart.o
    0x00025360   0x00000006   Code   RO         2651    i.nrf_uart_int_enable  nrf_drv_uart.o
    0x00025366   0x00000012   Code   RO         2652    i.nrf_uart_int_enable_check  nrf_drv_uart.o
    0x00025378   0x00000006   Code   RO         2653    i.nrf_uart_task_trigger  nrf_drv_uart.o
    0x0002537e   0x0000000a   Code   RO         2654    i.nrf_uart_txrx_pins_set  nrf_drv_uart.o
    0x00025388   0x0000000c   Code   RO         2655    i.nrf_uarte_errorsrc_get_and_clear  nrf_drv_uart.o
    0x00025394   0x0000000e   Code   RO         2656    i.nrf_uarte_event_check  nrf_drv_uart.o
    0x000253a2   0x0000000e   Code   RO         2657    i.nrf_uarte_event_clear  nrf_drv_uart.o
    0x000253b0   0x0000000c   Code   RO         2658    i.nrf_uarte_hwfc_pins_set  nrf_drv_uart.o
    0x000253bc   0x00000006   Code   RO         2659    i.nrf_uarte_int_disable  nrf_drv_uart.o
    0x000253c2   0x00000006   Code   RO         2660    i.nrf_uarte_int_enable  nrf_drv_uart.o
    0x000253c8   0x0000000a   Code   RO         2661    i.nrf_uarte_rx_amount_get  nrf_drv_uart.o
    0x000253d2   0x00000006   Code   RO         2662    i.nrf_uarte_task_trigger  nrf_drv_uart.o
    0x000253d8   0x0000000e   Code   RO         2663    i.nrf_uarte_txrx_pins_set  nrf_drv_uart.o
    0x000253e6   0x00000032   Code   RO           20    i.on_adv_evt        main.o
    0x00025418   0x000001fc   Code   RO           21    i.on_ble_evt        main.o
    0x00025614   0x0000002c   Code   RO           22    i.on_conn_params_evt  main.o
    0x00025640   0x00000018   Code   RO         1768    i.on_conn_params_update  ble_conn_params.o
    0x00025658   0x00000038   Code   RO         1769    i.on_connect        ble_conn_params.o
    0x00025690   0x00000006   Code   RO         2038    i.on_connect        ble_nus.o
    0x00025696   0x00000002   PAD
    0x00025698   0x00000014   Code   RO         1636    i.on_connected      ble_advertising.o
    0x000256ac   0x00000078   Code   RO         1927    i.on_connected_evt  nrf_ble_gatt.o
    0x00025724   0x00000054   Code   RO         1928    i.on_data_length_update_evt  nrf_ble_gatt.o
    0x00025778   0x00000054   Code   RO         1929    i.on_data_length_update_request_evt  nrf_ble_gatt.o
    0x000257cc   0x00000040   Code   RO         1770    i.on_disconnect     ble_conn_params.o
    0x0002580c   0x00000008   Code   RO         2039    i.on_disconnect     ble_nus.o
    0x00025814   0x0000003c   Code   RO         1637    i.on_disconnected   ble_advertising.o
    0x00025850   0x00000014   Code   RO         1930    i.on_disconnected_evt  nrf_ble_gatt.o
    0x00025864   0x00000080   Code   RO         1931    i.on_exchange_mtu_request_evt  nrf_ble_gatt.o
    0x000258e4   0x00000064   Code   RO         1932    i.on_exchange_mtu_rsp_evt  nrf_ble_gatt.o
    0x00025948   0x00000038   Code   RO         1638    i.on_timeout        ble_advertising.o
    0x00025980   0x0000004c   Code   RO         1771    i.on_write          ble_conn_params.o
    0x000259cc   0x00000046   Code   RO         2040    i.on_write          ble_nus.o
    0x00025a12   0x00000002   PAD
    0x00025a14   0x0000001c   Code   RO         2372    i.pin_in_use_by_gpiote  nrf_drv_gpiote.o
    0x00025a30   0x00000018   Code   RO         2373    i.pin_in_use_by_port  nrf_drv_gpiote.o
    0x00025a48   0x00000020   Code   RO         2374    i.pin_in_use_by_te  nrf_drv_gpiote.o
    0x00025a68   0x0000000c   Code   RO         2375    i.pin_in_use_clear  nrf_drv_gpiote.o
    0x00025a74   0x00000002   Code   RO           24    i.receive_data_from_android  main.o
    0x00025a76   0x00000002   PAD
    0x00025a78   0x0000000c   Code   RO         3211    i.rtc1_compare0_set  app_timer.o
    0x00025a84   0x0000000c   Code   RO         3212    i.rtc1_counter_get  app_timer.o
    0x00025a90   0x00000018   Code   RO         3213    i.rtc1_init         app_timer.o
    0x00025aa8   0x0000003c   Code   RO         3214    i.rtc1_start        app_timer.o
    0x00025ae4   0x00000058   Code   RO         3215    i.rtc1_stop         app_timer.o
    0x00025b3c   0x0000003e   Code   RO         2665    i.rx_byte           nrf_drv_uart.o
    0x00025b7a   0x000000ee   Code   RO         2041    i.rx_char_add       ble_nus.o
    0x00025c68   0x0000001e   Code   RO         2666    i.rx_done_event     nrf_drv_uart.o
    0x00025c86   0x00000022   Code   RO         2667    i.rx_enable         nrf_drv_uart.o
    0x00025ca8   0x0000008c   Code   RO         4190    i.sd_nvic_EnableIRQ  softdevice_handler.o
    0x00025d34   0x00000068   Code   RO         3490    i.sd_nvic_critical_region_enter  app_util_platform.o
    0x00025d9c   0x00000004   Code   RO         3813    i.serial_is_busy    nrf_log_backend_serial.o
    0x00025da0   0x00000044   Code   RO         3814    i.serial_tx         nrf_log_backend_serial.o
    0x00025de4   0x00000096   Code   RO         1527    i.service_data_encode  ble_advdata.o
    0x00025e7a   0x00000002   PAD
    0x00025e7c   0x00000030   Code   RO           25    i.services_init     main.o
    0x00025eac   0x00000020   Code   RO         1639    i.set_adv_mode_directed  ble_advertising.o
    0x00025ecc   0x0000002c   Code   RO         1640    i.set_adv_mode_directed_slow  ble_advertising.o
    0x00025ef8   0x00000060   Code   RO         1641    i.set_adv_mode_fast  ble_advertising.o
    0x00025f58   0x00000060   Code   RO         1642    i.set_adv_mode_slow  ble_advertising.o
    0x00025fb8   0x0000004c   Code   RO           26    i.sleep_mode_enter  main.o
    0x00026004   0x00000014   Code   RO         4191    i.softdevice_app_ram_start_get  softdevice_handler.o
    0x00026018   0x00000018   Code   RO         4192    i.softdevice_ble_evt_handler_set  softdevice_handler.o
    0x00026030   0x00000100   Code   RO         4193    i.softdevice_enable  softdevice_handler.o
    0x00026130   0x00000014   Code   RO         4194    i.softdevice_fault_handler  softdevice_handler.o
    0x00026144   0x000000a0   Code   RO         4195    i.softdevice_handler_init  softdevice_handler.o
    0x000261e4   0x0000000c   Code   RO         4196    i.softdevice_handler_is_enabled  softdevice_handler.o
    0x000261f0   0x0000000e   Code   RO         1528    i.srdata_check      ble_advdata.o
    0x000261fe   0x00000026   Code   RO          640    i.startup_event_extract  bsp_btn_ble.o
    0x00026224   0x0000000a   Code   RO         3216    i.ticks_diff_get    app_timer.o
    0x0002622e   0x0000000c   Code   RO         3217    i.timeout_handler_exec  app_timer.o
    0x0002623a   0x00000002   PAD
    0x0002623c   0x00000050   Code   RO         3218    i.timer_list_handler  app_timer.o
    0x0002628c   0x0000000a   Code   RO         3219    i.timer_list_handler_sched  app_timer.o
    0x00026296   0x00000002   PAD
    0x00026298   0x00000068   Code   RO         3220    i.timer_list_insert  app_timer.o
    0x00026300   0x00000088   Code   RO         3221    i.timer_list_remove  app_timer.o
    0x00026388   0x0000005e   Code   RO         3222    i.timer_start_op_schedule  app_timer.o
    0x000263e6   0x00000042   Code   RO         3223    i.timer_stop_op_schedule  app_timer.o
    0x00026428   0x00000098   Code   RO         3224    i.timer_timeouts_check  app_timer.o
    0x000264c0   0x0000000a   Code   RO         3225    i.timer_timeouts_check_sched  app_timer.o
    0x000264ca   0x00000002   PAD
    0x000264cc   0x00000040   Code   RO         3815    i.timestamp_process  nrf_log_backend_serial.o
    0x0002650c   0x00000098   Code   RO          773    i.twi_clear_bus     nrf_drv_twi.o
    0x000265a4   0x00000024   Code   RO          774    i.twi_process_error  nrf_drv_twi.o
    0x000265c8   0x0000004c   Code   RO          775    i.twi_receive_byte  nrf_drv_twi.o
    0x00026614   0x000000ea   Code   RO          776    i.twi_rx_start_transfer  nrf_drv_twi.o
    0x000266fe   0x00000048   Code   RO          777    i.twi_send_byte     nrf_drv_twi.o
    0x00026746   0x00000126   Code   RO          778    i.twi_transfer      nrf_drv_twi.o
    0x0002686c   0x000000f0   Code   RO          779    i.twi_tx_start_transfer  nrf_drv_twi.o
    0x0002695c   0x000000c0   Code   RO          780    i.twi_xfer          nrf_drv_twi.o
    0x00026a1c   0x00000026   Code   RO         2668    i.tx_byte           nrf_drv_uart.o
    0x00026a42   0x00000134   Code   RO         2042    i.tx_char_add       ble_nus.o
    0x00026b76   0x00000022   Code   RO         2669    i.tx_done_event     nrf_drv_uart.o
    0x00026b98   0x00000036   Code   RO         1529    i.tx_power_level_encode  ble_advdata.o
    0x00026bce   0x00000002   PAD
    0x00026bd0   0x000000a8   Code   RO           27    i.uart_event_handle  main.o
    0x00026c78   0x000000d4   Code   RO         3418    i.uart_event_handler  app_uart_fifo.o
    0x00026d4c   0x0000005c   Code   RO           28    i.uart_init         main.o
    0x00026da8   0x00000142   Code   RO         2670    i.uart_irq_handler  nrf_drv_uart.o
    0x00026eea   0x0000010c   Code   RO         2671    i.uarte_irq_handler  nrf_drv_uart.o
    0x00026ff6   0x0000000c   Code   RO         1857    i.uint16_decode     ble_srv_common.o
    0x00027002   0x0000000c   Code   RO         1530    i.uint16_encode     ble_advdata.o
    0x0002700e   0x00000002   PAD
    0x00027010   0x00000090   Code   RO         1772    i.update_timeout_handler  ble_conn_params.o
    0x000270a0   0x0000003c   Code   RO         3226    i.user_op_alloc     app_timer.o
    0x000270dc   0x0000000c   Code   RO         3227    i.user_op_enque     app_timer.o
    0x000270e8   0x0000004e   Code   RO         1531    i.uuid_list_encode  ble_advdata.o
    0x00027136   0x000000dc   Code   RO         1532    i.uuid_list_sized_encode  ble_advdata.o
    0x00027212   0x00000002   PAD
    0x00027214   0x0000000c   Code   RO         1643    i.whitelist_has_entries  ble_advertising.o
    0x00027220   0x0000001c   Data   RO           30    .constdata          main.o
    0x0002723c   0x00000008   Data   RO          415    .constdata          boards.o
    0x00027244   0x0000002c   Data   RO          534    .constdata          bsp.o
    0x00027270   0x00000038   Data   RO          782    .constdata          nrf_drv_twi.o
    0x000272a8   0x00000018   Data   RO         1064    .constdata          mfrc630.o
    0x000272c0   0x00000004   Data   RO         1774    .constdata          ble_conn_params.o
    0x000272c4   0x00000016   Data   RO         1933    .constdata          nrf_ble_gatt.o
    0x000272da   0x00000002   PAD
    0x000272dc   0x00000010   Data   RO         2043    .constdata          ble_nus.o
    0x000272ec   0x00000047   Data   RO         2377    .constdata          nrf_drv_gpiote.o
    0x00027333   0x00000001   PAD
    0x00027334   0x00000008   Data   RO         2935    .constdata          app_button.o
    0x0002733c   0x00000020   Data   RO         3420    .constdata          app_uart_fifo.o
    0x0002735c   0x00000081   Data   RO         4449    .constdata          mc_w.l(ctype_o.o)
    0x000273dd   0x00000003   PAD
    0x000273e0   0x00000004   Data   RO         4450    .constdata          mc_w.l(ctype_o.o)
    0x000273e4   0x00000186   Data   RO         1934    .conststring        nrf_ble_gatt.o
    0x0002756a   0x00000002   PAD
    0x0002756c   0x00000020   Data   RO         4889    Region$$Table       anon$$obj.o


    Execution Region RW_IRAM1 (Base: 0x200025f8, Size: 0x00002d10, Max: 0x0000da08, ABSOLUTE)

    Base Addr    Size         Type   Attr      Idx    E Section Name        Object

    0x200025f8   0x00000010   Data   RW           31    .data               main.o
    0x20002608   0x00000015   Data   RW          535    .data               bsp.o
    0x2000261d   0x00000003   PAD
    0x20002620   0x00000008   Data   RW          641    .data               bsp_btn_ble.o
    0x20002628   0x0000001f   Data   RW         1645    .data               ble_advertising.o
    0x20002647   0x00000001   PAD
    0x20002648   0x00000015   Data   RW         1775    .data               ble_conn_params.o
    0x2000265d   0x00000003   PAD
    0x20002660   0x00000014   Data   RW         2936    .data               app_button.o
    0x20002674   0x00000014   Data   RW         3229    .data               app_timer.o
    0x20002688   0x0000000f   Data   RW         3421    .data               app_uart_fifo.o
    0x20002697   0x00000001   PAD
    0x20002698   0x00000008   Data   RW         3769    .data               retarget.o
    0x200026a0   0x00000002   Data   RW         3817    .data               nrf_log_backend_serial.o
    0x200026a2   0x00000002   PAD
    0x200026a4   0x00000018   Data   RW         4202    .data               softdevice_handler.o
    0x200026bc   0x00000004   Data   RW         4346    .data               system_nrf52.o
    0x200026c0   0x000005ab   Zero   RW           29    .bss                main.o
    0x20002c6b   0x00000001   PAD
    0x20002c6c   0x0000006c   Zero   RW          533    .bss                bsp.o
    0x20002cd8   0x00000050   Zero   RW          781    .bss                nrf_drv_twi.o
    0x20002d28   0x000000b3   Zero   RW         1644    .bss                ble_advertising.o
    0x20002ddb   0x00000001   PAD
    0x20002ddc   0x0000003c   Zero   RW         1773    .bss                ble_conn_params.o
    0x20002e18   0x00000014   Zero   RW         2127    .bss                nrf_drv_clock.o
    0x20002e2c   0x00000058   Zero   RW         2376    .bss                nrf_drv_gpiote.o
    0x20002e84   0x00000020   Zero   RW         2672    .bss                nrf_drv_uart.o
    0x20002ea4   0x00000020   Zero   RW         2934    .bss                app_button.o
    0x20002ec4   0x0000010c   Zero   RW         3228    .bss                app_timer.o
    0x20002fd0   0x00000020   Zero   RW         3419    .bss                app_uart_fifo.o
    0x20002ff0   0x0000000c   Zero   RW         3491    .bss                app_util_platform.o
    0x20002ffc   0x00000068   Zero   RW         3580    .bss                fstorage.o
    0x20003064   0x0000001c   Zero   RW         3923    .bss                nrf_log_frontend.o
    0x20003080   0x00000288   Zero   RW         4052    .bss                segger_rtt.o
    0x20003308   0x00002000   Zero   RW         4324    STACK               arm_startup_nrf52.o


==============================================================================

Image component sizes


      Code (inc. data)   RO Data    RW Data    ZI Data      Debug   Object Name

       480         80          8         20         32       4534   app_button.o
        28          0          0          0          0       2205   app_error.o
       128         52          0          0          0      27429   app_error_weak.o
       170          0          0          0          0       5882   app_fifo.o
         0          0          0          0          0      20736   app_scheduler.o
      2196        248          0         20        268      52179   app_timer.o
       602         92         32         15         32      11086   app_uart_fifo.o
       200         24          0          0         12      10174   app_util_platform.o
        36          8        512          0       8192        896   arm_startup_nrf52.o
      1818          0          0          0          0      38492   ble_advdata.o
      1472        240          0         31        179      15771   ble_advertising.o
       706        120          4         21         60       7736   ble_conn_params.o
       930          4         16          0          0       7426   ble_nus.o
        30          0          0          0          0      22742   ble_srv_common.o
       418         34          8          0          0      13260   boards.o
      1566        124         44         21        108      15043   bsp.o
       420         18          0          8          0       5989   bsp_btn_ble.o
        24          6          0          0        104       3292   fstorage.o
      2774        490         28         16       1451     156156   main.o
      3098        892         24          0          0      18453   mfrc630.o
       894         42        412          0          0      34436   nrf_ble_gatt.o
       358         34          0          0         20      13216   nrf_drv_clock.o
        96         12          0          0          0      27635   nrf_drv_common.o
      1630        104         71          0         88      34178   nrf_drv_gpiote.o
      2170         50         56          0         80      36123   nrf_drv_twi.o
      2716         74          0          0         32      49141   nrf_drv_uart.o
      1006         32          0          2          0      10351   nrf_log_backend_serial.o
       194          8          0          0         28       8105   nrf_log_frontend.o
        16          0          0          8          0       2806   retarget.o
       486         50          0          0        648       7877   segger_rtt.o
       966        266          0         24          0      42443   softdevice_handler.o
      1320        134          0          4          0       7603   system_nrf52.o

    ----------------------------------------------------------------------
     29000       3238       1252        200      11336     713395   Object Totals
         0          0         32          0          0          0   (incl. Generated)
        52          0          5         10          2          0   (incl. Padding)

    ----------------------------------------------------------------------

      Code (inc. data)   RO Data    RW Data    ZI Data      Debug   Library Member Name

         8          4        133          0          0         68   ctype_o.o
         0          0          0          0          0          0   entry.o
         0          0          0          0          0          0   entry10a.o
         0          0          0          0          0          0   entry11a.o
         8          4          0          0          0          0   entry2.o
         4          0          0          0          0          0   entry5.o
         0          0          0          0          0          0   entry7b.o
         0          0          0          0          0          0   entry8b.o
         8          4          0          0          0          0   entry9a.o
        30          0          0          0          0          0   handlers.o
        36          8          0          0          0         68   init.o
         0          0          0          0          0          0   iusefp.o
        30          0          0          0          0         68   llshl.o
        36          0          0          0          0         68   llsshr.o
        32          0          0          0          0         68   llushr.o
        36          0          0          0          0         68   memcpya.o
        36          0          0          0          0        108   memseta.o
      2288         94          0          0          0        596   printfa.o
        18          0          0          0          0         68   strcpy.o
        14          0          0          0          0         68   strlen.o
        44          0          0          0          0         80   uidiv.o
        98          0          0          0          0         92   uldiv.o
        48          0          0          0          0         68   cdrcmple.o
       334          0          0          0          0        148   dadd.o
       222          0          0          0          0        100   ddiv.o
       186          0          0          0          0        176   depilogue.o
        48          0          0          0          0         68   dfixul.o
       228          0          0          0          0         96   dmul.o

    ----------------------------------------------------------------------
      3800        114        136          0          0       2076   Library Totals
         8          0          3          0          0          0   (incl. Padding)

    ----------------------------------------------------------------------

      Code (inc. data)   RO Data    RW Data    ZI Data      Debug   Library Name

      2726        114        133          0          0       1420   mc_w.l
      1066          0          0          0          0        656   mf_w.l

    ----------------------------------------------------------------------
      3800        114        136          0          0       2076   Library Totals

    ----------------------------------------------------------------------

==============================================================================


      Code (inc. data)   RO Data    RW Data    ZI Data      Debug   

     32800       3352       1388        200      11336     680835   Grand Totals
     32800       3352       1388        200      11336     680835   ELF Image Totals
     32800       3352       1388        200          0          0   ROM Totals

==============================================================================

    Total RO  Size (Code + RO Data)                34188 (  33.39kB)
    Total RW  Size (RW Data + ZI Data)             11536 (  11.27kB)
    Total ROM Size (Code + RO Data + RW Data)      34388 (  33.58kB)

==============================================================================

