Component: ARM Compiler 5.06 (build 20) Tool: armlink [4d35a3]

==============================================================================

Section Cross References

    main.o(i.advertising_start) refers to peer_manager.o(i.pm_peers_delete) for pm_peers_delete
    main.o(i.advertising_start) refers to ble_advertising.o(i.ble_advertising_start) for ble_advertising_start
    main.o(i.advertising_start) refers to app_error.o(i.app_error_handler_bare) for app_error_handler_bare
    main.o(i.assert_nrf_callback) refers to app_error.o(i.app_error_handler) for app_error_handler
    main.o(i.ble_evt_dispatch) refers to ble_conn_state.o(i.ble_conn_state_on_ble_evt) for ble_conn_state_on_ble_evt
    main.o(i.ble_evt_dispatch) refers to peer_manager.o(i.pm_on_ble_evt) for pm_on_ble_evt
    main.o(i.ble_evt_dispatch) refers to ble_conn_params.o(i.ble_conn_params_on_ble_evt) for ble_conn_params_on_ble_evt
    main.o(i.ble_evt_dispatch) refers to bsp_btn_ble.o(i.bsp_btn_ble_on_ble_evt) for bsp_btn_ble_on_ble_evt
    main.o(i.ble_evt_dispatch) refers to main.o(i.on_ble_evt) for on_ble_evt
    main.o(i.ble_evt_dispatch) refers to ble_advertising.o(i.ble_advertising_on_ble_evt) for ble_advertising_on_ble_evt
    main.o(i.ble_evt_dispatch) refers to ble_dfu.o(i.ble_dfu_on_ble_evt) for ble_dfu_on_ble_evt
    main.o(i.ble_evt_dispatch) refers to nrf_ble_gatt.o(i.nrf_ble_gatt_on_ble_evt) for nrf_ble_gatt_on_ble_evt
    main.o(i.ble_evt_dispatch) refers to main.o(.bss) for .bss
    main.o(i.ble_stack_init) refers to softdevice_handler.o(i.softdevice_handler_init) for softdevice_handler_init
    main.o(i.ble_stack_init) refers to app_error.o(i.app_error_handler_bare) for app_error_handler_bare
    main.o(i.ble_stack_init) refers to softdevice_handler.o(i.softdevice_app_ram_start_get) for softdevice_app_ram_start_get
    main.o(i.ble_stack_init) refers to softdevice_handler.o(i.softdevice_enable) for softdevice_enable
    main.o(i.ble_stack_init) refers to softdevice_handler.o(i.softdevice_ble_evt_handler_set) for softdevice_ble_evt_handler_set
    main.o(i.ble_stack_init) refers to softdevice_handler.o(i.softdevice_sys_evt_handler_set) for softdevice_sys_evt_handler_set
    main.o(i.ble_stack_init) refers to main.o(.constdata) for .constdata
    main.o(i.ble_stack_init) refers to main.o(.bss) for .bss
    main.o(i.ble_stack_init) refers to main.o(i.ble_evt_dispatch) for ble_evt_dispatch
    main.o(i.ble_stack_init) refers to main.o(i.sys_evt_dispatch) for sys_evt_dispatch
    main.o(i.bsp_event_handler) refers to main.o(i.sleep_mode_enter) for sleep_mode_enter
    main.o(i.bsp_event_handler) refers to app_error.o(i.app_error_handler_bare) for app_error_handler_bare
    main.o(i.bsp_event_handler) refers to ble_advertising.o(i.ble_advertising_restart_without_whitelist) for ble_advertising_restart_without_whitelist
    main.o(i.bsp_event_handler) refers to main.o(.data) for .data
    main.o(i.conn_params_error_handler) refers to app_error.o(i.app_error_handler_bare) for app_error_handler_bare
    main.o(i.main) refers to app_timer.o(i.app_timer_init) for app_timer_init
    main.o(i.main) refers to app_error.o(i.app_error_handler_bare) for app_error_handler_bare
    main.o(i.main) refers to bsp.o(i.bsp_init) for bsp_init
    main.o(i.main) refers to bsp_btn_ble.o(i.bsp_btn_ble_init) for bsp_btn_ble_init
    main.o(i.main) refers to main.o(i.ble_stack_init) for ble_stack_init
    main.o(i.main) refers to main.o(i.peer_manager_init) for peer_manager_init
    main.o(i.main) refers to nrf_ble_gatt.o(i.nrf_ble_gatt_init) for nrf_ble_gatt_init
    main.o(i.main) refers to memseta.o(.text) for __aeabi_memclr4
    main.o(i.main) refers to ble_advertising.o(i.ble_advertising_init) for ble_advertising_init
    main.o(i.main) refers to ble_dfu.o(i.ble_dfu_init) for ble_dfu_init
    main.o(i.main) refers to ble_conn_params.o(i.ble_conn_params_init) for ble_conn_params_init
    main.o(i.main) refers to main.o(i.advertising_start) for advertising_start
    main.o(i.main) refers to main.o(i.bsp_event_handler) for bsp_event_handler
    main.o(i.main) refers to main.o(.bss) for .bss
    main.o(i.main) refers to main.o(.data) for .data
    main.o(i.main) refers to main.o(i.on_adv_evt) for on_adv_evt
    main.o(i.main) refers to main.o(i.ble_dfu_evt_handler) for ble_dfu_evt_handler
    main.o(i.main) refers to main.o(i.on_conn_params_evt) for on_conn_params_evt
    main.o(i.main) refers to main.o(i.conn_params_error_handler) for conn_params_error_handler
    main.o(i.on_adv_evt) refers to bsp.o(i.bsp_indication_set) for bsp_indication_set
    main.o(i.on_adv_evt) refers to app_error.o(i.app_error_handler_bare) for app_error_handler_bare
    main.o(i.on_adv_evt) refers to main.o(i.sleep_mode_enter) for sleep_mode_enter
    main.o(i.on_ble_evt) refers to bsp.o(i.bsp_indication_set) for bsp_indication_set
    main.o(i.on_ble_evt) refers to app_error.o(i.app_error_handler_bare) for app_error_handler_bare
[...]
    m_highest_ranked_peer                    0x2000008a   Data           2  peer_manager.o(.data)
    m_peer_rank_token                        0x2000008c   Data           4  peer_manager.o(.data)
    m_current_highest_peer_rank              0x20000090   Data           4  peer_manager.o(.data)
    .data                                    0x20000094   Section        4  security_dispatcher.o(.data)
    m_flag_sec_proc                          0x20000094   Data           1  security_dispatcher.o(.data)
    m_flag_sec_proc_pairing                  0x20000095   Data           1  security_dispatcher.o(.data)
    m_flag_sec_proc_new_peer                 0x20000096   Data           1  security_dispatcher.o(.data)
    m_module_initialized                     0x20000097   Data           1  security_dispatcher.o(.data)
    .data                                    0x20000098   Section       21  security_manager.o(.data)
    m_flag_link_secure_pending_busy          0x20000098   Data           1  security_manager.o(.data)
    m_flag_link_secure_pending_flash_full    0x20000099   Data           1  security_manager.o(.data)
    m_flag_link_secure_force_repairing       0x2000009a   Data           1  security_manager.o(.data)
    m_flag_link_secure_null_params           0x2000009b   Data           1  security_manager.o(.data)
    m_flag_params_reply_pending_busy         0x2000009c   Data           1  security_manager.o(.data)
    m_flag_params_reply_pending_flash_full   0x2000009d   Data           1  security_manager.o(.data)
    m_flag_reject_pairing                    0x2000009e   Data           1  security_manager.o(.data)
    m_module_initialized                     0x2000009f   Data           1  security_manager.o(.data)
    m_sec_params_valid                       0x200000a0   Data           1  security_manager.o(.data)
    m_p_public_key                           0x200000a4   Data           4  security_manager.o(.data)
    m_sec_params                             0x200000a8   Data           5  security_manager.o(.data)
    .data                                    0x200000b0   Section       20  app_button.o(.data)
    m_button_count                           0x200000b0   Data           1  app_button.o(.data)
    mp_buttons                               0x200000b4   Data           4  app_button.o(.data)
    m_detection_delay                        0x200000b8   Data           4  app_button.o(.data)
    m_pin_state                              0x200000bc   Data           4  app_button.o(.data)
    m_pin_transition                         0x200000c0   Data           4  app_button.o(.data)
    .data                                    0x200000c4   Section       20  app_timer.o(.data)
    m_ticks_elapsed_q_read_ind               0x200000c4   Data           1  app_timer.o(.data)
    m_ticks_elapsed_q_write_ind              0x200000c5   Data           1  app_timer.o(.data)
    m_rtc1_running                           0x200000c6   Data           1  app_timer.o(.data)
    m_rtc1_reset                             0x200000c7   Data           1  app_timer.o(.data)
    mp_timer_id_head                         0x200000c8   Data           4  app_timer.o(.data)
    m_ticks_latest                           0x200000cc   Data           4  app_timer.o(.data)
    m_ticks_elapsed                          0x200000d0   Data           8  app_timer.o(.data)
    .data                                    0x200000d8   Section       24  fds.o(.data)
    m_flags                                  0x200000d8   Data           1  fds.o(.data)
    m_users                                  0x200000d9   Data           1  fds.o(.data)
    page                                     0x200000da   Data           2  fds.o(.data)
    m_latest_rec_id                          0x200000dc   Data           4  fds.o(.data)
    tok                                      0x200000e0   Data           8  fds.o(.data)
    m_swap_page                              0x200000e8   Data           8  fds.o(.data)
    .data                                    0x200000f0   Section        2  fstorage.o(.data)
    m_flags                                  0x200000f0   Data           1  fstorage.o(.data)
    m_retry_count                            0x200000f1   Data           1  fstorage.o(.data)
    .data                                    0x200000f4   Section       20  softdevice_handler.o(.data)
    m_softdevice_enabled                     0x200000f4   Data           1  softdevice_handler.o(.data)
    m_suspended                              0x200000f5   Data           1  softdevice_handler.o(.data)
    m_ble_evt_buffer_size                    0x200000f6   Data           2  softdevice_handler.o(.data)
    m_evt_schedule_func                      0x200000f8   Data           4  softdevice_handler.o(.data)
    m_sys_evt_handler                        0x200000fc   Data           4  softdevice_handler.o(.data)
    mp_ble_evt_buffer                        0x20000100   Data           4  softdevice_handler.o(.data)
    m_ble_evt_handler                        0x20000104   Data           4  softdevice_handler.o(.data)
    .data                                    0x20000108   Section        4  system_nrf52.o(.data)
    __tagsym$$used                           0x20000108   Number         0  system_nrf52.o(.data)
    fs_data                                  0x2000010c   Section       16  fds.o(fs_data)
    __tagsym$$used                           0x2000010c   Number         0  fds.o(fs_data)
    fs_config                                0x2000010c   Data          16  fds.o(fs_data)
    .bss                                     0x2000011c   Section      132  main.o(.bss)
    BLE_EVT_BUFFER                           0x2000011c   Data          80  main.o(.bss)
    m_dfus                                   0x2000016c   Data          24  main.o(.bss)
    m_gatt                                   0x20000184   Data          28  main.o(.bss)
    .bss                                     0x200001a0   Section       32  bsp.o(.bss)
    m_leds_timer_id_data                     0x200001a0   Data          32  bsp.o(.bss)
    .bss                                     0x200001c0   Section       32  bsp.o(.bss)
    m_alert_timer_id_data                    0x200001c0   Data          32  bsp.o(.bss)
    .bss                                     0x200001e0   Section       12  bsp.o(.bss)
    m_events_list                            0x200001e0   Data          12  bsp.o(.bss)
    .bss                                     0x200001ec   Section       32  bsp.o(.bss)
    m_button_timer_id_data                   0x200001ec   Data          32  bsp.o(.bss)
    .bss                                     0x2000020c   Section      179  ble_advertising.o(.bss)
    m_adv_modes_config                       0x2000020c   Data          32  ble_advertising.o(.bss)
    m_advdata                                0x2000022c   Data          60  ble_advertising.o(.bss)
    m_manuf_specific_data                    0x20000268   Data          12  ble_advertising.o(.bss)
    m_manuf_data_array                       0x20000274   Data          31  ble_advertising.o(.bss)
    m_service_data                           0x20000294   Data          12  ble_advertising.o(.bss)
    m_service_data_array                     0x200002a0   Data          31  ble_advertising.o(.bss)
    .bss                                     0x200002c0   Section       32  ble_conn_params.o(.bss)
    m_conn_params_timer_id_data              0x200002c0   Data          32  ble_conn_params.o(.bss)
    .bss                                     0x200002e0   Section       28  ble_conn_params.o(.bss)
    m_conn_params_config                     0x200002e0   Data          28  ble_conn_params.o(.bss)
    .bss                                     0x200002fc   Section      184  ble_conn_state.o(.bss)
    m_bcs                                    0x200002fc   Data         184  ble_conn_state.o(.bss)
    .bss                                     0x200003b4   Section      256  id_manager.o(.bss)
    m_connections                            0x200003b4   Data         240  id_manager.o(.bss)
    m_wlisted_peers                          0x200004a4   Data          16  id_manager.o(.bss)
    .bss                                     0x200004b4   Section      816  peer_database.o(.bss)
    buffer_memory                            0x200004b4   Data         640  peer_database.o(.bss)
    m_write_buffer                           0x20000734   Data          16  peer_database.o(.bss)
    m_write_buffer_records                   0x20000744   Data         160  peer_database.o(.bss)
    .bss                                     0x200007e4   Section       64  peer_id.o(.bss)
    m_pi                                     0x200007e4   Data          64  peer_id.o(.bss)
    .bss                                     0x20000824   Section       12  peer_manager.o(.bss)
    m_evt_handlers                           0x20000824   Data          12  peer_manager.o(.bss)
    .bss                                     0x20000830   Section       64  security_dispatcher.o(.bss)
    m_peer_pk                                0x20000830   Data          64  security_dispatcher.o(.bss)
    .bss                                     0x20000870   Section       20  nrf_drv_clock.o(.bss)
    m_clock_cb                               0x20000870   Data          20  nrf_drv_clock.o(.bss)
    .bss                                     0x20000884   Section       88  nrf_drv_gpiote.o(.bss)
    m_cb                                     0x20000884   Data          88  nrf_drv_gpiote.o(.bss)
    .bss                                     0x200008dc   Section       32  nrf_drv_uart.o(.bss)
    m_cb                                     0x200008dc   Data          32  nrf_drv_uart.o(.bss)
    .bss                                     0x200008fc   Section       32  app_button.o(.bss)
    m_detection_delay_timer_id_data          0x200008fc   Data          32  app_button.o(.bss)
    .bss                                     0x2000091c   Section      268  app_timer.o(.bss)
    m_op_queue                               0x2000091c   Data         268  app_timer.o(.bss)
    .bss                                     0x20000a28   Section       12  app_util_platform.o(.bss)
    .bss                                     0x20000a34   Section      284  fds.o(.bss)
    desc                                     0x20000a34   Data          12  fds.o(.bss)
    m_cb_table                               0x20000a40   Data          32  fds.o(.bss)
    m_op_queue                               0x20000a60   Data         120  fds.o(.bss)
    m_chunk_queue                            0x20000ad8   Data          72  fds.o(.bss)
    m_pages                                  0x20000b20   Data          32  fds.o(.bss)
    m_gc                                     0x20000b40   Data          16  fds.o(.bss)
    .bss                                     0x20000b50   Section      104  fstorage.o(.bss)
    m_queue                                  0x20000b50   Data         104  fstorage.o(.bss)
    STACK                                    0x20000bb8   Section     8192  arm_startup_nrf52.o(STACK)

    Global Symbols

    Symbol Name                              Value     Ov Type        Size  Object(Section)

    BuildAttributes$$THM_ISAv4$E$P$D$K$B$S$7EM$VFPi3$EXTD16$VFPS$VFMA$PE$A:L22UL41UL21$X:L11$S22US41US21$IEEE1$IW$USESV6$~STKCKD$USESV7$~SHL$OSPACE$EBA8$MICROLIB$REQ8$PRES8$EABIv2 0x00000000   Number         0  anon$$obj.o ABSOLUTE
    __ARM_use_no_argv                        0x00000000   Number         0  main.o ABSOLUTE
    __Vectors                                0x00000000   Data           4  arm_startup_nrf52.o(RESET)
    __cpp_initialize__aeabi_                  - Undefined Weak Reference
    __cxa_finalize                            - Undefined Weak Reference
    __decompress                              - Undefined Weak Reference
    _clock_init                               - Undefined Weak Reference
    _microlib_exit                            - Undefined Weak Reference
    __Vectors_End                            0x00000200   Data           0  arm_startup_nrf52.o(RESET)
    __Vectors_Size                           0x00000200   Number         0  arm_startup_nrf52.o ABSOLUTE
    __main                                   0x00000201   Thumb Code     0  entry.o(.ARM.Collect$$$$00000000)
    _main_stk                                0x00000201   Thumb Code     0  entry2.o(.ARM.Collect$$$$00000001)
    _main_scatterload                        0x00000205   Thumb Code     0  entry5.o(.ARM.Collect$$$$00000004)
    __main_after_scatterload                 0x00000209   Thumb Code     0  entry5.o(.ARM.Collect$$$$00000004)
    _main_clock                              0x00000209   Thumb Code     0  entry7b.o(.ARM.Collect$$$$00000008)
    _main_cpp_init                           0x00000209   Thumb Code     0  entry8b.o(.ARM.Collect$$$$0000000A)
    _main_init                               0x00000209   Thumb Code     0  entry9a.o(.ARM.Collect$$$$0000000B)
    __rt_final_cpp                           0x00000211   Thumb Code     0  entry10a.o(.ARM.Collect$$$$0000000D)
    __rt_final_exit                          0x00000211   Thumb Code     0  entry11a.o(.ARM.Collect$$$$0000000F)
    Reset_Handler                            0x00000215   Thumb Code     8  arm_startup_nrf52.o(.text)
    NMI_Handler                              0x0000021d   Thumb Code     2  arm_startup_nrf52.o(.text)
    HardFault_Handler                        0x0000021f   Thumb Code     2  arm_startup_nrf52.o(.text)
    MemoryManagement_Handler                 0x00000221   Thumb Code     2  arm_startup_nrf52.o(.text)
    BusFault_Handler                         0x00000223   Thumb Code     2  arm_startup_nrf52.o(.text)
    UsageFault_Handler                       0x00000225   Thumb Code     2  arm_startup_nrf52.o(.text)
    SVC_Handler                              0x00000227   Thumb Code     2  arm_startup_nrf52.o(.text)
    DebugMon_Handler                         0x00000229   Thumb Code     2  arm_startup_nrf52.o(.text)
    PendSV_Handler                           0x0000022b   Thumb Code     2  arm_startup_nrf52.o(.text)
    SysTick_Handler                          0x0000022d   Thumb Code     2  arm_startup_nrf52.o(.text)
    CCM_AAR_IRQHandler                       0x0000022f   Thumb Code     0  arm_startup_nrf52.o(.text)
    COMP_LPCOMP_IRQHandler                   0x0000022f   Thumb Code     0  arm_startup_nrf52.o(.text)
    ECB_IRQHandler                           0x0000022f   Thumb Code     0  arm_startup_nrf52.o(.text)
    FPU_IRQHandler                           0x0000022f   Thumb Code     0  arm_startup_nrf52.o(.text)
    I2S_IRQHandler                           0x0000022f   Thumb Code     0  arm_startup_nrf52.o(.text)
    MWU_IRQHandler                           0x0000022f   Thumb Code     0  arm_startup_nrf52.o(.text)
    NFCT_IRQHandler                          0x0000022f   Thumb Code     0  arm_startup_nrf52.o(.text)
    PDM_IRQHandler                           0x0000022f   Thumb Code     0  arm_startup_nrf52.o(.text)
    PWM0_IRQHandler                          0x0000022f   Thumb Code     0  arm_startup_nrf52.o(.text)
    PWM1_IRQHandler                          0x0000022f   Thumb Code     0  arm_startup_nrf52.o(.text)
    PWM2_IRQHandler                          0x0000022f   Thumb Code     0  arm_startup_nrf52.o(.text)
    QDEC_IRQHandler                          0x0000022f   Thumb Code     0  arm_startup_nrf52.o(.text)
    RADIO_IRQHandler                         0x0000022f   Thumb Code     0  arm_startup_nrf52.o(.text)
    RNG_IRQHandler                           0x0000022f   Thumb Code     0  arm_startup_nrf52.o(.text)
    RTC0_IRQHandler                          0x0000022f   Thumb Code     0  arm_startup_nrf52.o(.text)
    RTC2_IRQHandler                          0x0000022f   Thumb Code     0  arm_startup_nrf52.o(.text)
    SAADC_IRQHandler                         0x0000022f   Thumb Code     0  arm_startup_nrf52.o(.text)
    SPIM0_SPIS0_TWIM0_TWIS0_SPI0_TWI0_IRQHandler 0x0000022f   Thumb Code     0  arm_startup_nrf52.o(.text)
    SPIM1_SPIS1_TWIM1_TWIS1_SPI1_TWI1_IRQHandler 0x0000022f   Thumb Code     0  arm_startup_nrf52.o(.text)
    SPIM2_SPIS2_SPI2_IRQHandler              0x0000022f   Thumb Code     0  arm_startup_nrf52.o(.text)
    SWI1_EGU1_IRQHandler                     0x0000022f   Thumb Code     0  arm_startup_nrf52.o(.text)
    SWI3_EGU3_IRQHandler                     0x0000022f   Thumb Code     0  arm_startup_nrf52.o(.text)
    SWI4_EGU4_IRQHandler                     0x0000022f   Thumb Code     0  arm_startup_nrf52.o(.text)
    SWI5_EGU5_IRQHandler                     0x0000022f   Thumb Code     0  arm_startup_nrf52.o(.text)
    TEMP_IRQHandler                          0x0000022f   Thumb Code     0  arm_startup_nrf52.o(.text)
    TIMER0_IRQHandler                        0x0000022f   Thumb Code     0  arm_startup_nrf52.o(.text)
    TIMER1_IRQHandler                        0x0000022f   Thumb Code     0  arm_startup_nrf52.o(.text)
    TIMER2_IRQHandler                        0x0000022f   Thumb Code     0  arm_startup_nrf52.o(.text)
    TIMER3_IRQHandler                        0x0000022f   Thumb Code     0  arm_startup_nrf52.o(.text)
    TIMER4_IRQHandler                        0x0000022f   Thumb Code     0  arm_startup_nrf52.o(.text)
    WDT_IRQHandler                           0x0000022f   Thumb Code     0  arm_startup_nrf52.o(.text)
    __aeabi_uldivmod                         0x00000239   Thumb Code    98  uldiv.o(.text)
    __aeabi_memcpy                           0x0000029b   Thumb Code    36  memcpya.o(.text)
    __aeabi_memcpy4                          0x0000029b   Thumb Code     0  memcpya.o(.text)
    __aeabi_memcpy8                          0x0000029b   Thumb Code     0  memcpya.o(.text)
    __aeabi_memset                           0x000002bf   Thumb Code    14  memseta.o(.text)
    __aeabi_memset4                          0x000002bf   Thumb Code     0  memseta.o(.text)
    __aeabi_memset8                          0x000002bf   Thumb Code     0  memseta.o(.text)
    __aeabi_memclr                           0x000002cd   Thumb Code     4  memseta.o(.text)
    __aeabi_memclr4                          0x000002cd   Thumb Code     0  memseta.o(.text)
    __aeabi_memclr8                          0x000002cd   Thumb Code     0  memseta.o(.text)
    _memset$wrapper                          0x000002d1   Thumb Code    18  memseta.o(.text)
    memcmp                                   0x000002e3   Thumb Code    26  memcmp.o(.text)
    __aeabi_llsl                             0x000002fd   Thumb Code    30  llshl.o(.text)
    _ll_shift_l                              0x000002fd   Thumb Code     0  llshl.o(.text)
    __aeabi_llsr                             0x0000031b   Thumb Code    32  llushr.o(.text)
    _ll_ushift_r                             0x0000031b   Thumb Code     0  llushr.o(.text)
    __scatterload                            0x0000033d   Thumb Code    28  init.o(.text)
    __scatterload_rt2                        0x0000033d   Thumb Code     0  init.o(.text)
    GPIOTE_IRQHandler                        0x00000361   Thumb Code   362  nrf_drv_gpiote.o(i.GPIOTE_IRQHandler)
    POWER_CLOCK_IRQHandler                   0x00000565   Thumb Code    84  nrf_drv_clock.o(i.POWER_CLOCK_IRQHandler)
    RTC1_IRQHandler                          0x000005bd   Thumb Code    32  app_timer.o(i.RTC1_IRQHandler)
    SWI0_EGU0_IRQHandler                     0x000005e1   Thumb Code     4  app_timer.o(i.SWI0_EGU0_IRQHandler)
    SWI2_EGU2_IRQHandler                     0x000005e5   Thumb Code    32  softdevice_handler.o(i.SWI2_EGU2_IRQHandler)
    SystemInit                               0x00000609   Thumb Code   700  system_nrf52.o(i.SystemInit)
    UARTE0_UART0_IRQHandler                  0x00000905   Thumb Code    20  nrf_drv_uart.o(i.UARTE0_UART0_IRQHandler)
    __scatterload_copy                       0x00000921   Thumb Code    14  handlers.o(i.__scatterload_copy)
    __scatterload_null                       0x0000092f   Thumb Code     2  handlers.o(i.__scatterload_null)
    __scatterload_zeroinit                   0x00000931   Thumb Code    14  handlers.o(i.__scatterload_zeroinit)
    addr_compare                             0x00000965   Thumb Code    38  id_manager.o(i.addr_compare)
    adv_data_encode                          0x0000098b   Thumb Code   386  ble_advdata.o(i.adv_data_encode)
    ah                                       0x00000bb9   Thumb Code    82  id_manager.o(i.ah)
    app_button_enable                        0x00000c11   Thumb Code    32  app_button.o(i.app_button_enable)
    app_button_init                          0x00000c35   Thumb Code    96  app_button.o(i.app_button_init)
    app_error_fault_handler                  0x00000ca5   Thumb Code    26  app_error_weak.o(i.app_error_fault_handler)
    app_error_handler_bare                   0x00000cc9   Thumb Code    22  app_error.o(i.app_error_handler_bare)
    app_timer_create                         0x00000ce1   Thumb Code    32  app_timer.o(i.app_timer_create)
    app_timer_init                           0x00000d05   Thumb Code    70  app_timer.o(i.app_timer_init)
    app_timer_start                          0x00000d59   Thumb Code   128  app_timer.o(i.app_timer_start)
    app_timer_stop                           0x00000de1   Thumb Code    26  app_timer.o(i.app_timer_stop)
    app_util_critical_region_enter           0x00000e01   Thumb Code    64  app_util_platform.o(i.app_util_critical_region_enter)
    app_util_critical_region_exit            0x00000e49   Thumb Code    46  app_util_platform.o(i.app_util_critical_region_exit)
    ble_advdata_set                          0x00000f1d   Thumb Code   104  ble_advdata.o(i.ble_advdata_set)
    ble_advertising_init                     0x00000f85   Thumb Code   280  ble_advertising.o(i.ble_advertising_init)
    ble_advertising_on_ble_evt               0x000010a5   Thumb Code    88  ble_advertising.o(i.ble_advertising_on_ble_evt)
    ble_advertising_on_sys_evt               0x00001101   Thumb Code    46  ble_advertising.o(i.ble_advertising_on_sys_evt)
    ble_advertising_restart_without_whitelist 0x00001135   Thumb Code    50  ble_advertising.o(i.ble_advertising_restart_without_whitelist)
    ble_advertising_start                    0x00001171   Thumb Code   252  ble_advertising.o(i.ble_advertising_start)
    ble_conn_params_init                     0x00001275   Thumb Code    72  ble_conn_params.o(i.ble_conn_params_init)
    ble_conn_params_on_ble_evt               0x000012cd   Thumb Code   120  ble_conn_params.o(i.ble_conn_params_on_ble_evt)
    ble_conn_state_conn_handles              0x00001351   Thumb Code    10  ble_conn_state.o(i.ble_conn_state_conn_handles)
    ble_conn_state_encrypted                 0x00001361   Thumb Code    12  ble_conn_state.o(i.ble_conn_state_encrypted)
    ble_conn_state_mitm_protected            0x00001371   Thumb Code    12  ble_conn_state.o(i.ble_conn_state_mitm_protected)
    ble_conn_state_on_ble_evt                0x00001381   Thumb Code   262  ble_conn_state.o(i.ble_conn_state_on_ble_evt)
    ble_conn_state_role                      0x0000148d   Thumb Code    42  ble_conn_state.o(i.ble_conn_state_role)
    ble_conn_state_user_flag_acquire         0x000014bd   Thumb Code    40  ble_conn_state.o(i.ble_conn_state_user_flag_acquire)
    ble_conn_state_user_flag_collection      0x000014e9   Thumb Code    22  ble_conn_state.o(i.ble_conn_state_user_flag_collection)
    ble_conn_state_user_flag_get             0x00001505   Thumb Code    38  ble_conn_state.o(i.ble_conn_state_user_flag_get)
    ble_conn_state_user_flag_set             0x00001531   Thumb Code    42  ble_conn_state.o(i.ble_conn_state_user_flag_set)
    ble_dfu_init                             0x000015c5   Thumb Code    88  ble_dfu.o(i.ble_dfu_init)
    ble_dfu_on_ble_evt                       0x00001621   Thumb Code   178  ble_dfu.o(i.ble_dfu_on_ble_evt)
    ble_srv_is_indication_enabled            0x00001715   Thumb Code     8  ble_srv_common.o(i.ble_srv_is_indication_enabled)
    ble_srv_is_notification_enabled          0x0000171d   Thumb Code     8  ble_srv_common.o(i.ble_srv_is_notification_enabled)
    bsp_board_button_idx_to_pin              0x00001849   Thumb Code     6  boards.o(i.bsp_board_button_idx_to_pin)
    bsp_board_button_state_get               0x00001855   Thumb Code    28  boards.o(i.bsp_board_button_state_get)
    bsp_board_led_invert                     0x00001875   Thumb Code    32  boards.o(i.bsp_board_led_invert)
    bsp_board_led_off                        0x00001899   Thumb Code    10  boards.o(i.bsp_board_led_off)
    bsp_board_led_on                         0x000018a9   Thumb Code    10  boards.o(i.bsp_board_led_on)
    bsp_board_led_state_get                  0x000018b9   Thumb Code    28  boards.o(i.bsp_board_led_state_get)
    bsp_board_leds_init                      0x000018d9   Thumb Code    38  boards.o(i.bsp_board_leds_init)
    bsp_board_leds_off                       0x00001905   Thumb Code    18  boards.o(i.bsp_board_leds_off)
    bsp_board_leds_on                        0x00001917   Thumb Code    18  boards.o(i.bsp_board_leds_on)
    bsp_board_pin_to_button_idx              0x00001929   Thumb Code    30  boards.o(i.bsp_board_pin_to_button_idx)
    bsp_btn_ble_init                         0x0000194d   Thumb Code    52  bsp_btn_ble.o(i.bsp_btn_ble_init)
    bsp_btn_ble_on_ble_evt                   0x00001985   Thumb Code   106  bsp_btn_ble.o(i.bsp_btn_ble_on_ble_evt)
    bsp_btn_ble_sleep_mode_prepare           0x000019f5   Thumb Code    30  bsp_btn_ble.o(i.bsp_btn_ble_sleep_mode_prepare)
    bsp_button_is_pressed                    0x00001aa5   Thumb Code     4  bsp.o(i.bsp_button_is_pressed)
    bsp_event_to_button_action_assign        0x00001aed   Thumb Code    64  bsp.o(i.bsp_event_to_button_action_assign)
    bsp_indication_set                       0x00001b31   Thumb Code    20  bsp.o(i.bsp_indication_set)
    bsp_init                                 0x00001b49   Thumb Code   126  bsp.o(i.bsp_init)
    bsp_wakeup_button_enable                 0x00001d95   Thumb Code    16  bsp.o(i.bsp_wakeup_button_enable)
    chunk_queue_next                         0x00001f1d   Thumb Code    20  fds.o(i.chunk_queue_next)
    fds_file_delete                          0x000024ad   Thumb Code    70  fds.o(i.fds_file_delete)
    fds_gc                                   0x000024f9   Thumb Code    58  fds.o(i.fds_gc)
    fds_init                                 0x0000253d   Thumb Code   130  fds.o(i.fds_init)
    fds_record_close                         0x000025c5   Thumb Code    54  fds.o(i.fds_record_close)
    fds_record_find                          0x00002601   Thumb Code    14  fds.o(i.fds_record_find)
    fds_record_find_by_key                   0x0000260f   Thumb Code    16  fds.o(i.fds_record_find_by_key)
    fds_record_find_in_file                  0x0000261f   Thumb Code    16  fds.o(i.fds_record_find_in_file)
    fds_record_id_from_desc                  0x0000262f   Thumb Code    16  fds.o(i.fds_record_id_from_desc)
    fds_record_open                          0x00002641   Thumb Code    60  fds.o(i.fds_record_open)
    fds_record_update                        0x00002681   Thumb Code    14  fds.o(i.fds_record_update)
    fds_record_write                         0x0000268f   Thumb Code     8  fds.o(i.fds_record_write)
    fds_record_write_reserved                0x00002697   Thumb Code    12  fds.o(i.fds_record_write_reserved)
    fds_register                             0x000026a5   Thumb Code    26  fds.o(i.fds_register)
    fds_reserve                              0x000026c9   Thumb Code    46  fds.o(i.fds_reserve)
    fds_reserve_cancel                       0x000026fd   Thumb Code    60  fds.o(i.fds_reserve_cancel)
    fs_erase                                 0x000027f1   Thumb Code   110  fstorage.o(i.fs_erase)
    fs_init                                  0x0000286d   Thumb Code   164  fstorage.o(i.fs_init)
    fs_queued_op_count_get                   0x0000291d   Thumb Code    16  fstorage.o(i.fs_queued_op_count_get)
    fs_store                                 0x00002931   Thumb Code   124  fstorage.o(i.fs_store)
    fs_sys_event_handler                     0x000029b1   Thumb Code    96  fstorage.o(i.fs_sys_event_handler)
    gcm_ble_evt_handler                      0x00002bf5   Thumb Code   232  gatt_cache_manager.o(i.gcm_ble_evt_handler)
    gcm_gscm_evt_handler                     0x00002ce1   Thumb Code   102  gatt_cache_manager.o(i.gcm_gscm_evt_handler)
    gcm_im_evt_handler                       0x00002d4d   Thumb Code    44  gatt_cache_manager.o(i.gcm_im_evt_handler)
    gcm_init                                 0x00002d7d   Thumb Code    66  gatt_cache_manager.o(i.gcm_init)
    gcm_local_database_has_changed           0x00002dc5   Thumb Code    78  gatt_cache_manager.o(i.gcm_local_database_has_changed)
    gcm_smd_evt_handler                      0x00002e19   Thumb Code    14  gatt_cache_manager.o(i.gcm_smd_evt_handler)
    get_connection_by_conn_handle            0x00002e29   Thumb Code    48  id_manager.o(i.get_connection_by_conn_handle)
    get_free_connection                      0x00002e61   Thumb Code    40  id_manager.o(i.get_free_connection)
    gscm_db_change_notification_done         0x00002ee9   Thumb Code    22  gatts_cache_manager.o(i.gscm_db_change_notification_done)
    gscm_init                                0x00002f05   Thumb Code    16  gatts_cache_manager.o(i.gscm_init)
    gscm_local_database_has_changed          0x00002f19   Thumb Code    22  gatts_cache_manager.o(i.gscm_local_database_has_changed)
    gscm_local_db_cache_apply                0x00002f35   Thumb Code   106  gatts_cache_manager.o(i.gscm_local_db_cache_apply)
    gscm_local_db_cache_update               0x00002f9f   Thumb Code   128  gatts_cache_manager.o(i.gscm_local_db_cache_update)
    gscm_pdb_evt_handler                     0x00003021   Thumb Code    78  gatts_cache_manager.o(i.gscm_pdb_evt_handler)
    gscm_service_changed_ind_needed          0x00003075   Thumb Code    26  gatts_cache_manager.o(i.gscm_service_changed_ind_needed)
    gscm_service_changed_ind_send            0x00003091   Thumb Code    40  gatts_cache_manager.o(i.gscm_service_changed_ind_send)
    im_address_resolve                       0x000030d3   Thumb Code    70  id_manager.o(i.im_address_resolve)
    im_ble_addr_get                          0x00003119   Thumb Code    42  id_manager.o(i.im_ble_addr_get)
    im_ble_evt_handler                       0x00003149   Thumb Code   174  id_manager.o(i.im_ble_evt_handler)
    im_conn_handle_get                       0x000031f9   Thumb Code    40  id_manager.o(i.im_conn_handle_get)
    im_init                                  0x00003225   Thumb Code    54  id_manager.o(i.im_init)
    im_is_duplicate_bonding_data             0x00003265   Thumb Code    52  id_manager.o(i.im_is_duplicate_bonding_data)
    im_master_id_is_valid                    0x00003299   Thumb Code    24  id_manager.o(i.im_master_id_is_valid)
    im_master_ids_compare                    0x000032b1   Thumb Code    42  id_manager.o(i.im_master_ids_compare)
    im_new_peer_id                           0x000032db   Thumb Code     4  id_manager.o(i.im_new_peer_id)
    im_pdb_evt_handler                       0x000032df   Thumb Code   114  id_manager.o(i.im_pdb_evt_handler)
    im_peer_free                             0x00003351   Thumb Code    38  id_manager.o(i.im_peer_free)
    im_peer_id_get_by_conn_handle            0x00003379   Thumb Code    28  id_manager.o(i.im_peer_id_get_by_conn_handle)
    im_peer_id_get_by_master_id              0x00003399   Thumb Code    60  id_manager.o(i.im_peer_id_get_by_master_id)
    intern_softdevice_events_execute         0x00003495   Thumb Code   114  softdevice_handler.o(i.intern_softdevice_events_execute)
    is_valid_irk                             0x00003529   Thumb Code    20  id_manager.o(i.is_valid_irk)
    main                                     0x00003ac1   Thumb Code   338  main.o(i.main)
    new_connection                           0x00003d45   Thumb Code    80  id_manager.o(i.new_connection)
    next_id_get                              0x00003d9d   Thumb Code    48  peer_id.o(i.next_id_get)
    nrf_ble_gatt_init                        0x00003ddd   Thumb Code    44  nrf_ble_gatt.o(i.nrf_ble_gatt_init)
    nrf_ble_gatt_on_ble_evt                  0x00003e09   Thumb Code   354  nrf_ble_gatt.o(i.nrf_ble_gatt_on_ble_evt)
    nrf_drv_clock_init                       0x0000401d   Thumb Code    64  nrf_drv_clock.o(i.nrf_drv_clock_init)
    nrf_drv_clock_on_sd_enable               0x00004065   Thumb Code    44  nrf_drv_clock.o(i.nrf_drv_clock_on_sd_enable)
    nrf_drv_clock_on_soc_event               0x00004095   Thumb Code    10  nrf_drv_clock.o(i.nrf_drv_clock_on_soc_event)
    nrf_drv_common_irq_enable                0x0000409f   Thumb Code    56  nrf_drv_common.o(i.nrf_drv_common_irq_enable)
    nrf_drv_gpiote_in_event_enable           0x000040d9   Thumb Code   156  nrf_drv_gpiote.o(i.nrf_drv_gpiote_in_event_enable)
    nrf_drv_gpiote_in_init                   0x0000417d   Thumb Code   172  nrf_drv_gpiote.o(i.nrf_drv_gpiote_in_init)
    nrf_drv_gpiote_in_is_set                 0x00004235   Thumb Code    20  nrf_drv_gpiote.o(i.nrf_drv_gpiote_in_is_set)
    nrf_drv_gpiote_init                      0x00004249   Thumb Code    84  nrf_drv_gpiote.o(i.nrf_drv_gpiote_init)
    nrf_drv_gpiote_is_init                   0x000042a5   Thumb Code    14  nrf_drv_gpiote.o(i.nrf_drv_gpiote_is_init)
    pdb_init                                 0x00004929   Thumb Code    66  peer_database.o(i.pdb_init)
    pdb_next_deleted_peer_id_get             0x00004979   Thumb Code     4  peer_database.o(i.pdb_next_deleted_peer_id_get)
    pdb_next_peer_id_get                     0x0000497d   Thumb Code     4  peer_database.o(i.pdb_next_peer_id_get)
    pdb_pds_evt_handler                      0x00004981   Thumb Code   294  peer_database.o(i.pdb_pds_evt_handler)
    pdb_peer_allocate                        0x00004ab1   Thumb Code     4  peer_database.o(i.pdb_peer_allocate)
    pdb_peer_data_ptr_get                    0x00004ab5   Thumb Code     6  peer_database.o(i.pdb_peer_data_ptr_get)
    pdb_peer_free                            0x00004abb   Thumb Code    68  peer_database.o(i.pdb_peer_free)
    pdb_raw_store                            0x00004aff   Thumb Code     8  peer_database.o(i.pdb_raw_store)
    pdb_write_buf_get                        0x00004b09   Thumb Code   260  peer_database.o(i.pdb_write_buf_get)
    pdb_write_buf_release                    0x00004c11   Thumb Code    40  peer_database.o(i.pdb_write_buf_release)
    pdb_write_buf_store                      0x00004c39   Thumb Code   188  peer_database.o(i.pdb_write_buf_store)
    pdb_write_buf_store_prepare              0x00004cfd   Thumb Code    98  peer_database.o(i.pdb_write_buf_store_prepare)
    pds_init                                 0x00004d71   Thumb Code    98  peer_data_storage.o(i.pds_init)
    pds_next_deleted_peer_id_get             0x00004ddd   Thumb Code     4  peer_data_storage.o(i.pds_next_deleted_peer_id_get)
    pds_next_peer_id_get                     0x00004de1   Thumb Code     4  peer_data_storage.o(i.pds_next_peer_id_get)
    pds_peer_data_iterate                    0x00004de5   Thumb Code    74  peer_data_storage.o(i.pds_peer_data_iterate)
    pds_peer_data_iterate_prepare            0x00004e35   Thumb Code    10  peer_data_storage.o(i.pds_peer_data_iterate_prepare)
    pds_peer_data_read                       0x00004e45   Thumb Code   104  peer_data_storage.o(i.pds_peer_data_read)
    pds_peer_data_store                      0x00004ead   Thumb Code   162  peer_data_storage.o(i.pds_peer_data_store)
    pds_peer_id_allocate                     0x00004f4f   Thumb Code     8  peer_data_storage.o(i.pds_peer_id_allocate)
    pds_peer_id_free                         0x00004f57   Thumb Code    22  peer_data_storage.o(i.pds_peer_id_free)
    pds_peer_id_is_allocated                 0x00004f6d   Thumb Code     4  peer_data_storage.o(i.pds_peer_id_is_allocated)
    pds_space_reserve                        0x00004f71   Thumb Code    46  peer_data_storage.o(i.pds_space_reserve)
    pds_space_reserve_cancel                 0x00004f9f   Thumb Code    16  peer_data_storage.o(i.pds_space_reserve_cancel)
    peer_id_allocate                         0x000050a1   Thumb Code     6  peer_id.o(i.peer_id_allocate)
    peer_id_delete                           0x000050ad   Thumb Code    32  peer_id.o(i.peer_id_delete)
    peer_id_free                             0x000050d1   Thumb Code    24  peer_id.o(i.peer_id_free)
    peer_id_get_next_deleted                 0x000050ed   Thumb Code     6  peer_id.o(i.peer_id_get_next_deleted)
    peer_id_get_next_used                    0x000050f9   Thumb Code    42  peer_id.o(i.peer_id_get_next_used)
    peer_id_init                             0x00005129   Thumb Code    36  peer_id.o(i.peer_id_init)
    peer_id_is_allocated                     0x00005151   Thumb Code    16  peer_id.o(i.peer_id_is_allocated)
    peer_id_is_deleted                       0x00005165   Thumb Code    16  peer_id.o(i.peer_id_is_deleted)
    pm_buffer_block_acquire                  0x00005231   Thumb Code    92  pm_buffer.o(i.pm_buffer_block_acquire)
    pm_buffer_init                           0x0000528d   Thumb Code    64  pm_buffer.o(i.pm_buffer_init)
    pm_buffer_ptr_get                        0x000052cd   Thumb Code    40  pm_buffer.o(i.pm_buffer_ptr_get)
    pm_buffer_release                        0x000052f5   Thumb Code    46  pm_buffer.o(i.pm_buffer_release)
    pm_conn_sec_config_reply                 0x00005323   Thumb Code     4  peer_manager.o(i.pm_conn_sec_config_reply)
    pm_gcm_evt_handler                       0x00005383   Thumb Code   136  peer_manager.o(i.pm_gcm_evt_handler)
    pm_im_evt_handler                        0x0000540d   Thumb Code    74  peer_manager.o(i.pm_im_evt_handler)
    pm_init                                  0x0000545d   Thumb Code    96  peer_manager.o(i.pm_init)
    pm_local_database_has_changed            0x000054c1   Thumb Code    14  peer_manager.o(i.pm_local_database_has_changed)
    pm_mutex_init                            0x000054d5   Thumb Code    14  pm_mutex.o(i.pm_mutex_init)
    pm_mutex_lock                            0x000054e3   Thumb Code    26  pm_mutex.o(i.pm_mutex_lock)
    pm_mutex_lock_first_available            0x000054fd   Thumb Code    54  pm_mutex.o(i.pm_mutex_lock_first_available)
    pm_mutex_lock_status_get                 0x00005533   Thumb Code    24  pm_mutex.o(i.pm_mutex_lock_status_get)
    pm_mutex_unlock                          0x0000554b   Thumb Code    58  pm_mutex.o(i.pm_mutex_unlock)
    pm_on_ble_evt                            0x00005585   Thumb Code    36  peer_manager.o(i.pm_on_ble_evt)
    pm_pdb_evt_handler                       0x000055ad   Thumb Code   338  peer_manager.o(i.pm_pdb_evt_handler)
    pm_peer_delete                           0x00005705   Thumb Code    14  peer_manager.o(i.pm_peer_delete)
    pm_peers_delete                          0x00005719   Thumb Code    98  peer_manager.o(i.pm_peers_delete)
    pm_register                              0x00005781   Thumb Code    34  peer_manager.o(i.pm_register)
    pm_sec_params_set                        0x000057ad   Thumb Code    14  peer_manager.o(i.pm_sec_params_set)
    pm_sm_evt_handler                        0x000057c1   Thumb Code   346  peer_manager.o(i.pm_sm_evt_handler)
    sdk_mapped_flags_bulk_update_by_key      0x00005e09   Thumb Code    68  sdk_mapped_flags.o(i.sdk_mapped_flags_bulk_update_by_key)
    sdk_mapped_flags_first_key_index_get     0x00005e4d   Thumb Code    34  sdk_mapped_flags.o(i.sdk_mapped_flags_first_key_index_get)
    sdk_mapped_flags_get_by_key              0x00005e7f   Thumb Code    38  sdk_mapped_flags.o(i.sdk_mapped_flags_get_by_key)
    sdk_mapped_flags_key_list_get            0x00005ea5   Thumb Code    74  sdk_mapped_flags.o(i.sdk_mapped_flags_key_list_get)
    sdk_mapped_flags_update_by_key           0x00005eef   Thumb Code    14  sdk_mapped_flags.o(i.sdk_mapped_flags_update_by_key)
    sm_ble_evt_handler                       0x00006351   Thumb Code    18  security_manager.o(i.sm_ble_evt_handler)
    sm_conn_sec_config_reply                 0x00006369   Thumb Code    18  security_manager.o(i.sm_conn_sec_config_reply)
    sm_init                                  0x00006381   Thumb Code    76  security_manager.o(i.sm_init)
    sm_pdb_evt_handler                       0x000063d1   Thumb Code    52  security_manager.o(i.sm_pdb_evt_handler)
    sm_sec_params_set                        0x00006409   Thumb Code    38  security_manager.o(i.sm_sec_params_set)
    sm_smd_evt_handler                       0x00006435   Thumb Code   116  security_manager.o(i.sm_smd_evt_handler)
    smd_ble_evt_handler                      0x000064ad   Thumb Code   226  security_dispatcher.o(i.smd_ble_evt_handler)
    smd_init                                 0x00006599   Thumb Code    56  security_dispatcher.o(i.smd_init)
    smd_link_secure                          0x000065d5   Thumb Code    48  security_dispatcher.o(i.smd_link_secure)
    smd_params_reply                         0x00006605   Thumb Code   276  security_dispatcher.o(i.smd_params_reply)
    smd_pdb_evt_handler                      0x000067a5   Thumb Code    48  security_dispatcher.o(i.smd_pdb_evt_handler)
    softdevice_app_ram_start_get             0x000067d9   Thumb Code    14  softdevice_handler.o(i.softdevice_app_ram_start_get)
    softdevice_ble_evt_handler_set           0x000067ed   Thumb Code    14  softdevice_handler.o(i.softdevice_ble_evt_handler_set)
    softdevice_enable                        0x00006801   Thumb Code    12  softdevice_handler.o(i.softdevice_enable)
    softdevice_fault_handler                 0x0000680d   Thumb Code     4  softdevice_handler.o(i.softdevice_fault_handler)
    softdevice_handler_init                  0x00006811   Thumb Code    92  softdevice_handler.o(i.softdevice_handler_init)
    softdevice_handler_is_enabled            0x00006875   Thumb Code     6  softdevice_handler.o(i.softdevice_handler_is_enabled)
    softdevice_sys_evt_handler_set           0x00006881   Thumb Code    14  softdevice_handler.o(i.softdevice_sys_evt_handler_set)
    Region$$Table$$Base                      0x0000728c   Number         0  anon$$obj.o(Region$$Table)
    Region$$Table$$Limit                     0x000072ac   Number         0  anon$$obj.o(Region$$Table)
    Image$$RW_IRAM1$$Base                    0x20000000   Number         0  anon$$obj.o ABSOLUTE
    SystemCoreClock                          0x20000108   Data           4  system_nrf52.o(.data)
    fs_data$$Base                            0x2000010c   Number         0  fds.o(fs_data)
    fs_data$$Limit                           0x2000011c   Number         0  fds.o(fs_data)
    nrf_nvic_state                           0x20000a28   Data          12  app_util_platform.o(.bss)
    __initial_sp                             0x20002bb8   Data           0  arm_startup_nrf52.o(STACK)



==============================================================================

Memory Map of the image

  Image Entry point : 0x00000201

  Load Region LR_IROM1 (Base: 0x00000000, Size: 0x000073c8, Max: 0x00080000, ABSOLUTE)

    Execution Region ER_IROM1 (Base: 0x00000000, Size: 0x000072ac, Max: 0x00080000, ABSOLUTE)

    Base Addr    Size         Type   Attr      Idx    E Section Name        Object

    0x00000000   0x00000200   Data   RO         4638    RESET               arm_startup_nrf52.o
    0x00000200   0x00000000   Code   RO         4679  * .ARM.Collect$$$$00000000  mc_w.l(entry.o)
    0x00000200   0x00000004   Code   RO         4696    .ARM.Collect$$$$00000001  mc_w.l(entry2.o)
    0x00000204   0x00000004   Code   RO         4699    .ARM.Collect$$$$00000004  mc_w.l(entry5.o)
    0x00000208   0x00000000   Code   RO         4701    .ARM.Collect$$$$00000008  mc_w.l(entry7b.o)
    0x00000208   0x00000000   Code   RO         4703    .ARM.Collect$$$$0000000A  mc_w.l(entry8b.o)
    0x00000208   0x00000008   Code   RO         4704    .ARM.Collect$$$$0000000B  mc_w.l(entry9a.o)
    0x00000210   0x00000000   Code   RO         4706    .ARM.Collect$$$$0000000D  mc_w.l(entry10a.o)
    0x00000210   0x00000000   Code   RO         4708    .ARM.Collect$$$$0000000F  mc_w.l(entry11a.o)
    0x00000210   0x00000004   Code   RO         4697    .ARM.Collect$$$$00002712  mc_w.l(entry2.o)
    0x00000214   0x00000024   Code   RO         4639    .text               arm_startup_nrf52.o
    0x00000238   0x00000062   Code   RO         4682    .text               mc_w.l(uldiv.o)
    0x0000029a   0x00000024   Code   RO         4684    .text               mc_w.l(memcpya.o)
    0x000002be   0x00000024   Code   RO         4686    .text               mc_w.l(memseta.o)
    0x000002e2   0x0000001a   Code   RO         4690    .text               mc_w.l(memcmp.o)
    0x000002fc   0x0000001e   Code   RO         4710    .text               mc_w.l(llshl.o)
    0x0000031a   0x00000020   Code   RO         4712    .text               mc_w.l(llushr.o)
    0x0000033a   0x00000002   PAD
    0x0000033c   0x00000024   Code   RO         4714    .text               mc_w.l(init.o)
    0x00000360   0x00000174   Code   RO         2836    i.GPIOTE_IRQHandler  nrf_drv_gpiote.o
    0x000004d4   0x00000016   Code   RO         3501    i.NVIC_ClearPendingIRQ  app_timer.o
    0x000004ea   0x00000016   Code   RO         4497    i.NVIC_DisableIRQ   softdevice_handler.o
    0x00000500   0x00000016   Code   RO         3502    i.NVIC_EnableIRQ    app_timer.o
    0x00000516   0x00000016   Code   RO         4498    i.NVIC_EnableIRQ    softdevice_handler.o
    0x0000052c   0x00000016   Code   RO         3503    i.NVIC_SetPendingIRQ  app_timer.o
    0x00000542   0x00000020   Code   RO         3504    i.NVIC_SetPriority  app_timer.o
    0x00000562   0x00000002   PAD
    0x00000564   0x00000058   Code   RO         2619    i.POWER_CLOCK_IRQHandler  nrf_drv_clock.o
    0x000005bc   0x00000024   Code   RO         3505    i.RTC1_IRQHandler   app_timer.o
    0x000005e0   0x00000004   Code   RO         3506    i.SWI0_EGU0_IRQHandler  app_timer.o
    0x000005e4   0x00000024   Code   RO         4499    i.SWI2_EGU2_IRQHandler  softdevice_handler.o
    0x00000608   0x000002fc   Code   RO         4647    i.SystemInit        system_nrf52.o
    0x00000904   0x0000001c   Code   RO         3079    i.UARTE0_UART0_IRQHandler  nrf_drv_uart.o
    0x00000920   0x0000000e   Code   RO         4718    i.__scatterload_copy  mc_w.l(handlers.o)
    0x0000092e   0x00000002   Code   RO         4719    i.__scatterload_null  mc_w.l(handlers.o)
    0x00000930   0x0000000e   Code   RO         4720    i.__scatterload_zeroinit  mc_w.l(handlers.o)
    0x0000093e   0x00000002   PAD
    0x00000940   0x00000024   Code   RO         4500    i.__sd_nvic_app_accessible_irq  softdevice_handler.o
    0x00000964   0x00000026   Code   RO         1340    i.addr_compare      id_manager.o
    0x0000098a   0x00000182   Code   RO          675    i.adv_data_encode   ble_advdata.o
    0x00000b0c   0x00000058   Code   RO          752    i.adv_mode_next_avail_get  ble_advertising.o
    0x00000b64   0x00000036   Code   RO          581    i.advertising_buttons_configure  bsp_btn_ble.o
    0x00000b9a   0x0000001e   Code   RO            4    i.advertising_start  main.o
    0x00000bb8   0x00000052   Code   RO         1341    i.ah                id_manager.o
    0x00000c0a   0x00000006   Code   RO          461    i.alert_timer_handler  bsp.o
    0x00000c10   0x00000024   Code   RO         3318    i.app_button_enable  app_button.o
    0x00000c34   0x00000070   Code   RO         3319    i.app_button_init   app_button.o
    0x00000ca4   0x00000024   Code   RO         3422    i.app_error_fault_handler  app_error_weak.o
    0x00000cc8   0x00000016   Code   RO         3380    i.app_error_handler_bare  app_error.o
    0x00000cde   0x00000002   PAD
    0x00000ce0   0x00000024   Code   RO         3509    i.app_timer_create  app_timer.o
    0x00000d04   0x00000054   Code   RO         3510    i.app_timer_init    app_timer.o
    0x00000d58   0x00000088   Code   RO         3513    i.app_timer_start   app_timer.o
    0x00000de0   0x00000020   Code   RO         3514    i.app_timer_stop    app_timer.o
    0x00000e00   0x00000048   Code   RO         3670    i.app_util_critical_region_enter  app_util_platform.o
    0x00000e48   0x00000034   Code   RO         3671    i.app_util_critical_region_exit  app_util_platform.o
    0x00000e7c   0x000000a0   Code   RO         2378    i.auth_status_success_process  security_dispatcher.o
    0x00000f1c   0x00000068   Code   RO          676    i.ble_advdata_set   ble_advdata.o
    0x00000f84   0x00000120   Code   RO          754    i.ble_advertising_init  ble_advertising.o
    0x000010a4   0x0000005c   Code   RO          755    i.ble_advertising_on_ble_evt  ble_advertising.o
    0x00001100   0x00000034   Code   RO          756    i.ble_advertising_on_sys_evt  ble_advertising.o
    0x00001134   0x0000003c   Code   RO          758    i.ble_advertising_restart_without_whitelist  ble_advertising.o
    0x00001170   0x00000104   Code   RO          759    i.ble_advertising_start  ble_advertising.o
    0x00001274   0x00000058   Code   RO          840    i.ble_conn_params_init  ble_conn_params.o
    0x000012cc   0x00000084   Code   RO          841    i.ble_conn_params_on_ble_evt  ble_conn_params.o
    0x00001350   0x00000010   Code   RO          910    i.ble_conn_state_conn_handles  ble_conn_state.o
    0x00001360   0x00000010   Code   RO          911    i.ble_conn_state_encrypted  ble_conn_state.o
    0x00001370   0x00000010   Code   RO          913    i.ble_conn_state_mitm_protected  ble_conn_state.o
    0x00001380   0x0000010c   Code   RO          917    i.ble_conn_state_on_ble_evt  ble_conn_state.o
    0x0000148c   0x00000030   Code   RO          919    i.ble_conn_state_role  ble_conn_state.o
    0x000014bc   0x0000002c   Code   RO          921    i.ble_conn_state_user_flag_acquire  ble_conn_state.o
    0x000014e8   0x0000001c   Code   RO          922    i.ble_conn_state_user_flag_collection  ble_conn_state.o
    0x00001504   0x0000002c   Code   RO          923    i.ble_conn_state_user_flag_get  ble_conn_state.o
    0x00001530   0x00000030   Code   RO          924    i.ble_conn_state_user_flag_set  ble_conn_state.o
    0x00001560   0x00000060   Code   RO          677    i.ble_device_addr_encode  ble_advdata.o
    0x000015c0   0x00000002   Code   RO            6    i.ble_dfu_evt_handler  main.o
    0x000015c2   0x00000002   PAD
    0x000015c4   0x0000005c   Code   RO         1041    i.ble_dfu_init      ble_dfu.o
    0x00001620   0x000000b2   Code   RO         1042    i.ble_dfu_on_ble_evt  ble_dfu.o
    0x000016d2   0x00000002   PAD
    0x000016d4   0x00000040   Code   RO            7    i.ble_evt_dispatch  main.o
    0x00001714   0x00000008   Code   RO         1092    i.ble_srv_is_indication_enabled  ble_srv_common.o
    0x0000171c   0x00000008   Code   RO         1093    i.ble_srv_is_notification_enabled  ble_srv_common.o
    0x00001724   0x000000a0   Code   RO            8    i.ble_stack_init    main.o
    0x000017c4   0x00000084   Code   RO         1043    i.bootloader_start  ble_dfu.o
    0x00001848   0x0000000c   Code   RO          345    i.bsp_board_button_idx_to_pin  boards.o
    0x00001854   0x00000020   Code   RO          346    i.bsp_board_button_state_get  boards.o
    0x00001874   0x00000024   Code   RO          349    i.bsp_board_led_invert  boards.o
    0x00001898   0x00000010   Code   RO          350    i.bsp_board_led_off  boards.o
    0x000018a8   0x00000010   Code   RO          351    i.bsp_board_led_on  boards.o
    0x000018b8   0x00000020   Code   RO          352    i.bsp_board_led_state_get  boards.o
    0x000018d8   0x0000002c   Code   RO          353    i.bsp_board_leds_init  boards.o
    0x00001904   0x00000012   Code   RO          354    i.bsp_board_leds_off  boards.o
    0x00001916   0x00000012   Code   RO          355    i.bsp_board_leds_on  boards.o
    0x00001928   0x00000024   Code   RO          356    i.bsp_board_pin_to_button_idx  boards.o
    0x0000194c   0x00000038   Code   RO          582    i.bsp_btn_ble_init  bsp_btn_ble.o
    0x00001984   0x00000070   Code   RO          583    i.bsp_btn_ble_on_ble_evt  bsp_btn_ble.o
    0x000019f4   0x0000001e   Code   RO          584    i.bsp_btn_ble_sleep_mode_prepare  bsp_btn_ble.o
    0x00001a12   0x00000002   PAD
    0x00001a14   0x00000090   Code   RO          462    i.bsp_button_event_handler  bsp.o
    0x00001aa4   0x00000004   Code   RO          463    i.bsp_button_is_pressed  bsp.o
    0x00001aa8   0x00000044   Code   RO            9    i.bsp_event_handler  main.o
    0x00001aec   0x00000044   Code   RO          466    i.bsp_event_to_button_action_assign  bsp.o
    0x00001b30   0x00000018   Code   RO          467    i.bsp_indication_set  bsp.o
    0x00001b48   0x00000094   Code   RO          468    i.bsp_init          bsp.o
    0x00001bdc   0x000001b8   Code   RO          469    i.bsp_led_indication  bsp.o
    0x00001d94   0x00000010   Code   RO          471    i.bsp_wakeup_button_enable  bsp.o
    0x00001da4   0x00000008   Code   RO          472    i.button_timer_handler  bsp.o
    0x00001dac   0x000000da   Code   RO         1044    i.buttonless_char_pt_add  ble_dfu.o
    0x00001e86   0x00000002   PAD
    0x00001e88   0x0000001c   Code   RO         2837    i.channel_free      nrf_drv_gpiote.o
    0x00001ea4   0x00000048   Code   RO         2838    i.channel_port_alloc  nrf_drv_gpiote.o
    0x00001eec   0x00000010   Code   RO         2839    i.channel_port_get  nrf_drv_gpiote.o
    0x00001efc   0x00000020   Code   RO         4071    i.check_config      fstorage.o
    0x00001f1c   0x00000018   Code   RO         3765    i.chunk_queue_next  fds.o
    0x00001f34   0x00000038   Code   RO         1926    i.claim             peer_id.o
    0x00001f6c   0x00000028   Code   RO         2620    i.clock_clk_started_notify  nrf_drv_clock.o
    0x00001f94   0x000000ac   Code   RO         3516    i.compare_reg_update  app_timer.o
    0x00002040   0x00000088   Code   RO          678    i.conn_int_encode   ble_advdata.o
    0x000020c8   0x00000004   Code   RO           10    i.conn_params_error_handler  main.o
    0x000020cc   0x0000005c   Code   RO          843    i.conn_params_negotiation  ble_conn_params.o
    0x00002128   0x00000080   Code   RO         3766    i.delete_execute    fds.o
    0x000021a8   0x00000060   Code   RO         3321    i.detection_delay_timeout_handler  app_button.o
    0x00002208   0x00000040   Code   RO         3517    i.elapsed_ticks_acquire  app_timer.o
    0x00002248   0x00000030   Code   RO         2379    i.encryption_failure  security_dispatcher.o
    0x00002278   0x0000006a   Code   RO         3767    i.event_prepare     fds.o
    0x000022e2   0x00000002   PAD
    0x000022e4   0x00000020   Code   RO         3768    i.event_send        fds.o
    0x00002304   0x00000034   Code   RO         2493    i.events_send_from_err_code  security_manager.o
    0x00002338   0x0000000c   Code   RO         1150    i.evt_send          gatt_cache_manager.o
    0x00002344   0x0000001c   Code   RO         1342    i.evt_send          id_manager.o
    0x00002360   0x0000002c   Code   RO         2016    i.evt_send          peer_manager.o
    0x0000238c   0x0000001c   Code   RO         2380    i.evt_send          security_dispatcher.o
    0x000023a8   0x0000000c   Code   RO         2494    i.evt_send          security_manager.o
    0x000023b4   0x000000f8   Code   RO         1619    i.fds_evt_handler   peer_data_storage.o
    0x000024ac   0x0000004c   Code   RO         3770    i.fds_file_delete   fds.o
    0x000024f8   0x00000044   Code   RO         3771    i.fds_gc            fds.o
    0x0000253c   0x00000088   Code   RO         3772    i.fds_init          fds.o
    0x000025c4   0x0000003c   Code   RO         3773    i.fds_record_close  fds.o
    0x00002600   0x0000000e   Code   RO         3775    i.fds_record_find   fds.o
    0x0000260e   0x00000010   Code   RO         3776    i.fds_record_find_by_key  fds.o
    0x0000261e   0x00000010   Code   RO         3777    i.fds_record_find_in_file  fds.o
    0x0000262e   0x00000010   Code   RO         3778    i.fds_record_id_from_desc  fds.o
    0x0000263e   0x00000002   PAD
    0x00002640   0x00000040   Code   RO         3780    i.fds_record_open   fds.o
    0x00002680   0x0000000e   Code   RO         3781    i.fds_record_update  fds.o
    0x0000268e   0x00000008   Code   RO         3782    i.fds_record_write  fds.o
    0x00002696   0x0000000c   Code   RO         3783    i.fds_record_write_reserved  fds.o
    0x000026a2   0x00000002   PAD
    0x000026a4   0x00000024   Code   RO         3784    i.fds_register      fds.o
    0x000026c8   0x00000034   Code   RO         3785    i.fds_reserve       fds.o
    0x000026fc   0x00000044   Code   RO         3786    i.fds_reserve_cancel  fds.o
    0x00002740   0x00000014   Code   RO         1620    i.file_id_within_pm_range  peer_data_storage.o
    0x00002754   0x00000010   Code   RO         3788    i.flag_clear        fds.o
    0x00002764   0x00000012   Code   RO         2381    i.flag_id_init      security_dispatcher.o
    0x00002776   0x00000012   Code   RO         2495    i.flag_id_init      security_manager.o
    0x00002788   0x00000010   Code   RO         3789    i.flag_set          fds.o
    0x00002798   0x00000058   Code   RO         2496    i.flags_set_from_err_code  security_manager.o
    0x000027f0   0x00000074   Code   RO         4072    i.fs_erase          fstorage.o
    0x00002864   0x00000006   Code   RO         3790    i.fs_event_handler  fds.o
    0x0000286a   0x00000002   PAD
    0x0000286c   0x000000b0   Code   RO         4074    i.fs_init           fstorage.o
    0x0000291c   0x00000014   Code   RO         4077    i.fs_queued_op_count_get  fstorage.o
    0x00002930   0x00000080   Code   RO         4078    i.fs_store          fstorage.o
    0x000029b0   0x00000068   Code   RO         4079    i.fs_sys_event_handler  fstorage.o
    0x00002a18   0x00000070   Code   RO         3791    i.gc_execute        fds.o
    0x00002a88   0x00000048   Code   RO         3792    i.gc_next_page      fds.o
    0x00002ad0   0x0000004c   Code   RO         3793    i.gc_page_erase     fds.o
    0x00002b1c   0x00000034   Code   RO         3794    i.gc_record_copy    fds.o
    0x00002b50   0x00000024   Code   RO         3795    i.gc_record_find_next  fds.o
    0x00002b74   0x00000080   Code   RO         3796    i.gc_state_advance  fds.o
    0x00002bf4   0x000000ec   Code   RO         1151    i.gcm_ble_evt_handler  gatt_cache_manager.o
    0x00002ce0   0x0000006c   Code   RO         1152    i.gcm_gscm_evt_handler  gatt_cache_manager.o
    0x00002d4c   0x00000030   Code   RO         1153    i.gcm_im_evt_handler  gatt_cache_manager.o
    0x00002d7c   0x00000048   Code   RO         1154    i.gcm_init          gatt_cache_manager.o
    0x00002dc4   0x00000054   Code   RO         1155    i.gcm_local_database_has_changed  gatt_cache_manager.o
    0x00002e18   0x0000000e   Code   RO         1158    i.gcm_smd_evt_handler  gatt_cache_manager.o
    0x00002e26   0x00000002   PAD
    0x00002e28   0x00000038   Code   RO         1343    i.get_connection_by_conn_handle  id_manager.o
    0x00002e60   0x00000030   Code   RO         1344    i.get_free_connection  id_manager.o
    0x00002e90   0x00000058   Code   RO         3322    i.gpiote_event_handler  app_button.o
    0x00002ee8   0x0000001c   Code   RO         1258    i.gscm_db_change_notification_done  gatts_cache_manager.o
    0x00002f04   0x00000014   Code   RO         1259    i.gscm_init         gatts_cache_manager.o
    0x00002f18   0x0000001c   Code   RO         1260    i.gscm_local_database_has_changed  gatts_cache_manager.o
    0x00002f34   0x0000006a   Code   RO         1261    i.gscm_local_db_cache_apply  gatts_cache_manager.o
    0x00002f9e   0x00000080   Code   RO         1263    i.gscm_local_db_cache_update  gatts_cache_manager.o
    0x0000301e   0x00000002   PAD
    0x00003020   0x00000054   Code   RO         1264    i.gscm_pdb_evt_handler  gatts_cache_manager.o
    0x00003074   0x0000001a   Code   RO         1265    i.gscm_service_changed_ind_needed  gatts_cache_manager.o
    0x0000308e   0x00000002   PAD
    0x00003090   0x0000002c   Code   RO         1266    i.gscm_service_changed_ind_send  gatts_cache_manager.o
    0x000030bc   0x00000016   Code   RO         3797    i.header_is_valid   fds.o
    0x000030d2   0x00000046   Code   RO         1345    i.im_address_resolve  id_manager.o
    0x00003118   0x00000030   Code   RO         1346    i.im_ble_addr_get   id_manager.o
    0x00003148   0x000000ae   Code   RO         1347    i.im_ble_evt_handler  id_manager.o
    0x000031f6   0x00000002   PAD
    0x000031f8   0x0000002c   Code   RO         1348    i.im_conn_handle_get  id_manager.o
    0x00003224   0x00000040   Code   RO         1352    i.im_init           id_manager.o
    0x00003264   0x00000034   Code   RO         1353    i.im_is_duplicate_bonding_data  id_manager.o
    0x00003298   0x00000018   Code   RO         1354    i.im_master_id_is_valid  id_manager.o
    0x000032b0   0x0000002a   Code   RO         1355    i.im_master_ids_compare  id_manager.o
    0x000032da   0x00000004   Code   RO         1356    i.im_new_peer_id    id_manager.o
    0x000032de   0x00000072   Code   RO         1357    i.im_pdb_evt_handler  id_manager.o
    0x00003350   0x00000026   Code   RO         1358    i.im_peer_free      id_manager.o
    0x00003376   0x00000002   PAD
    0x00003378   0x00000020   Code   RO         1359    i.im_peer_id_get_by_conn_handle  id_manager.o
    0x00003398   0x0000003c   Code   RO         1360    i.im_peer_id_get_by_master_id  id_manager.o
    0x000033d4   0x000000c0   Code   RO         3798    i.init_execute      fds.o
    0x00003494   0x00000078   Code   RO         4501    i.intern_softdevice_events_execute  softdevice_handler.o
    0x0000350c   0x0000001c   Code   RO          844    i.is_conn_params_ok  ble_conn_params.o
    0x00003528   0x00000014   Code   RO         1365    i.is_valid_irk      id_manager.o
    0x0000353c   0x0000000c   Code   RO         3799    i.is_word_aligned   fds.o
    0x00003548   0x00000030   Code   RO          473    i.leds_off          bsp.o
    0x00003578   0x00000014   Code   RO          474    i.leds_timer_handler  bsp.o
    0x0000358c   0x00000014   Code   RO         1533    i.link_init         nrf_ble_gatt.o
    0x000035a0   0x00000098   Code   RO         2497    i.link_secure       security_manager.o
    0x00003638   0x00000086   Code   RO         2382    i.link_secure_central  security_dispatcher.o
    0x000036be   0x000000c8   Code   RO         2383    i.link_secure_central_existing_peer  security_dispatcher.o
    0x00003786   0x0000006c   Code   RO         2384    i.link_secure_central_new_peer  security_dispatcher.o
    0x000037f2   0x00000002   PAD
    0x000037f4   0x00000058   Code   RO         2385    i.link_secure_failure  security_dispatcher.o
    0x0000384c   0x0000005c   Code   RO         2498    i.link_secure_pending_process  security_manager.o
    0x000038a8   0x000000f8   Code   RO         3518    i.list_insertions_handler  app_timer.o
    0x000039a0   0x00000074   Code   RO         1159    i.local_db_apply_in_evt  gatt_cache_manager.o
    0x00003a14   0x00000078   Code   RO         1160    i.local_db_update_in_evt  gatt_cache_manager.o
    0x00003a8c   0x00000032   Code   RO         2325    i.lock_by_mask      pm_mutex.o
    0x00003abe   0x00000002   PAD
    0x00003ac0   0x00000184   Code   RO           11    i.main              main.o
    0x00003c44   0x00000064   Code   RO          679    i.manuf_specific_data_encode  ble_advdata.o
    0x00003ca8   0x0000009c   Code   RO          680    i.name_encode       ble_advdata.o
    0x00003d44   0x00000058   Code   RO         1366    i.new_connection    id_manager.o
    0x00003d9c   0x00000030   Code   RO         1927    i.next_id_get       peer_id.o
    0x00003dcc   0x00000010   Code   RO         2840    i.nrf_bitmask_bit_is_set  nrf_drv_gpiote.o
    0x00003ddc   0x0000002c   Code   RO         1539    i.nrf_ble_gatt_init  nrf_ble_gatt.o
    0x00003e08   0x00000168   Code   RO         1540    i.nrf_ble_gatt_on_ble_evt  nrf_ble_gatt.o
    0x00003f70   0x0000000e   Code   RO         2624    i.nrf_clock_event_check  nrf_drv_clock.o
    0x00003f7e   0x00000010   Code   RO         2625    i.nrf_clock_event_clear  nrf_drv_clock.o
    0x00003f8e   0x00000002   PAD
    0x00003f90   0x0000008c   Code   RO         3519    i.nrf_delay_us      app_timer.o
    0x0000401c   0x00000048   Code   RO         2632    i.nrf_drv_clock_init  nrf_drv_clock.o
    0x00004064   0x00000030   Code   RO         2639    i.nrf_drv_clock_on_sd_enable  nrf_drv_clock.o
    0x00004094   0x0000000a   Code   RO         2640    i.nrf_drv_clock_on_soc_event  nrf_drv_clock.o
    0x0000409e   0x00000038   Code   RO         2790    i.nrf_drv_common_irq_enable  nrf_drv_common.o
    0x000040d6   0x00000002   PAD
    0x000040d8   0x000000a4   Code   RO         2845    i.nrf_drv_gpiote_in_event_enable  nrf_drv_gpiote.o
    0x0000417c   0x000000b8   Code   RO         2846    i.nrf_drv_gpiote_in_init  nrf_drv_gpiote.o
    0x00004234   0x00000014   Code   RO         2847    i.nrf_drv_gpiote_in_is_set  nrf_drv_gpiote.o
    0x00004248   0x0000005c   Code   RO         2849    i.nrf_drv_gpiote_init  nrf_drv_gpiote.o
    0x000042a4   0x00000014   Code   RO         2850    i.nrf_drv_gpiote_is_init  nrf_drv_gpiote.o
    0x000042b8   0x00000024   Code   RO          358    i.nrf_gpio_cfg      boards.o
    0x000042dc   0x00000024   Code   RO         2864    i.nrf_gpio_cfg      nrf_drv_gpiote.o
    0x00004300   0x00000022   Code   RO          475    i.nrf_gpio_cfg_sense_set  bsp.o
    0x00004322   0x00000022   Code   RO         2866    i.nrf_gpio_cfg_sense_set  nrf_drv_gpiote.o
    0x00004344   0x00000016   Code   RO          359    i.nrf_gpio_pin_write  boards.o
    0x0000435a   0x00000002   PAD
    0x0000435c   0x00000028   Code   RO         2867    i.nrf_gpio_ports_read  nrf_drv_gpiote.o
    0x00004384   0x00000014   Code   RO         2868    i.nrf_gpiote_event_clear  nrf_drv_gpiote.o
    0x00004398   0x00000010   Code   RO         2869    i.nrf_gpiote_event_is_set  nrf_drv_gpiote.o
    0x000043a8   0x0000000a   Code   RO         3102    i.nrf_uart_event_check  nrf_drv_uart.o
    0x000043b2   0x0000000c   Code   RO         3103    i.nrf_uart_event_clear  nrf_drv_uart.o
    0x000043be   0x0000000c   Code   RO         3104    i.nrf_uart_int_enable_check  nrf_drv_uart.o
    0x000043ca   0x0000000a   Code   RO         3105    i.nrf_uarte_event_check  nrf_drv_uart.o
    0x000043d4   0x0000000c   Code   RO         3106    i.nrf_uarte_event_clear  nrf_drv_uart.o
    0x000043e0   0x00000024   Code   RO           12    i.on_adv_evt        main.o
    0x00004404   0x000000b0   Code   RO           13    i.on_ble_evt        main.o
    0x000044b4   0x0000001c   Code   RO           14    i.on_conn_params_evt  main.o
    0x000044d0   0x00000062   Code   RO         1541    i.on_connected_evt  nrf_ble_gatt.o
    0x00004532   0x000000ae   Code   RO         1045    i.on_ctrlpt_write   ble_dfu.o
    0x000045e0   0x00000054   Code   RO         4080    i.on_operation_success  fstorage.o
    0x00004634   0x00000080   Code   RO         3800    i.op_enqueue        fds.o
    0x000046b4   0x00000012   Code   RO         3801    i.page_offsets_update  fds.o
    0x000046c6   0x00000002   PAD
    0x000046c8   0x00000064   Code   RO         3802    i.page_scan         fds.o
    0x0000472c   0x0000001c   Code   RO         3803    i.page_tag_write_data  fds.o
    0x00004748   0x00000024   Code   RO         3804    i.page_tag_write_swap  fds.o
    0x0000476c   0x000000f8   Code   RO         3805    i.pages_init        fds.o
    0x00004864   0x0000006c   Code   RO         2386    i.pairing_failure   security_dispatcher.o
    0x000048d0   0x0000003c   Code   RO         2499    i.params_reply_pending_process  security_manager.o
    0x0000490c   0x0000001c   Code   RO         1763    i.pdb_evt_send      peer_database.o
    0x00004928   0x00000050   Code   RO         1764    i.pdb_init          peer_database.o
    0x00004978   0x00000004   Code   RO         1766    i.pdb_next_deleted_peer_id_get  peer_database.o
    0x0000497c   0x00000004   Code   RO         1767    i.pdb_next_peer_id_get  peer_database.o
    0x00004980   0x00000130   Code   RO         1768    i.pdb_pds_evt_handler  peer_database.o
    0x00004ab0   0x00000004   Code   RO         1769    i.pdb_peer_allocate  peer_database.o
    0x00004ab4   0x00000006   Code   RO         1771    i.pdb_peer_data_ptr_get  peer_database.o
    0x00004aba   0x00000044   Code   RO         1772    i.pdb_peer_free     peer_database.o
    0x00004afe   0x00000008   Code   RO         1773    i.pdb_raw_store     peer_database.o
    0x00004b06   0x00000002   PAD
    0x00004b08   0x00000108   Code   RO         1774    i.pdb_write_buf_get  peer_database.o
    0x00004c10   0x00000028   Code   RO         1775    i.pdb_write_buf_release  peer_database.o
    0x00004c38   0x000000c4   Code   RO         1776    i.pdb_write_buf_store  peer_database.o
    0x00004cfc   0x00000068   Code   RO         1777    i.pdb_write_buf_store_prepare  peer_database.o
    0x00004d64   0x0000000c   Code   RO         1621    i.pds_evt_send      peer_data_storage.o
    0x00004d70   0x0000006c   Code   RO         1622    i.pds_init          peer_data_storage.o
    0x00004ddc   0x00000004   Code   RO         1623    i.pds_next_deleted_peer_id_get  peer_data_storage.o
    0x00004de0   0x00000004   Code   RO         1624    i.pds_next_peer_id_get  peer_data_storage.o
    0x00004de4   0x00000050   Code   RO         1627    i.pds_peer_data_iterate  peer_data_storage.o
    0x00004e34   0x00000010   Code   RO         1628    i.pds_peer_data_iterate_prepare  peer_data_storage.o
    0x00004e44   0x00000068   Code   RO         1629    i.pds_peer_data_read  peer_data_storage.o
    0x00004eac   0x000000a2   Code   RO         1630    i.pds_peer_data_store  peer_data_storage.o
    0x00004f4e   0x00000008   Code   RO         1631    i.pds_peer_id_allocate  peer_data_storage.o
    0x00004f56   0x00000016   Code   RO         1632    i.pds_peer_id_free  peer_data_storage.o
    0x00004f6c   0x00000004   Code   RO         1633    i.pds_peer_id_is_allocated  peer_data_storage.o
    0x00004f70   0x0000002e   Code   RO         1634    i.pds_space_reserve  peer_data_storage.o
    0x00004f9e   0x00000010   Code   RO         1635    i.pds_space_reserve_cancel  peer_data_storage.o
    0x00004fae   0x00000006   Code   RO         1778    i.peer_data_const_point_to_buffer  peer_database.o
    0x00004fb4   0x00000080   Code   RO         1636    i.peer_data_delete  peer_data_storage.o
    0x00005034   0x00000030   Code   RO         1637    i.peer_data_find    peer_data_storage.o
    0x00005064   0x00000020   Code   RO         1638    i.peer_data_id_is_valid  peer_data_storage.o
    0x00005084   0x0000001a   Code   RO         1779    i.peer_data_point_to_buffer  peer_database.o
    0x0000509e   0x00000002   PAD
    0x000050a0   0x0000000c   Code   RO         1928    i.peer_id_allocate  peer_id.o
    0x000050ac   0x00000024   Code   RO         1929    i.peer_id_delete    peer_id.o
    0x000050d0   0x0000001c   Code   RO         1930    i.peer_id_free      peer_id.o
    0x000050ec   0x0000000c   Code   RO         1931    i.peer_id_get_next_deleted  peer_id.o
    0x000050f8   0x00000030   Code   RO         1932    i.peer_id_get_next_used  peer_id.o
    0x00005128   0x00000028   Code   RO         1933    i.peer_id_init      peer_id.o
    0x00005150   0x00000014   Code   RO         1934    i.peer_id_is_allocated  peer_id.o
    0x00005164   0x00000014   Code   RO         1935    i.peer_id_is_deleted  peer_id.o
    0x00005178   0x0000001c   Code   RO         1367    i.peer_id_set       id_manager.o
    0x00005194   0x0000006c   Code   RO           15    i.peer_manager_init  main.o
    0x00005200   0x00000018   Code   RO         2870    i.pin_in_use_by_port  nrf_drv_gpiote.o
    0x00005218   0x00000018   Code   RO         2871    i.pin_in_use_by_te  nrf_drv_gpiote.o
    0x00005230   0x0000005c   Code   RO         2283    i.pm_buffer_block_acquire  pm_buffer.o
    0x0000528c   0x00000040   Code   RO         2284    i.pm_buffer_init    pm_buffer.o
    0x000052cc   0x00000028   Code   RO         2285    i.pm_buffer_ptr_get  pm_buffer.o
    0x000052f4   0x0000002e   Code   RO         2286    i.pm_buffer_release  pm_buffer.o
    0x00005322   0x00000004   Code   RO         2018    i.pm_conn_sec_config_reply  peer_manager.o
    0x00005326   0x0000005c   Code   RO           16    i.pm_evt_handler    main.o
    0x00005382   0x00000088   Code   RO         2022    i.pm_gcm_evt_handler  peer_manager.o
    0x0000540a   0x00000002   PAD
    0x0000540c   0x00000050   Code   RO         2025    i.pm_im_evt_handler  peer_manager.o
    0x0000545c   0x00000064   Code   RO         2026    i.pm_init           peer_manager.o
    0x000054c0   0x00000014   Code   RO         2028    i.pm_local_database_has_changed  peer_manager.o
    0x000054d4   0x0000000e   Code   RO         2326    i.pm_mutex_init     pm_mutex.o
    0x000054e2   0x0000001a   Code   RO         2327    i.pm_mutex_lock     pm_mutex.o
    0x000054fc   0x00000036   Code   RO         2328    i.pm_mutex_lock_first_available  pm_mutex.o
    0x00005532   0x00000018   Code   RO         2329    i.pm_mutex_lock_status_get  pm_mutex.o
    0x0000554a   0x0000003a   Code   RO         2330    i.pm_mutex_unlock   pm_mutex.o
    0x00005584   0x00000028   Code   RO         2030    i.pm_on_ble_evt     peer_manager.o
    0x000055ac   0x00000158   Code   RO         2031    i.pm_pdb_evt_handler  peer_manager.o
    0x00005704   0x00000014   Code   RO         2042    i.pm_peer_delete    peer_manager.o
    0x00005718   0x00000068   Code   RO         2047    i.pm_peers_delete   peer_manager.o
    0x00005780   0x0000002c   Code   RO         2050    i.pm_register       peer_manager.o
    0x000057ac   0x00000014   Code   RO         2052    i.pm_sec_params_set  peer_manager.o
    0x000057c0   0x00000160   Code   RO         2053    i.pm_sm_evt_handler  peer_manager.o
    0x00005920   0x0000002c   Code   RO         4081    i.queue_advance     fstorage.o
    0x0000594c   0x00000038   Code   RO         4082    i.queue_get_next_free  fstorage.o
    0x00005984   0x000000bc   Code   RO         3806    i.queue_process     fds.o
    0x00005a40   0x00000070   Code   RO         4083    i.queue_process     fstorage.o
    0x00005ab0   0x00000020   Code   RO         3807    i.queue_start       fds.o
    0x00005ad0   0x0000001c   Code   RO         4084    i.queue_start       fstorage.o
    0x00005aec   0x00000088   Code   RO         3808    i.record_find       fds.o
    0x00005b74   0x0000009c   Code   RO         3809    i.record_find_by_desc  fds.o
    0x00005c10   0x0000004c   Code   RO         3810    i.record_find_next  fds.o
    0x00005c5c   0x00000034   Code   RO         3811    i.record_header_flag_dirty  fds.o
    0x00005c90   0x00000014   Code   RO         1639    i.record_key_within_pm_range  peer_data_storage.o
    0x00005ca4   0x0000005c   Code   RO         3812    i.record_write_chunk  fds.o
    0x00005d00   0x00000010   Code   RO         1937    i.release           peer_id.o
    0x00005d10   0x0000003c   Code   RO         3520    i.rtc1_stop         app_timer.o
    0x00005d4c   0x00000032   Code   RO         3108    i.rx_byte           nrf_drv_uart.o
    0x00005d7e   0x00000018   Code   RO         3109    i.rx_done_event     nrf_drv_uart.o
    0x00005d96   0x00000002   PAD
    0x00005d98   0x00000070   Code   RO         4502    i.sd_nvic_EnableIRQ  softdevice_handler.o
    0x00005e08   0x00000044   Code   RO         4242    i.sdk_mapped_flags_bulk_update_by_key  sdk_mapped_flags.o
    0x00005e4c   0x00000022   Code   RO         4243    i.sdk_mapped_flags_first_key_index_get  sdk_mapped_flags.o
    0x00005e6e   0x00000010   Code   RO         4244    i.sdk_mapped_flags_get_by_index  sdk_mapped_flags.o
    0x00005e7e   0x00000026   Code   RO         4245    i.sdk_mapped_flags_get_by_key  sdk_mapped_flags.o
    0x00005ea4   0x0000004a   Code   RO         4246    i.sdk_mapped_flags_key_list_get  sdk_mapped_flags.o
    0x00005eee   0x0000000e   Code   RO         4248    i.sdk_mapped_flags_update_by_key  sdk_mapped_flags.o
    0x00005efc   0x000000b2   Code   RO         2387    i.sec_info_request_process  security_dispatcher.o
    0x00005fae   0x00000076   Code   RO         2500    i.sec_params_verify  security_manager.o
    0x00006024   0x00000054   Code   RO         2388    i.sec_proc_start    security_dispatcher.o
    0x00006078   0x00000020   Code   RO         2389    i.sec_start_send    security_dispatcher.o
    0x00006098   0x0000004c   Code   RO         4085    i.send_event        fstorage.o
    0x000060e4   0x00000058   Code   RO         1161    i.service_changed_pending_flags_check  gatt_cache_manager.o
    0x0000613c   0x00000044   Code   RO         1267    i.service_changed_pending_set  gatts_cache_manager.o
    0x00006180   0x00000094   Code   RO         1162    i.service_changed_send_in_evt  gatt_cache_manager.o
    0x00006214   0x00000088   Code   RO          681    i.service_data_encode  ble_advdata.o
    0x0000629c   0x00000048   Code   RO          761    i.set_adv_mode_fast  ble_advertising.o
    0x000062e4   0x00000044   Code   RO          762    i.set_adv_mode_slow  ble_advertising.o
    0x00006328   0x00000028   Code   RO           17    i.sleep_mode_enter  main.o
    0x00006350   0x00000018   Code   RO         2501    i.sm_ble_evt_handler  security_manager.o
    0x00006368   0x00000018   Code   RO         2502    i.sm_conn_sec_config_reply  security_manager.o
    0x00006380   0x00000050   Code   RO         2503    i.sm_init           security_manager.o
    0x000063d0   0x00000038   Code   RO         2506    i.sm_pdb_evt_handler  security_manager.o
    0x00006408   0x0000002c   Code   RO         2508    i.sm_sec_params_set  security_manager.o
    0x00006434   0x00000078   Code   RO         2509    i.sm_smd_evt_handler  security_manager.o
    0x000064ac   0x000000ec   Code   RO         2390    i.smd_ble_evt_handler  security_dispatcher.o
    0x00006598   0x0000003c   Code   RO         2391    i.smd_init          security_dispatcher.o
    0x000065d4   0x00000030   Code   RO         2392    i.smd_link_secure   security_dispatcher.o
    0x00006604   0x00000118   Code   RO         2393    i.smd_params_reply  security_dispatcher.o
    0x0000671c   0x00000088   Code   RO         2510    i.smd_params_reply_perform  security_manager.o
    0x000067a4   0x00000034   Code   RO         2394    i.smd_pdb_evt_handler  security_dispatcher.o
    0x000067d8   0x00000014   Code   RO         4503    i.softdevice_app_ram_start_get  softdevice_handler.o
    0x000067ec   0x00000014   Code   RO         4504    i.softdevice_ble_evt_handler_set  softdevice_handler.o
    0x00006800   0x0000000c   Code   RO         4505    i.softdevice_enable  softdevice_handler.o
    0x0000680c   0x00000004   Code   RO         4506    i.softdevice_fault_handler  softdevice_handler.o
    0x00006810   0x00000064   Code   RO         4507    i.softdevice_handler_init  softdevice_handler.o
    0x00006874   0x0000000c   Code   RO         4508    i.softdevice_handler_is_enabled  softdevice_handler.o
    0x00006880   0x00000014   Code   RO         4513    i.softdevice_sys_evt_handler_set  softdevice_handler.o
    0x00006894   0x00000012   Code   RO           18    i.sys_evt_dispatch  main.o
    0x000068a6   0x00000002   PAD
    0x000068a8   0x00000080   Code   RO         3521    i.timer_list_handler  app_timer.o
    0x00006928   0x0000003c   Code   RO         3522    i.timer_list_insert  app_timer.o
    0x00006964   0x00000060   Code   RO         3523    i.timer_list_remove  app_timer.o
    0x000069c4   0x00000048   Code   RO         3524    i.timer_stop_op_schedule  app_timer.o
    0x00006a0c   0x00000074   Code   RO         3525    i.timer_timeouts_check  app_timer.o
    0x00006a80   0x00000020   Code   RO         3111    i.tx_byte           nrf_drv_uart.o
    0x00006aa0   0x0000001c   Code   RO         3112    i.tx_done_event     nrf_drv_uart.o
    0x00006abc   0x0000011e   Code   RO         3113    i.uart_irq_handler  nrf_drv_uart.o
    0x00006bda   0x000000f0   Code   RO         3114    i.uarte_irq_handler  nrf_drv_uart.o
    0x00006cca   0x0000000a   Code   RO          682    i.uint16_encode     ble_advdata.o
    0x00006cd4   0x00000060   Code   RO          845    i.update_timeout_handler  ble_conn_params.o
    0x00006d34   0x00000018   Code   RO          926    i.user_flag_is_acquired  ble_conn_state.o
    0x00006d4c   0x00000030   Code   RO         3526    i.user_op_alloc     app_timer.o
    0x00006d7c   0x00000030   Code   RO          683    i.uuid_list_encode  ble_advdata.o
    0x00006dac   0x0000009e   Code   RO          684    i.uuid_list_sized_encode  ble_advdata.o
    0x00006e4a   0x00000024   Code   RO         1780    i.write_buf_length_words_set  peer_database.o
    0x00006e6e   0x00000024   Code   RO         1781    i.write_buffer_record_find  peer_database.o
    0x00006e92   0x00000002   PAD
    0x00006e94   0x0000002c   Code   RO         1782    i.write_buffer_record_find_next  peer_database.o
    0x00006ec0   0x0000001e   Code   RO         1783    i.write_buffer_record_invalidate  peer_database.o
    0x00006ede   0x00000002   PAD
    0x00006ee0   0x0000002c   Code   RO         1784    i.write_buffer_record_release  peer_database.o
    0x00006f0c   0x00000124   Code   RO         3813    i.write_enqueue     fds.o
    0x00007030   0x000000f0   Code   RO         3814    i.write_execute     fds.o
    0x00007120   0x00000014   Code   RO         3815    i.write_space_free  fds.o
    0x00007134   0x00000054   Code   RO         3816    i.write_space_reserve  fds.o
    0x00007188   0x00000004   Data   RO           20    .constdata          main.o
    0x0000718c   0x00000008   Data   RO          360    .constdata          boards.o
    0x00007194   0x0000002c   Data   RO          480    .constdata          bsp.o
    0x000071c0   0x00000004   Data   RO          848    .constdata          ble_conn_params.o
    0x000071c4   0x00000010   Data   RO         1046    .constdata          ble_dfu.o
    0x000071d4   0x00000004   Data   RO         1268    .constdata          gatts_cache_manager.o
    0x000071d8   0x00000010   Data   RO         1269    .constdata          gatts_cache_manager.o
    0x000071e8   0x00000004   Data   RO         1270    .constdata          gatts_cache_manager.o
    0x000071ec   0x00000008   Data   RO         1370    .constdata          id_manager.o
    0x000071f4   0x00000016   Data   RO         1542    .constdata          nrf_ble_gatt.o
    0x0000720a   0x00000002   PAD
    0x0000720c   0x00000004   Data   RO         1640    .constdata          peer_data_storage.o
    0x00007210   0x00000014   Data   RO         1786    .constdata          peer_database.o
    0x00007224   0x00000044   Data   RO         2396    .constdata          security_dispatcher.o
    0x00007268   0x00000004   Data   RO         2511    .constdata          security_manager.o
    0x0000726c   0x00000004   Data   RO         2873    .constdata          nrf_drv_gpiote.o
    0x00007270   0x00000008   Data   RO         3324    .constdata          app_button.o
    0x00007278   0x00000014   Data   RO         3818    .constdata          fds.o
    0x0000728c   0x00000020   Data   RO         4716    Region$$Table       anon$$obj.o


    Execution Region RW_IRAM1 (Base: 0x20000000, Size: 0x00002bb8, Max: 0x00010000, ABSOLUTE)

    Base Addr    Size         Type   Attr      Idx    E Section Name        Object

    0x20000000   0x00000006   Data   RW           21    .data               main.o
    0x20000006   0x00000002   PAD
    0x20000008   0x00000010   Data   RW          481    .data               bsp.o
    0x20000018   0x00000008   Data   RW          585    .data               bsp_btn_ble.o
    0x20000020   0x0000001f   Data   RW          764    .data               ble_advertising.o
    0x2000003f   0x00000001   PAD
    0x20000040   0x00000014   Data   RW          849    .data               ble_conn_params.o
    0x20000054   0x0000000c   Data   RW         1163    .data               gatt_cache_manager.o
    0x20000060   0x0000000c   Data   RW         1271    .data               gatts_cache_manager.o
    0x2000006c   0x00000003   Data   RW         1371    .data               id_manager.o
    0x2000006f   0x00000001   PAD
    0x20000070   0x0000000c   Data   RW         1641    .data               peer_data_storage.o
    0x2000007c   0x00000008   Data   RW         1787    .data               peer_database.o
    0x20000084   0x00000010   Data   RW         2058    .data               peer_manager.o
    0x20000094   0x00000004   Data   RW         2397    .data               security_dispatcher.o
    0x20000098   0x00000015   Data   RW         2512    .data               security_manager.o
    0x200000ad   0x00000003   PAD
    0x200000b0   0x00000014   Data   RW         3325    .data               app_button.o
    0x200000c4   0x00000014   Data   RW         3528    .data               app_timer.o
    0x200000d8   0x00000018   Data   RW         3819    .data               fds.o
    0x200000f0   0x00000002   Data   RW         4087    .data               fstorage.o
    0x200000f2   0x00000002   PAD
    0x200000f4   0x00000014   Data   RW         4514    .data               softdevice_handler.o
    0x20000108   0x00000004   Data   RW         4648    .data               system_nrf52.o
    0x2000010c   0x00000010   Data   RW         3820    fs_data             fds.o
    0x2000011c   0x00000084   Zero   RW           19    .bss                main.o
    0x200001a0   0x00000020   Zero   RW          476    .bss                bsp.o
    0x200001c0   0x00000020   Zero   RW          477    .bss                bsp.o
    0x200001e0   0x0000000c   Zero   RW          478    .bss                bsp.o
    0x200001ec   0x00000020   Zero   RW          479    .bss                bsp.o
    0x2000020c   0x000000b3   Zero   RW          763    .bss                ble_advertising.o
    0x200002bf   0x00000001   PAD
    0x200002c0   0x00000020   Zero   RW          846    .bss                ble_conn_params.o
    0x200002e0   0x0000001c   Zero   RW          847    .bss                ble_conn_params.o
    0x200002fc   0x000000b8   Zero   RW          927    .bss                ble_conn_state.o
    0x200003b4   0x00000100   Zero   RW         1369    .bss                id_manager.o
    0x200004b4   0x00000330   Zero   RW         1785    .bss                peer_database.o
    0x200007e4   0x00000040   Zero   RW         1938    .bss                peer_id.o
    0x20000824   0x0000000c   Zero   RW         2056    .bss                peer_manager.o
    0x20000830   0x00000040   Zero   RW         2395    .bss                security_dispatcher.o
    0x20000870   0x00000014   Zero   RW         2642    .bss                nrf_drv_clock.o
    0x20000884   0x00000058   Zero   RW         2872    .bss                nrf_drv_gpiote.o
    0x200008dc   0x00000020   Zero   RW         3115    .bss                nrf_drv_uart.o
    0x200008fc   0x00000020   Zero   RW         3323    .bss                app_button.o
    0x2000091c   0x0000010c   Zero   RW         3527    .bss                app_timer.o
    0x20000a28   0x0000000c   Zero   RW         3676    .bss                app_util_platform.o
    0x20000a34   0x0000011c   Zero   RW         3817    .bss                fds.o
    0x20000b50   0x00000068   Zero   RW         4086    .bss                fstorage.o
    0x20000bb8   0x00002000   Zero   RW         4636    STACK               arm_startup_nrf52.o


==============================================================================

Image component sizes


      Code (inc. data)   RO Data    RW Data    ZI Data      Debug   Object Name

       332         34          8         20         32      10018   app_button.o
        22          0          0          0          0       2209   app_error.o
        36         10          0          0          0      27325   app_error_weak.o
         0          0          0          0          0      20744   app_scheduler.o
      1630        122          0         20        268      47331   app_timer.o
       124         14          0          0         12       9366   app_util_platform.o
        36          8        512          0       8192        908   arm_startup_nrf52.o
      1330          0          0          0          0      35392   ble_advdata.o
       980         66          0         31        179       9953   ble_advertising.o
       436         54          4         20         60       5724   ble_conn_params.o
       552         52          0          0        184       9861   ble_conn_state.o
       794         12         16          0          0      33495   ble_dfu.o
        16          0          0          0          0       2122   ble_srv_common.o
       318         42          8          0          0      13100   boards.o
       960         84         44         16        108      15139   bsp.o
       252         10          0          8          0       4861   bsp_btn_ble.o
      3612        332         20         40        284      46094   fds.o
       976         74          0          2        104      12939   fstorage.o
      1046         52          0         12          0      15864   gatt_cache_manager.o
       532         36         24         12          0       9419   gatts_cache_manager.o
      1154         56          8          3        256      20289   id_manager.o
      1214        102          4          6        132     155195   main.o
       522          6         22          0          0      30370   nrf_ble_gatt.o
       288         22          0          0         20      12580   nrf_drv_clock.o
        56          0          0          0          0      27531   nrf_drv_common.o
      1178         84          4          0         88      29936   nrf_drv_gpiote.o
       744          8          0          0         32      24076   nrf_drv_uart.o
      1082         42          4         12          0      17304   peer_data_storage.o
      1332         66         20          8        816      23307   peer_database.o
       336         38          0          0         64       8879   peer_id.o
      1308        102          0         16         12      13388   peer_manager.o
       242          0          0          0          0       4375   pm_buffer.o
       226          0          0          0          0       5245   pm_mutex.o
       244          0          0          0          0       6220   sdk_mapped_flags.o
      1862         64         68          4         64      20764   security_dispatcher.o
      1076         74          4         21          0      16748   security_manager.o
       536         52          0         20          0      43168   softdevice_handler.o
       764         64          0          4          0       2899   system_nrf52.o

    ----------------------------------------------------------------------
     28204       1782        804        284      10908     794138   Object Totals
         0          0         32          0          0          0   (incl. Generated)
        56          0          2          9          1          0   (incl. Padding)

    ----------------------------------------------------------------------

      Code (inc. data)   RO Data    RW Data    ZI Data      Debug   Library Member Name

         0          0          0          0          0          0   entry.o
         0          0          0          0          0          0   entry10a.o
         0          0          0          0          0          0   entry11a.o
         8          4          0          0          0          0   entry2.o
         4          0          0          0          0          0   entry5.o
         0          0          0          0          0          0   entry7b.o
         0          0          0          0          0          0   entry8b.o
         8          4          0          0          0          0   entry9a.o
        30          0          0          0          0          0   handlers.o
        36          8          0          0          0         68   init.o
        30          0          0          0          0         68   llshl.o
        32          0          0          0          0         68   llushr.o
        26          0          0          0          0         80   memcmp.o
        36          0          0          0          0         68   memcpya.o
        36          0          0          0          0        108   memseta.o
        98          0          0          0          0         92   uldiv.o

    ----------------------------------------------------------------------
       348         16          0          0          0        552   Library Totals
         4          0          0          0          0          0   (incl. Padding)

    ----------------------------------------------------------------------

      Code (inc. data)   RO Data    RW Data    ZI Data      Debug   Library Name

       344         16          0          0          0        552   mc_w.l

    ----------------------------------------------------------------------
       348         16          0          0          0        552   Library Totals

    ----------------------------------------------------------------------

==============================================================================


      Code (inc. data)   RO Data    RW Data    ZI Data      Debug   

     28552       1798        804        284      10908     757486   Grand Totals
     28552       1798        804        284      10908     757486   ELF Image Totals
     28552       1798        804        284          0          0   ROM Totals

==============================================================================

    Total RO  Size (Code + RO Data)                29356 (  28.67kB)
    Total RW  Size (RW Data + ZI Data)             11192 (  10.93kB)
    Total ROM Size (Code + RO Data + RW Data)      29640 (  28.95kB)

==============================================================================

